running egg_info
creating ../../build/turtlebot3_auto/turtlebot3_auto.egg-info
writing ../../build/turtlebot3_auto/turtlebot3_auto.egg-info/PKG-INFO
writing dependency_links to ../../build/turtlebot3_auto/turtlebot3_auto.egg-info/dependency_links.txt
writing requirements to ../../build/turtlebot3_auto/turtlebot3_auto.egg-info/requires.txt
writing top-level names to ../../build/turtlebot3_auto/turtlebot3_auto.egg-info/top_level.txt
writing manifest file '../../build/turtlebot3_auto/turtlebot3_auto.egg-info/SOURCES.txt'
reading manifest file '../../build/turtlebot3_auto/turtlebot3_auto.egg-info/SOURCES.txt'
writing manifest file '../../build/turtlebot3_auto/turtlebot3_auto.egg-info/SOURCES.txt'
running build
running build_py
creating /home/abhi169/autobot_ws/build/turtlebot3_auto/build
creating /home/abhi169/autobot_ws/build/turtlebot3_auto/build/lib
creating /home/abhi169/autobot_ws/build/turtlebot3_auto/build/lib/turtlebot3_auto
copying turtlebot3_auto/__init__.py -> /home/abhi169/autobot_ws/build/turtlebot3_auto/build/lib/turtlebot3_auto
running install
running install_lib
creating /home/abhi169/autobot_ws/install/turtlebot3_auto/lib/python3.12/site-packages/turtlebot3_auto
copying /home/abhi169/autobot_ws/build/turtlebot3_auto/build/lib/turtlebot3_auto/__init__.py -> /home/abhi169/autobot_ws/install/turtlebot3_auto/lib/python3.12/site-packages/turtlebot3_auto
byte-compiling /home/abhi169/autobot_ws/install/turtlebot3_auto/lib/python3.12/site-packages/turtlebot3_auto/__init__.py to __init__.cpython-312.pyc
running install_data
creating /home/abhi169/autobot_ws/install/turtlebot3_auto/share/ament_index
creating /home/abhi169/autobot_ws/install/turtlebot3_auto/share/ament_index/resource_index
creating /home/abhi169/autobot_ws/install/turtlebot3_auto/share/ament_index/resource_index/packages
copying resource/turtlebot3_auto -> /home/abhi169/autobot_ws/install/turtlebot3_auto/share/ament_index/resource_index/packages
copying package.xml -> /home/abhi169/autobot_ws/install/turtlebot3_auto/share/turtlebot3_auto
running install_egg_info
Copying ../../build/turtlebot3_auto/turtlebot3_auto.egg-info to /home/abhi169/autobot_ws/install/turtlebot3_auto/lib/python3.12/site-packages/turtlebot3_auto-0.0.0-py3.12.egg-info
running install_scripts
writing list of installed files to '/home/abhi169/autobot_ws/build/turtlebot3_auto/install.log'
