[0.039s] Invoking command in '/home/abhi169/autobot_ws/build/dynamixel_sdk_examples': AMENT_PREFIX_PATH=/home/abhi169/autobot_ws/install/dynamixel_sdk_custom_interfaces:/home/abhi169/autobot_ws/install/dynamixel_sdk:${AMENT_PREFIX_PATH} CMAKE_PREFIX_PATH=/home/abhi169/autobot_ws/install/dynamixel_sdk_custom_interfaces:/home/abhi169/autobot_ws/install/dynamixel_sdk:/opt/ros/jazzy/opt/gz_sim_vendor:/opt/ros/jazzy/opt/gz_sensors_vendor:/opt/ros/jazzy/opt/gz_physics_vendor:/opt/ros/jazzy/opt/sdformat_vendor:/opt/ros/jazzy/opt/gz_gui_vendor:/opt/ros/jazzy/opt/gz_transport_vendor:/opt/ros/jazzy/opt/gz_rendering_vendor:/opt/ros/jazzy/opt/gz_plugin_vendor:/opt/ros/jazzy/opt/gz_fuel_tools_vendor:/opt/ros/jazzy/opt/gz_msgs_vendor:/opt/ros/jazzy/opt/gz_common_vendor:/opt/ros/jazzy/opt/gz_math_vendor:/opt/ros/jazzy/opt/gz_utils_vendor:/opt/ros/jazzy/opt/gz_tools_vendor:/opt/ros/jazzy/opt/gz_ogre_next_vendor:/opt/ros/jazzy/opt/gz_dartsim_vendor:/opt/ros/jazzy/opt/gz_cmake_vendor:/opt/ros/jazzy DEBUGINFOD_URLS=https://debuginfod.ubuntu.com LD_LIBRARY_PATH=/home/abhi169/autobot_ws/install/dynamixel_sdk_custom_interfaces/lib:/home/abhi169/autobot_ws/install/dynamixel_sdk/lib:${LD_LIBRARY_PATH} PYTHONPATH=/home/abhi169/autobot_ws/install/dynamixel_sdk_custom_interfaces/lib/python3.12/site-packages:/home/abhi169/autobot_ws/install/dynamixel_sdk/lib/python3.12/site-packages:${PYTHONPATH} /usr/bin/cmake /home/abhi169/autobot_ws/src/DynamixelSDK/ros/dynamixel_sdk_examples -DAMENT_CMAKE_SYMLINK_INSTALL=1 -DCMAKE_INSTALL_PREFIX=/home/abhi169/autobot_ws/install/dynamixel_sdk_examples
[0.157s] -- The C compiler identification is GNU 13.3.0
[0.270s] -- The CXX compiler identification is GNU 13.3.0
[0.316s] -- Detecting C compiler ABI info
[0.518s] -- Detecting C compiler ABI info - done
[0.552s] -- Check for working C compiler: /usr/bin/cc - skipped
[0.552s] -- Detecting C compile features
[0.553s] -- Detecting C compile features - done
[0.596s] -- Detecting CXX compiler ABI info
[0.962s] -- Detecting CXX compiler ABI info - done
[0.998s] -- Check for working CXX compiler: /usr/bin/c++ - skipped
[0.999s] -- Detecting CXX compile features
[1.000s] -- Detecting CXX compile features - done
[1.013s] -- Found ament_cmake: 2.5.3 (/opt/ros/jazzy/share/ament_cmake/cmake)
[1.418s] -- Found Python3: /usr/bin/python3 (found version "3.12.3") found components: Interpreter 
[1.584s] -- Override CMake install command with custom implementation using symlinks instead of copying resources
[1.671s] -- Found dynamixel_sdk: 3.8.3 (/home/abhi169/autobot_ws/install/dynamixel_sdk/share/dynamixel_sdk/cmake)
[1.674s] -- Found dynamixel_sdk_custom_interfaces: 3.8.3 (/home/abhi169/autobot_ws/install/dynamixel_sdk_custom_interfaces/share/dynamixel_sdk_custom_interfaces/cmake)
[1.768s] -- Found rosidl_generator_c: 4.6.5 (/opt/ros/jazzy/share/rosidl_generator_c/cmake)
[1.802s] -- Found rosidl_generator_cpp: 4.6.5 (/opt/ros/jazzy/share/rosidl_generator_cpp/cmake)
[1.842s] -- Using all available rosidl_typesupport_c: rosidl_typesupport_fastrtps_c;rosidl_typesupport_introspection_c
[1.892s] -- Using all available rosidl_typesupport_cpp: rosidl_typesupport_fastrtps_cpp;rosidl_typesupport_introspection_cpp
[2.016s] -- Found rclcpp: 28.1.8 (/opt/ros/jazzy/share/rclcpp/cmake)
[2.251s] -- Found rmw_implementation_cmake: 7.3.2 (/opt/ros/jazzy/share/rmw_implementation_cmake/cmake)
[2.268s] -- Found rmw_fastrtps_cpp: 8.4.2 (/opt/ros/jazzy/share/rmw_fastrtps_cpp/cmake)
[2.490s] -- Found OpenSSL: /usr/lib/x86_64-linux-gnu/libcrypto.so (found version "3.0.13")  
[2.535s] -- Found FastRTPS: /opt/ros/jazzy/include (Required is at least version "2.13") 
[2.581s] -- Using RMW implementation 'rmw_fastrtps_cpp' as default
[2.751s] -- Found rclpy: 7.1.4 (/opt/ros/jazzy/share/rclpy/cmake)
[2.759s] -- Found ament_lint_auto: 0.17.2 (/opt/ros/jazzy/share/ament_lint_auto/cmake)
[2.929s] -- Added test 'copyright' to check source files copyright and LICENSE
[2.931s] -- Added test 'cppcheck' to perform static code analysis on C / C++ code
[2.931s] -- Configured cppcheck include dirs: /home/abhi169/autobot_ws/src/DynamixelSDK/ros/dynamixel_sdk_examples/include
[2.931s] -- Configured cppcheck exclude dirs and/or files: 
[2.932s] -- Added test 'cpplint' to check C / C++ code against the Google style
[2.932s] -- Configured cpplint exclude dirs and/or files: 
[2.933s] -- Added test 'flake8' to check Python code syntax and style conventions
[2.933s] -- Configured 'flake8' exclude dirs and/or files: 
[2.934s] -- Added test 'lint_cmake' to check CMake code style
[2.935s] -- Added test 'pep257' to check Python code against some of the docstring style conventions in PEP 257
[2.936s] -- Added test 'uncrustify' to check C / C++ code style
[2.936s] -- Configured uncrustify additional arguments: 
[2.937s] -- Added test 'xmllint' to check XML markup files
[2.940s] -- Configuring done (2.9s)
[2.950s] -- Generating done (0.0s)
[2.954s] -- Build files have been written to: /home/abhi169/autobot_ws/build/dynamixel_sdk_examples
[2.967s] Invoked command in '/home/abhi169/autobot_ws/build/dynamixel_sdk_examples' returned '0': AMENT_PREFIX_PATH=/home/abhi169/autobot_ws/install/dynamixel_sdk_custom_interfaces:/home/abhi169/autobot_ws/install/dynamixel_sdk:${AMENT_PREFIX_PATH} CMAKE_PREFIX_PATH=/home/abhi169/autobot_ws/install/dynamixel_sdk_custom_interfaces:/home/abhi169/autobot_ws/install/dynamixel_sdk:/opt/ros/jazzy/opt/gz_sim_vendor:/opt/ros/jazzy/opt/gz_sensors_vendor:/opt/ros/jazzy/opt/gz_physics_vendor:/opt/ros/jazzy/opt/sdformat_vendor:/opt/ros/jazzy/opt/gz_gui_vendor:/opt/ros/jazzy/opt/gz_transport_vendor:/opt/ros/jazzy/opt/gz_rendering_vendor:/opt/ros/jazzy/opt/gz_plugin_vendor:/opt/ros/jazzy/opt/gz_fuel_tools_vendor:/opt/ros/jazzy/opt/gz_msgs_vendor:/opt/ros/jazzy/opt/gz_common_vendor:/opt/ros/jazzy/opt/gz_math_vendor:/opt/ros/jazzy/opt/gz_utils_vendor:/opt/ros/jazzy/opt/gz_tools_vendor:/opt/ros/jazzy/opt/gz_ogre_next_vendor:/opt/ros/jazzy/opt/gz_dartsim_vendor:/opt/ros/jazzy/opt/gz_cmake_vendor:/opt/ros/jazzy DEBUGINFOD_URLS=https://debuginfod.ubuntu.com LD_LIBRARY_PATH=/home/abhi169/autobot_ws/install/dynamixel_sdk_custom_interfaces/lib:/home/abhi169/autobot_ws/install/dynamixel_sdk/lib:${LD_LIBRARY_PATH} PYTHONPATH=/home/abhi169/autobot_ws/install/dynamixel_sdk_custom_interfaces/lib/python3.12/site-packages:/home/abhi169/autobot_ws/install/dynamixel_sdk/lib/python3.12/site-packages:${PYTHONPATH} /usr/bin/cmake /home/abhi169/autobot_ws/src/DynamixelSDK/ros/dynamixel_sdk_examples -DAMENT_CMAKE_SYMLINK_INSTALL=1 -DCMAKE_INSTALL_PREFIX=/home/abhi169/autobot_ws/install/dynamixel_sdk_examples
[2.969s] Invoking command in '/home/abhi169/autobot_ws/build/dynamixel_sdk_examples': AMENT_PREFIX_PATH=/home/abhi169/autobot_ws/install/dynamixel_sdk_custom_interfaces:/home/abhi169/autobot_ws/install/dynamixel_sdk:${AMENT_PREFIX_PATH} CMAKE_PREFIX_PATH=/home/abhi169/autobot_ws/install/dynamixel_sdk_custom_interfaces:/home/abhi169/autobot_ws/install/dynamixel_sdk:/opt/ros/jazzy/opt/gz_sim_vendor:/opt/ros/jazzy/opt/gz_sensors_vendor:/opt/ros/jazzy/opt/gz_physics_vendor:/opt/ros/jazzy/opt/sdformat_vendor:/opt/ros/jazzy/opt/gz_gui_vendor:/opt/ros/jazzy/opt/gz_transport_vendor:/opt/ros/jazzy/opt/gz_rendering_vendor:/opt/ros/jazzy/opt/gz_plugin_vendor:/opt/ros/jazzy/opt/gz_fuel_tools_vendor:/opt/ros/jazzy/opt/gz_msgs_vendor:/opt/ros/jazzy/opt/gz_common_vendor:/opt/ros/jazzy/opt/gz_math_vendor:/opt/ros/jazzy/opt/gz_utils_vendor:/opt/ros/jazzy/opt/gz_tools_vendor:/opt/ros/jazzy/opt/gz_ogre_next_vendor:/opt/ros/jazzy/opt/gz_dartsim_vendor:/opt/ros/jazzy/opt/gz_cmake_vendor:/opt/ros/jazzy DEBUGINFOD_URLS=https://debuginfod.ubuntu.com LD_LIBRARY_PATH=/home/abhi169/autobot_ws/install/dynamixel_sdk_custom_interfaces/lib:/home/abhi169/autobot_ws/install/dynamixel_sdk/lib:${LD_LIBRARY_PATH} PYTHONPATH=/home/abhi169/autobot_ws/install/dynamixel_sdk_custom_interfaces/lib/python3.12/site-packages:/home/abhi169/autobot_ws/install/dynamixel_sdk/lib/python3.12/site-packages:${PYTHONPATH} /usr/bin/cmake --build /home/abhi169/autobot_ws/build/dynamixel_sdk_examples -- -j8 -l8
[3.050s] [ 50%] [32mBuilding CXX object CMakeFiles/read_write_node.dir/src/read_write_node.cpp.o[0m
[13.478s] [100%] [32m[1mLinking CXX executable read_write_node[0m
[14.669s] [100%] Built target read_write_node
[14.690s] Invoked command in '/home/abhi169/autobot_ws/build/dynamixel_sdk_examples' returned '0': AMENT_PREFIX_PATH=/home/abhi169/autobot_ws/install/dynamixel_sdk_custom_interfaces:/home/abhi169/autobot_ws/install/dynamixel_sdk:${AMENT_PREFIX_PATH} CMAKE_PREFIX_PATH=/home/abhi169/autobot_ws/install/dynamixel_sdk_custom_interfaces:/home/abhi169/autobot_ws/install/dynamixel_sdk:/opt/ros/jazzy/opt/gz_sim_vendor:/opt/ros/jazzy/opt/gz_sensors_vendor:/opt/ros/jazzy/opt/gz_physics_vendor:/opt/ros/jazzy/opt/sdformat_vendor:/opt/ros/jazzy/opt/gz_gui_vendor:/opt/ros/jazzy/opt/gz_transport_vendor:/opt/ros/jazzy/opt/gz_rendering_vendor:/opt/ros/jazzy/opt/gz_plugin_vendor:/opt/ros/jazzy/opt/gz_fuel_tools_vendor:/opt/ros/jazzy/opt/gz_msgs_vendor:/opt/ros/jazzy/opt/gz_common_vendor:/opt/ros/jazzy/opt/gz_math_vendor:/opt/ros/jazzy/opt/gz_utils_vendor:/opt/ros/jazzy/opt/gz_tools_vendor:/opt/ros/jazzy/opt/gz_ogre_next_vendor:/opt/ros/jazzy/opt/gz_dartsim_vendor:/opt/ros/jazzy/opt/gz_cmake_vendor:/opt/ros/jazzy DEBUGINFOD_URLS=https://debuginfod.ubuntu.com LD_LIBRARY_PATH=/home/abhi169/autobot_ws/install/dynamixel_sdk_custom_interfaces/lib:/home/abhi169/autobot_ws/install/dynamixel_sdk/lib:${LD_LIBRARY_PATH} PYTHONPATH=/home/abhi169/autobot_ws/install/dynamixel_sdk_custom_interfaces/lib/python3.12/site-packages:/home/abhi169/autobot_ws/install/dynamixel_sdk/lib/python3.12/site-packages:${PYTHONPATH} /usr/bin/cmake --build /home/abhi169/autobot_ws/build/dynamixel_sdk_examples -- -j8 -l8
[14.701s] Invoking command in '/home/abhi169/autobot_ws/build/dynamixel_sdk_examples': AMENT_PREFIX_PATH=/home/abhi169/autobot_ws/install/dynamixel_sdk_custom_interfaces:/home/abhi169/autobot_ws/install/dynamixel_sdk:${AMENT_PREFIX_PATH} CMAKE_PREFIX_PATH=/home/abhi169/autobot_ws/install/dynamixel_sdk_custom_interfaces:/home/abhi169/autobot_ws/install/dynamixel_sdk:/opt/ros/jazzy/opt/gz_sim_vendor:/opt/ros/jazzy/opt/gz_sensors_vendor:/opt/ros/jazzy/opt/gz_physics_vendor:/opt/ros/jazzy/opt/sdformat_vendor:/opt/ros/jazzy/opt/gz_gui_vendor:/opt/ros/jazzy/opt/gz_transport_vendor:/opt/ros/jazzy/opt/gz_rendering_vendor:/opt/ros/jazzy/opt/gz_plugin_vendor:/opt/ros/jazzy/opt/gz_fuel_tools_vendor:/opt/ros/jazzy/opt/gz_msgs_vendor:/opt/ros/jazzy/opt/gz_common_vendor:/opt/ros/jazzy/opt/gz_math_vendor:/opt/ros/jazzy/opt/gz_utils_vendor:/opt/ros/jazzy/opt/gz_tools_vendor:/opt/ros/jazzy/opt/gz_ogre_next_vendor:/opt/ros/jazzy/opt/gz_dartsim_vendor:/opt/ros/jazzy/opt/gz_cmake_vendor:/opt/ros/jazzy DEBUGINFOD_URLS=https://debuginfod.ubuntu.com LD_LIBRARY_PATH=/home/abhi169/autobot_ws/install/dynamixel_sdk_custom_interfaces/lib:/home/abhi169/autobot_ws/install/dynamixel_sdk/lib:${LD_LIBRARY_PATH} PYTHONPATH=/home/abhi169/autobot_ws/install/dynamixel_sdk_custom_interfaces/lib/python3.12/site-packages:/home/abhi169/autobot_ws/install/dynamixel_sdk/lib/python3.12/site-packages:${PYTHONPATH} /usr/bin/cmake --install /home/abhi169/autobot_ws/build/dynamixel_sdk_examples
[14.720s] -- Install configuration: ""
[14.721s] -- Execute custom install script
[14.721s] -- Symlinking: /home/abhi169/autobot_ws/install/dynamixel_sdk_examples/lib/dynamixel_sdk_examples/read_write_node
[14.754s] -- Symlinking: /home/abhi169/autobot_ws/install/dynamixel_sdk_examples/lib/dynamixel_sdk_examples/read_write_node.py
[14.786s] -- Symlinking: /home/abhi169/autobot_ws/install/dynamixel_sdk_examples/share/ament_index/resource_index/package_run_dependencies/dynamixel_sdk_examples
[14.821s] -- Symlinking: /home/abhi169/autobot_ws/install/dynamixel_sdk_examples/share/ament_index/resource_index/parent_prefix_path/dynamixel_sdk_examples
[14.856s] -- Symlinking: /home/abhi169/autobot_ws/install/dynamixel_sdk_examples/share/dynamixel_sdk_examples/environment/ament_prefix_path.sh
[14.890s] -- Symlinking: /home/abhi169/autobot_ws/install/dynamixel_sdk_examples/share/dynamixel_sdk_examples/environment/ament_prefix_path.dsv
[14.928s] -- Symlinking: /home/abhi169/autobot_ws/install/dynamixel_sdk_examples/share/dynamixel_sdk_examples/environment/path.sh
[14.964s] -- Symlinking: /home/abhi169/autobot_ws/install/dynamixel_sdk_examples/share/dynamixel_sdk_examples/environment/path.dsv
[15.003s] -- Symlinking: /home/abhi169/autobot_ws/install/dynamixel_sdk_examples/share/dynamixel_sdk_examples/local_setup.bash
[15.038s] -- Symlinking: /home/abhi169/autobot_ws/install/dynamixel_sdk_examples/share/dynamixel_sdk_examples/local_setup.sh
[15.076s] -- Symlinking: /home/abhi169/autobot_ws/install/dynamixel_sdk_examples/share/dynamixel_sdk_examples/local_setup.zsh
[15.120s] -- Symlinking: /home/abhi169/autobot_ws/install/dynamixel_sdk_examples/share/dynamixel_sdk_examples/local_setup.dsv
[15.155s] -- Symlinking: /home/abhi169/autobot_ws/install/dynamixel_sdk_examples/share/dynamixel_sdk_examples/package.dsv
[15.191s] -- Symlinking: /home/abhi169/autobot_ws/install/dynamixel_sdk_examples/share/ament_index/resource_index/packages/dynamixel_sdk_examples
[15.228s] -- Symlinking: /home/abhi169/autobot_ws/install/dynamixel_sdk_examples/share/dynamixel_sdk_examples/cmake/dynamixel_sdk_examplesConfig.cmake
[15.265s] -- Symlinking: /home/abhi169/autobot_ws/install/dynamixel_sdk_examples/share/dynamixel_sdk_examples/cmake/dynamixel_sdk_examplesConfig-version.cmake
[15.304s] -- Symlinking: /home/abhi169/autobot_ws/install/dynamixel_sdk_examples/share/dynamixel_sdk_examples/package.xml
[15.343s] Invoked command in '/home/abhi169/autobot_ws/build/dynamixel_sdk_examples' returned '0': AMENT_PREFIX_PATH=/home/abhi169/autobot_ws/install/dynamixel_sdk_custom_interfaces:/home/abhi169/autobot_ws/install/dynamixel_sdk:${AMENT_PREFIX_PATH} CMAKE_PREFIX_PATH=/home/abhi169/autobot_ws/install/dynamixel_sdk_custom_interfaces:/home/abhi169/autobot_ws/install/dynamixel_sdk:/opt/ros/jazzy/opt/gz_sim_vendor:/opt/ros/jazzy/opt/gz_sensors_vendor:/opt/ros/jazzy/opt/gz_physics_vendor:/opt/ros/jazzy/opt/sdformat_vendor:/opt/ros/jazzy/opt/gz_gui_vendor:/opt/ros/jazzy/opt/gz_transport_vendor:/opt/ros/jazzy/opt/gz_rendering_vendor:/opt/ros/jazzy/opt/gz_plugin_vendor:/opt/ros/jazzy/opt/gz_fuel_tools_vendor:/opt/ros/jazzy/opt/gz_msgs_vendor:/opt/ros/jazzy/opt/gz_common_vendor:/opt/ros/jazzy/opt/gz_math_vendor:/opt/ros/jazzy/opt/gz_utils_vendor:/opt/ros/jazzy/opt/gz_tools_vendor:/opt/ros/jazzy/opt/gz_ogre_next_vendor:/opt/ros/jazzy/opt/gz_dartsim_vendor:/opt/ros/jazzy/opt/gz_cmake_vendor:/opt/ros/jazzy DEBUGINFOD_URLS=https://debuginfod.ubuntu.com LD_LIBRARY_PATH=/home/abhi169/autobot_ws/install/dynamixel_sdk_custom_interfaces/lib:/home/abhi169/autobot_ws/install/dynamixel_sdk/lib:${LD_LIBRARY_PATH} PYTHONPATH=/home/abhi169/autobot_ws/install/dynamixel_sdk_custom_interfaces/lib/python3.12/site-packages:/home/abhi169/autobot_ws/install/dynamixel_sdk/lib/python3.12/site-packages:${PYTHONPATH} /usr/bin/cmake --install /home/abhi169/autobot_ws/build/dynamixel_sdk_examples
