[0.946s] Invoking command in '/home/abhi169/autobot_ws/build/turtlebot3_example': AMENT_PREFIX_PATH=/home/abhi169/autobot_ws/install/turtlebot3_msgs:${AMENT_PREFIX_PATH} CMAKE_PREFIX_PATH=/home/abhi169/autobot_ws/install/turtlebot3_msgs:${CMAKE_PREFIX_PATH} DEBUGINFOD_URLS=https://debuginfod.ubuntu.com LD_LIBRARY_PATH=/home/abhi169/autobot_ws/install/turtlebot3_msgs/lib:${LD_LIBRARY_PATH} PYTHONPATH=/home/abhi169/autobot_ws/build/turtlebot3_example/prefix_override:/usr/lib/python3/dist-packages/colcon_core/task/python/colcon_distutils_commands:/home/abhi169/autobot_ws/install/turtlebot3_example/lib/python3.12/site-packages:/home/abhi169/autobot_ws/install/turtlebot3_msgs/lib/python3.12/site-packages:${PYTHONPATH} /usr/bin/python3 -W ignore:setup.py install is deprecated -W ignore:easy_install command is deprecated setup.py develop --uninstall --editable --build-directory /home/abhi169/autobot_ws/build/turtlebot3_example/build
[1.271s] running develop
[1.504s] Removing /home/abhi169/autobot_ws/install/turtlebot3_example/lib/python3.12/site-packages/turtlebot3-example.egg-link (link to .)
[1.577s] Invoked command in '/home/abhi169/autobot_ws/build/turtlebot3_example' returned '0': AMENT_PREFIX_PATH=/home/abhi169/autobot_ws/install/turtlebot3_msgs:${AMENT_PREFIX_PATH} CMAKE_PREFIX_PATH=/home/abhi169/autobot_ws/install/turtlebot3_msgs:${CMAKE_PREFIX_PATH} DEBUGINFOD_URLS=https://debuginfod.ubuntu.com LD_LIBRARY_PATH=/home/abhi169/autobot_ws/install/turtlebot3_msgs/lib:${LD_LIBRARY_PATH} PYTHONPATH=/home/abhi169/autobot_ws/build/turtlebot3_example/prefix_override:/usr/lib/python3/dist-packages/colcon_core/task/python/colcon_distutils_commands:/home/abhi169/autobot_ws/install/turtlebot3_example/lib/python3.12/site-packages:/home/abhi169/autobot_ws/install/turtlebot3_msgs/lib/python3.12/site-packages:${PYTHONPATH} /usr/bin/python3 -W ignore:setup.py install is deprecated -W ignore:easy_install command is deprecated setup.py develop --uninstall --editable --build-directory /home/abhi169/autobot_ws/build/turtlebot3_example/build
[1.578s] Invoking command in '/home/abhi169/autobot_ws/src/turtlebot3/turtlebot3_example': AMENT_PREFIX_PATH=/home/abhi169/autobot_ws/install/turtlebot3_msgs:${AMENT_PREFIX_PATH} CMAKE_PREFIX_PATH=/home/abhi169/autobot_ws/install/turtlebot3_msgs:${CMAKE_PREFIX_PATH} DEBUGINFOD_URLS=https://debuginfod.ubuntu.com LD_LIBRARY_PATH=/home/abhi169/autobot_ws/install/turtlebot3_msgs/lib:${LD_LIBRARY_PATH} PYTHONPATH=/home/abhi169/autobot_ws/build/turtlebot3_example/prefix_override:/usr/lib/python3/dist-packages/colcon_core/task/python/colcon_distutils_commands:/home/abhi169/autobot_ws/install/turtlebot3_example/lib/python3.12/site-packages:/home/abhi169/autobot_ws/install/turtlebot3_msgs/lib/python3.12/site-packages:${PYTHONPATH} /usr/bin/python3 -W ignore:setup.py install is deprecated -W ignore:easy_install command is deprecated setup.py egg_info --egg-base ../../../build/turtlebot3_example build --build-base /home/abhi169/autobot_ws/build/turtlebot3_example/build install --record /home/abhi169/autobot_ws/build/turtlebot3_example/install.log --single-version-externally-managed install_data --force
[1.902s] running egg_info
[1.925s] writing ../../../build/turtlebot3_example/turtlebot3_example.egg-info/PKG-INFO
[1.925s] writing dependency_links to ../../../build/turtlebot3_example/turtlebot3_example.egg-info/dependency_links.txt
[1.926s] writing entry points to ../../../build/turtlebot3_example/turtlebot3_example.egg-info/entry_points.txt
[1.926s] writing requirements to ../../../build/turtlebot3_example/turtlebot3_example.egg-info/requires.txt
[1.926s] writing top-level names to ../../../build/turtlebot3_example/turtlebot3_example.egg-info/top_level.txt
[1.973s] reading manifest file '../../../build/turtlebot3_example/turtlebot3_example.egg-info/SOURCES.txt'
[1.975s] writing manifest file '../../../build/turtlebot3_example/turtlebot3_example.egg-info/SOURCES.txt'
[1.975s] running build
[1.975s] running build_py
[1.976s] creating /home/abhi169/autobot_ws/build/turtlebot3_example/build
[1.976s] creating /home/abhi169/autobot_ws/build/turtlebot3_example/build/lib
[1.976s] creating /home/abhi169/autobot_ws/build/turtlebot3_example/build/lib/turtlebot3_example
[1.976s] copying turtlebot3_example/__init__.py -> /home/abhi169/autobot_ws/build/turtlebot3_example/build/lib/turtlebot3_example
[1.976s] creating /home/abhi169/autobot_ws/build/turtlebot3_example/build/lib/turtlebot3_example/turtlebot3_absolute_move
[1.976s] copying turtlebot3_example/turtlebot3_absolute_move/turtlebot3_absolute_move.py -> /home/abhi169/autobot_ws/build/turtlebot3_example/build/lib/turtlebot3_example/turtlebot3_absolute_move
[1.976s] copying turtlebot3_example/turtlebot3_absolute_move/__init__.py -> /home/abhi169/autobot_ws/build/turtlebot3_example/build/lib/turtlebot3_example/turtlebot3_absolute_move
[1.976s] creating /home/abhi169/autobot_ws/build/turtlebot3_example/build/lib/turtlebot3_example/turtlebot3_patrol
[1.977s] copying turtlebot3_example/turtlebot3_patrol/turtlebot3_patrol_server.py -> /home/abhi169/autobot_ws/build/turtlebot3_example/build/lib/turtlebot3_example/turtlebot3_patrol
[1.977s] copying turtlebot3_example/turtlebot3_patrol/turtlebot3_patrol_client.py -> /home/abhi169/autobot_ws/build/turtlebot3_example/build/lib/turtlebot3_example/turtlebot3_patrol
[1.977s] copying turtlebot3_example/turtlebot3_patrol/__init__.py -> /home/abhi169/autobot_ws/build/turtlebot3_example/build/lib/turtlebot3_example/turtlebot3_patrol
[1.978s] creating /home/abhi169/autobot_ws/build/turtlebot3_example/build/lib/turtlebot3_example/turtlebot3_relative_move
[1.978s] copying turtlebot3_example/turtlebot3_relative_move/turtlebot3_relative_move.py -> /home/abhi169/autobot_ws/build/turtlebot3_example/build/lib/turtlebot3_example/turtlebot3_relative_move
[1.978s] copying turtlebot3_example/turtlebot3_relative_move/__init__.py -> /home/abhi169/autobot_ws/build/turtlebot3_example/build/lib/turtlebot3_example/turtlebot3_relative_move
[1.978s] creating /home/abhi169/autobot_ws/build/turtlebot3_example/build/lib/turtlebot3_example/turtlebot3_obstacle_detection
[1.978s] copying turtlebot3_example/turtlebot3_obstacle_detection/__init__.py -> /home/abhi169/autobot_ws/build/turtlebot3_example/build/lib/turtlebot3_example/turtlebot3_obstacle_detection
[1.978s] copying turtlebot3_example/turtlebot3_obstacle_detection/turtlebot3_obstacle_detection.py -> /home/abhi169/autobot_ws/build/turtlebot3_example/build/lib/turtlebot3_example/turtlebot3_obstacle_detection
[1.979s] creating /home/abhi169/autobot_ws/build/turtlebot3_example/build/lib/turtlebot3_example/turtlebot3_interactive_marker
[1.979s] copying turtlebot3_example/turtlebot3_interactive_marker/turtlebot3_interactive_marker.py -> /home/abhi169/autobot_ws/build/turtlebot3_example/build/lib/turtlebot3_example/turtlebot3_interactive_marker
[1.979s] copying turtlebot3_example/turtlebot3_interactive_marker/__init__.py -> /home/abhi169/autobot_ws/build/turtlebot3_example/build/lib/turtlebot3_example/turtlebot3_interactive_marker
[1.980s] running install
[1.987s] running install_lib
[2.012s] creating /home/abhi169/autobot_ws/install/turtlebot3_example/lib/python3.12/site-packages/turtlebot3_example
[2.012s] creating /home/abhi169/autobot_ws/install/turtlebot3_example/lib/python3.12/site-packages/turtlebot3_example/turtlebot3_absolute_move
[2.012s] copying /home/abhi169/autobot_ws/build/turtlebot3_example/build/lib/turtlebot3_example/turtlebot3_absolute_move/turtlebot3_absolute_move.py -> /home/abhi169/autobot_ws/install/turtlebot3_example/lib/python3.12/site-packages/turtlebot3_example/turtlebot3_absolute_move
[2.013s] copying /home/abhi169/autobot_ws/build/turtlebot3_example/build/lib/turtlebot3_example/turtlebot3_absolute_move/__init__.py -> /home/abhi169/autobot_ws/install/turtlebot3_example/lib/python3.12/site-packages/turtlebot3_example/turtlebot3_absolute_move
[2.013s] creating /home/abhi169/autobot_ws/install/turtlebot3_example/lib/python3.12/site-packages/turtlebot3_example/turtlebot3_patrol
[2.013s] copying /home/abhi169/autobot_ws/build/turtlebot3_example/build/lib/turtlebot3_example/turtlebot3_patrol/turtlebot3_patrol_server.py -> /home/abhi169/autobot_ws/install/turtlebot3_example/lib/python3.12/site-packages/turtlebot3_example/turtlebot3_patrol
[2.013s] copying /home/abhi169/autobot_ws/build/turtlebot3_example/build/lib/turtlebot3_example/turtlebot3_patrol/turtlebot3_patrol_client.py -> /home/abhi169/autobot_ws/install/turtlebot3_example/lib/python3.12/site-packages/turtlebot3_example/turtlebot3_patrol
[2.013s] copying /home/abhi169/autobot_ws/build/turtlebot3_example/build/lib/turtlebot3_example/turtlebot3_patrol/__init__.py -> /home/abhi169/autobot_ws/install/turtlebot3_example/lib/python3.12/site-packages/turtlebot3_example/turtlebot3_patrol
[2.013s] creating /home/abhi169/autobot_ws/install/turtlebot3_example/lib/python3.12/site-packages/turtlebot3_example/turtlebot3_relative_move
[2.013s] copying /home/abhi169/autobot_ws/build/turtlebot3_example/build/lib/turtlebot3_example/turtlebot3_relative_move/turtlebot3_relative_move.py -> /home/abhi169/autobot_ws/install/turtlebot3_example/lib/python3.12/site-packages/turtlebot3_example/turtlebot3_relative_move
[2.013s] copying /home/abhi169/autobot_ws/build/turtlebot3_example/build/lib/turtlebot3_example/turtlebot3_relative_move/__init__.py -> /home/abhi169/autobot_ws/install/turtlebot3_example/lib/python3.12/site-packages/turtlebot3_example/turtlebot3_relative_move
[2.014s] copying /home/abhi169/autobot_ws/build/turtlebot3_example/build/lib/turtlebot3_example/__init__.py -> /home/abhi169/autobot_ws/install/turtlebot3_example/lib/python3.12/site-packages/turtlebot3_example
[2.014s] creating /home/abhi169/autobot_ws/install/turtlebot3_example/lib/python3.12/site-packages/turtlebot3_example/turtlebot3_obstacle_detection
[2.014s] copying /home/abhi169/autobot_ws/build/turtlebot3_example/build/lib/turtlebot3_example/turtlebot3_obstacle_detection/__init__.py -> /home/abhi169/autobot_ws/install/turtlebot3_example/lib/python3.12/site-packages/turtlebot3_example/turtlebot3_obstacle_detection
[2.014s] copying /home/abhi169/autobot_ws/build/turtlebot3_example/build/lib/turtlebot3_example/turtlebot3_obstacle_detection/turtlebot3_obstacle_detection.py -> /home/abhi169/autobot_ws/install/turtlebot3_example/lib/python3.12/site-packages/turtlebot3_example/turtlebot3_obstacle_detection
[2.014s] creating /home/abhi169/autobot_ws/install/turtlebot3_example/lib/python3.12/site-packages/turtlebot3_example/turtlebot3_interactive_marker
[2.014s] copying /home/abhi169/autobot_ws/build/turtlebot3_example/build/lib/turtlebot3_example/turtlebot3_interactive_marker/turtlebot3_interactive_marker.py -> /home/abhi169/autobot_ws/install/turtlebot3_example/lib/python3.12/site-packages/turtlebot3_example/turtlebot3_interactive_marker
[2.014s] copying /home/abhi169/autobot_ws/build/turtlebot3_example/build/lib/turtlebot3_example/turtlebot3_interactive_marker/__init__.py -> /home/abhi169/autobot_ws/install/turtlebot3_example/lib/python3.12/site-packages/turtlebot3_example/turtlebot3_interactive_marker
[2.014s] byte-compiling /home/abhi169/autobot_ws/install/turtlebot3_example/lib/python3.12/site-packages/turtlebot3_example/turtlebot3_absolute_move/turtlebot3_absolute_move.py to turtlebot3_absolute_move.cpython-312.pyc
[2.016s] byte-compiling /home/abhi169/autobot_ws/install/turtlebot3_example/lib/python3.12/site-packages/turtlebot3_example/turtlebot3_absolute_move/__init__.py to __init__.cpython-312.pyc
[2.017s] byte-compiling /home/abhi169/autobot_ws/install/turtlebot3_example/lib/python3.12/site-packages/turtlebot3_example/turtlebot3_patrol/turtlebot3_patrol_server.py to turtlebot3_patrol_server.cpython-312.pyc
[2.019s] byte-compiling /home/abhi169/autobot_ws/install/turtlebot3_example/lib/python3.12/site-packages/turtlebot3_example/turtlebot3_patrol/turtlebot3_patrol_client.py to turtlebot3_patrol_client.cpython-312.pyc
[2.020s] byte-compiling /home/abhi169/autobot_ws/install/turtlebot3_example/lib/python3.12/site-packages/turtlebot3_example/turtlebot3_patrol/__init__.py to __init__.cpython-312.pyc
[2.020s] byte-compiling /home/abhi169/autobot_ws/install/turtlebot3_example/lib/python3.12/site-packages/turtlebot3_example/turtlebot3_relative_move/turtlebot3_relative_move.py to turtlebot3_relative_move.cpython-312.pyc
[2.023s] byte-compiling /home/abhi169/autobot_ws/install/turtlebot3_example/lib/python3.12/site-packages/turtlebot3_example/turtlebot3_relative_move/__init__.py to __init__.cpython-312.pyc
[2.023s] byte-compiling /home/abhi169/autobot_ws/install/turtlebot3_example/lib/python3.12/site-packages/turtlebot3_example/__init__.py to __init__.cpython-312.pyc
[2.023s] byte-compiling /home/abhi169/autobot_ws/install/turtlebot3_example/lib/python3.12/site-packages/turtlebot3_example/turtlebot3_obstacle_detection/__init__.py to __init__.cpython-312.pyc
[2.023s] byte-compiling /home/abhi169/autobot_ws/install/turtlebot3_example/lib/python3.12/site-packages/turtlebot3_example/turtlebot3_obstacle_detection/turtlebot3_obstacle_detection.py to turtlebot3_obstacle_detection.cpython-312.pyc
[2.024s] byte-compiling /home/abhi169/autobot_ws/install/turtlebot3_example/lib/python3.12/site-packages/turtlebot3_example/turtlebot3_interactive_marker/turtlebot3_interactive_marker.py to turtlebot3_interactive_marker.cpython-312.pyc
[2.026s] byte-compiling /home/abhi169/autobot_ws/install/turtlebot3_example/lib/python3.12/site-packages/turtlebot3_example/turtlebot3_interactive_marker/__init__.py to __init__.cpython-312.pyc
[2.026s] running install_data
[2.026s] copying resource/turtlebot3_example -> /home/abhi169/autobot_ws/install/turtlebot3_example/share/ament_index/resource_index/packages
[2.027s] copying package.xml -> /home/abhi169/autobot_ws/install/turtlebot3_example/share/turtlebot3_example
[2.027s] running install_egg_info
[2.052s] Copying ../../../build/turtlebot3_example/turtlebot3_example.egg-info to /home/abhi169/autobot_ws/install/turtlebot3_example/lib/python3.12/site-packages/turtlebot3_example-2.2.9-py3.12.egg-info
[2.053s] running install_scripts
[2.204s] Installing turtlebot3_absolute_move script to /home/abhi169/autobot_ws/install/turtlebot3_example/lib/turtlebot3_example
[2.204s] Installing turtlebot3_interactive_marker script to /home/abhi169/autobot_ws/install/turtlebot3_example/lib/turtlebot3_example
[2.204s] Installing turtlebot3_obstacle_detection script to /home/abhi169/autobot_ws/install/turtlebot3_example/lib/turtlebot3_example
[2.204s] Installing turtlebot3_patrol_client script to /home/abhi169/autobot_ws/install/turtlebot3_example/lib/turtlebot3_example
[2.204s] Installing turtlebot3_patrol_server script to /home/abhi169/autobot_ws/install/turtlebot3_example/lib/turtlebot3_example
[2.204s] Installing turtlebot3_relative_move script to /home/abhi169/autobot_ws/install/turtlebot3_example/lib/turtlebot3_example
[2.205s] writing list of installed files to '/home/abhi169/autobot_ws/build/turtlebot3_example/install.log'
[2.243s] Invoked command in '/home/abhi169/autobot_ws/src/turtlebot3/turtlebot3_example' returned '0': AMENT_PREFIX_PATH=/home/abhi169/autobot_ws/install/turtlebot3_msgs:${AMENT_PREFIX_PATH} CMAKE_PREFIX_PATH=/home/abhi169/autobot_ws/install/turtlebot3_msgs:${CMAKE_PREFIX_PATH} DEBUGINFOD_URLS=https://debuginfod.ubuntu.com LD_LIBRARY_PATH=/home/abhi169/autobot_ws/install/turtlebot3_msgs/lib:${LD_LIBRARY_PATH} PYTHONPATH=/home/abhi169/autobot_ws/build/turtlebot3_example/prefix_override:/usr/lib/python3/dist-packages/colcon_core/task/python/colcon_distutils_commands:/home/abhi169/autobot_ws/install/turtlebot3_example/lib/python3.12/site-packages:/home/abhi169/autobot_ws/install/turtlebot3_msgs/lib/python3.12/site-packages:${PYTHONPATH} /usr/bin/python3 -W ignore:setup.py install is deprecated -W ignore:easy_install command is deprecated setup.py egg_info --egg-base ../../../build/turtlebot3_example build --build-base /home/abhi169/autobot_ws/build/turtlebot3_example/build install --record /home/abhi169/autobot_ws/build/turtlebot3_example/install.log --single-version-externally-managed install_data --force
