[0.964s] Invoking command in '/home/abhi169/autobot_ws/build/turtlebot3_example': AMENT_PREFIX_PATH=/home/abhi169/autobot_ws/install/turtlebot3_msgs:${AMENT_PREFIX_PATH} CMAKE_PREFIX_PATH=/home/abhi169/autobot_ws/install/turtlebot3_msgs:${CMAKE_PREFIX_PATH} DEBUGINFOD_URLS=https://debuginfod.ubuntu.com LD_LIBRARY_PATH=/home/abhi169/autobot_ws/install/turtlebot3_msgs/lib:${LD_LIBRARY_PATH} PYTHONPATH=/home/abhi169/autobot_ws/build/turtlebot3_example/prefix_override:/usr/lib/python3/dist-packages/colcon_core/task/python/colcon_distutils_commands:/home/abhi169/autobot_ws/install/turtlebot3_example/lib/python3.12/site-packages:/home/abhi169/autobot_ws/install/turtlebot3_msgs/lib/python3.12/site-packages:${PYTHONPATH} /usr/bin/python3 -W ignore:setup.py install is deprecated -W ignore:easy_install command is deprecated setup.py develop --editable --build-directory /home/abhi169/autobot_ws/build/turtlebot3_example/build --no-deps symlink_data
[1.331s] running develop
[1.551s] running egg_info
[1.551s] creating turtlebot3_example.egg-info
[1.573s] writing turtlebot3_example.egg-info/PKG-INFO
[1.574s] writing dependency_links to turtlebot3_example.egg-info/dependency_links.txt
[1.574s] writing entry points to turtlebot3_example.egg-info/entry_points.txt
[1.574s] writing requirements to turtlebot3_example.egg-info/requires.txt
[1.574s] writing top-level names to turtlebot3_example.egg-info/top_level.txt
[1.574s] writing manifest file 'turtlebot3_example.egg-info/SOURCES.txt'
[1.620s] reading manifest file 'turtlebot3_example.egg-info/SOURCES.txt'
[1.621s] writing manifest file 'turtlebot3_example.egg-info/SOURCES.txt'
[1.645s] running build_ext
[1.645s] Creating /home/abhi169/autobot_ws/install/turtlebot3_example/lib/python3.12/site-packages/turtlebot3-example.egg-link (link to .)
[1.646s] Installing turtlebot3_absolute_move script to /home/abhi169/autobot_ws/install/turtlebot3_example/lib/turtlebot3_example
[1.646s] Installing turtlebot3_interactive_marker script to /home/abhi169/autobot_ws/install/turtlebot3_example/lib/turtlebot3_example
[1.646s] Installing turtlebot3_obstacle_detection script to /home/abhi169/autobot_ws/install/turtlebot3_example/lib/turtlebot3_example
[1.646s] Installing turtlebot3_patrol_client script to /home/abhi169/autobot_ws/install/turtlebot3_example/lib/turtlebot3_example
[1.647s] Installing turtlebot3_patrol_server script to /home/abhi169/autobot_ws/install/turtlebot3_example/lib/turtlebot3_example
[1.647s] Installing turtlebot3_relative_move script to /home/abhi169/autobot_ws/install/turtlebot3_example/lib/turtlebot3_example
[1.647s] 
[1.647s] Installed /home/abhi169/autobot_ws/build/turtlebot3_example
[1.647s] running symlink_data
[1.647s] creating /home/abhi169/autobot_ws/install/turtlebot3_example/share/ament_index
[1.647s] creating /home/abhi169/autobot_ws/install/turtlebot3_example/share/ament_index/resource_index
[1.648s] creating /home/abhi169/autobot_ws/install/turtlebot3_example/share/ament_index/resource_index/packages
[1.648s] symbolically linking /home/abhi169/autobot_ws/build/turtlebot3_example/resource/turtlebot3_example -> /home/abhi169/autobot_ws/install/turtlebot3_example/share/ament_index/resource_index/packages
[1.648s] symbolically linking /home/abhi169/autobot_ws/build/turtlebot3_example/package.xml -> /home/abhi169/autobot_ws/install/turtlebot3_example/share/turtlebot3_example
[1.702s] Invoked command in '/home/abhi169/autobot_ws/build/turtlebot3_example' returned '0': AMENT_PREFIX_PATH=/home/abhi169/autobot_ws/install/turtlebot3_msgs:${AMENT_PREFIX_PATH} CMAKE_PREFIX_PATH=/home/abhi169/autobot_ws/install/turtlebot3_msgs:${CMAKE_PREFIX_PATH} DEBUGINFOD_URLS=https://debuginfod.ubuntu.com LD_LIBRARY_PATH=/home/abhi169/autobot_ws/install/turtlebot3_msgs/lib:${LD_LIBRARY_PATH} PYTHONPATH=/home/abhi169/autobot_ws/build/turtlebot3_example/prefix_override:/usr/lib/python3/dist-packages/colcon_core/task/python/colcon_distutils_commands:/home/abhi169/autobot_ws/install/turtlebot3_example/lib/python3.12/site-packages:/home/abhi169/autobot_ws/install/turtlebot3_msgs/lib/python3.12/site-packages:${PYTHONPATH} /usr/bin/python3 -W ignore:setup.py install is deprecated -W ignore:easy_install command is deprecated setup.py develop --editable --build-directory /home/abhi169/autobot_ws/build/turtlebot3_example/build --no-deps symlink_data
