[0.046s] Invoking command in '/home/abhi169/autobot_ws/build/dynamixel_sdk': CMAKE_PREFIX_PATH=${CMAKE_PREFIX_PATH}:/opt/ros/jazzy DEBUGINFOD_URLS=https://debuginfod.ubuntu.com /usr/bin/cmake /home/abhi169/autobot_ws/src/DynamixelSDK/ros/dynamixel_sdk -DCMAKE_INSTALL_PREFIX=/home/abhi169/autobot_ws/install/dynamixel_sdk
[0.458s] -- Found ament_cmake: 2.5.3 (/opt/ros/jazzy/share/ament_cmake/cmake)
[0.458s] -- Override CMake install command with custom implementation using symlinks instead of copying resources
[0.715s] -- Configuring done (0.7s)
[0.727s] -- Generating done (0.0s)
[0.730s] -- Build files have been written to: /home/abhi169/autobot_ws/build/dynamixel_sdk
[0.807s] Invoked command in '/home/abhi169/autobot_ws/build/dynamixel_sdk' returned '0': CMAKE_PREFIX_PATH=${CMAKE_PREFIX_PATH}:/opt/ros/jazzy DEBUGINFOD_URLS=https://debuginfod.ubuntu.com /usr/bin/cmake /home/abhi169/autobot_ws/src/DynamixelSDK/ros/dynamixel_sdk -DCMAKE_INSTALL_PREFIX=/home/abhi169/autobot_ws/install/dynamixel_sdk
[0.808s] Invoking command in '/home/abhi169/autobot_ws/build/dynamixel_sdk': CMAKE_PREFIX_PATH=${CMAKE_PREFIX_PATH}:/opt/ros/jazzy DEBUGINFOD_URLS=https://debuginfod.ubuntu.com /usr/bin/cmake --build /home/abhi169/autobot_ws/build/dynamixel_sdk -- -j8 -l8
[0.896s] [100%] Built target dynamixel_sdk
[0.899s] [100%] Built target ament_cmake_python_symlink_dynamixel_sdk
[1.178s] running egg_info
[1.200s] writing dynamixel_sdk.egg-info/PKG-INFO
[1.201s] writing dependency_links to dynamixel_sdk.egg-info/dependency_links.txt
[1.201s] writing top-level names to dynamixel_sdk.egg-info/top_level.txt
[1.280s] reading manifest file 'dynamixel_sdk.egg-info/SOURCES.txt'
[1.281s] writing manifest file 'dynamixel_sdk.egg-info/SOURCES.txt'
[1.325s] [100%] Built target ament_cmake_python_build_dynamixel_sdk_egg
[1.337s] Invoked command in '/home/abhi169/autobot_ws/build/dynamixel_sdk' returned '0': CMAKE_PREFIX_PATH=${CMAKE_PREFIX_PATH}:/opt/ros/jazzy DEBUGINFOD_URLS=https://debuginfod.ubuntu.com /usr/bin/cmake --build /home/abhi169/autobot_ws/build/dynamixel_sdk -- -j8 -l8
[1.339s] Invoking command in '/home/abhi169/autobot_ws/build/dynamixel_sdk': CMAKE_PREFIX_PATH=${CMAKE_PREFIX_PATH}:/opt/ros/jazzy DEBUGINFOD_URLS=https://debuginfod.ubuntu.com /usr/bin/cmake --install /home/abhi169/autobot_ws/build/dynamixel_sdk
[1.347s] -- Install configuration: ""
[1.347s] -- Execute custom install script
[1.348s] -- Up-to-date symlink: /home/abhi169/autobot_ws/install/dynamixel_sdk/include//dynamixel_sdk/dynamixel_sdk.h
[1.348s] -- Up-to-date symlink: /home/abhi169/autobot_ws/install/dynamixel_sdk/include//dynamixel_sdk/group_bulk_read.h
[1.348s] -- Up-to-date symlink: /home/abhi169/autobot_ws/install/dynamixel_sdk/include//dynamixel_sdk/group_bulk_write.h
[1.348s] -- Up-to-date symlink: /home/abhi169/autobot_ws/install/dynamixel_sdk/include//dynamixel_sdk/group_fast_bulk_read.h
[1.348s] -- Up-to-date symlink: /home/abhi169/autobot_ws/install/dynamixel_sdk/include//dynamixel_sdk/group_fast_sync_read.h
[1.349s] -- Up-to-date symlink: /home/abhi169/autobot_ws/install/dynamixel_sdk/include//dynamixel_sdk/group_handler.h
[1.349s] -- Up-to-date symlink: /home/abhi169/autobot_ws/install/dynamixel_sdk/include//dynamixel_sdk/group_sync_read.h
[1.349s] -- Up-to-date symlink: /home/abhi169/autobot_ws/install/dynamixel_sdk/include//dynamixel_sdk/group_sync_write.h
[1.349s] -- Up-to-date symlink: /home/abhi169/autobot_ws/install/dynamixel_sdk/include//dynamixel_sdk/packet_handler.h
[1.349s] -- Up-to-date symlink: /home/abhi169/autobot_ws/install/dynamixel_sdk/include//dynamixel_sdk/port_handler.h
[1.349s] -- Up-to-date symlink: /home/abhi169/autobot_ws/install/dynamixel_sdk/include//dynamixel_sdk/port_handler_arduino.h
[1.349s] -- Up-to-date symlink: /home/abhi169/autobot_ws/install/dynamixel_sdk/include//dynamixel_sdk/port_handler_linux.h
[1.350s] -- Up-to-date symlink: /home/abhi169/autobot_ws/install/dynamixel_sdk/include//dynamixel_sdk/port_handler_mac.h
[1.350s] -- Up-to-date symlink: /home/abhi169/autobot_ws/install/dynamixel_sdk/include//dynamixel_sdk/port_handler_windows.h
[1.350s] -- Up-to-date symlink: /home/abhi169/autobot_ws/install/dynamixel_sdk/include//dynamixel_sdk/protocol1_packet_handler.h
[1.350s] -- Up-to-date symlink: /home/abhi169/autobot_ws/install/dynamixel_sdk/include//dynamixel_sdk/protocol2_packet_handler.h
[1.350s] -- Up-to-date symlink: /home/abhi169/autobot_ws/install/dynamixel_sdk/lib/libdynamixel_sdk.so
[1.351s] -- Up-to-date symlink: /home/abhi169/autobot_ws/install/dynamixel_sdk/share/dynamixel_sdk/environment/pythonpath.sh
[1.351s] -- Up-to-date symlink: /home/abhi169/autobot_ws/install/dynamixel_sdk/share/dynamixel_sdk/environment/pythonpath.dsv
[1.351s] -- Up-to-date symlink: /home/abhi169/autobot_ws/install/dynamixel_sdk/lib/python3.12/site-packages/dynamixel_sdk-3.8.3-py3.12.egg-info/PKG-INFO
[1.351s] -- Up-to-date symlink: /home/abhi169/autobot_ws/install/dynamixel_sdk/lib/python3.12/site-packages/dynamixel_sdk-3.8.3-py3.12.egg-info/SOURCES.txt
[1.351s] -- Up-to-date symlink: /home/abhi169/autobot_ws/install/dynamixel_sdk/lib/python3.12/site-packages/dynamixel_sdk-3.8.3-py3.12.egg-info/dependency_links.txt
[1.352s] -- Up-to-date symlink: /home/abhi169/autobot_ws/install/dynamixel_sdk/lib/python3.12/site-packages/dynamixel_sdk-3.8.3-py3.12.egg-info/top_level.txt
[1.352s] -- Up-to-date symlink: /home/abhi169/autobot_ws/install/dynamixel_sdk/lib/python3.12/site-packages/dynamixel_sdk/__init__.py
[1.352s] -- Up-to-date symlink: /home/abhi169/autobot_ws/install/dynamixel_sdk/lib/python3.12/site-packages/dynamixel_sdk/group_bulk_read.cpp
[1.353s] -- Up-to-date symlink: /home/abhi169/autobot_ws/install/dynamixel_sdk/lib/python3.12/site-packages/dynamixel_sdk/group_bulk_read.py
[1.353s] -- Up-to-date symlink: /home/abhi169/autobot_ws/install/dynamixel_sdk/lib/python3.12/site-packages/dynamixel_sdk/group_bulk_write.cpp
[1.353s] -- Up-to-date symlink: /home/abhi169/autobot_ws/install/dynamixel_sdk/lib/python3.12/site-packages/dynamixel_sdk/group_bulk_write.py
[1.353s] -- Up-to-date symlink: /home/abhi169/autobot_ws/install/dynamixel_sdk/lib/python3.12/site-packages/dynamixel_sdk/group_fast_bulk_read.cpp
[1.353s] -- Up-to-date symlink: /home/abhi169/autobot_ws/install/dynamixel_sdk/lib/python3.12/site-packages/dynamixel_sdk/group_fast_sync_read.cpp
[1.353s] -- Up-to-date symlink: /home/abhi169/autobot_ws/install/dynamixel_sdk/lib/python3.12/site-packages/dynamixel_sdk/group_handler.cpp
[1.354s] -- Up-to-date symlink: /home/abhi169/autobot_ws/install/dynamixel_sdk/lib/python3.12/site-packages/dynamixel_sdk/group_sync_read.cpp
[1.354s] -- Up-to-date symlink: /home/abhi169/autobot_ws/install/dynamixel_sdk/lib/python3.12/site-packages/dynamixel_sdk/group_sync_read.py
[1.354s] -- Up-to-date symlink: /home/abhi169/autobot_ws/install/dynamixel_sdk/lib/python3.12/site-packages/dynamixel_sdk/group_sync_write.cpp
[1.354s] -- Up-to-date symlink: /home/abhi169/autobot_ws/install/dynamixel_sdk/lib/python3.12/site-packages/dynamixel_sdk/group_sync_write.py
[1.354s] -- Up-to-date symlink: /home/abhi169/autobot_ws/install/dynamixel_sdk/lib/python3.12/site-packages/dynamixel_sdk/packet_handler.cpp
[1.354s] -- Up-to-date symlink: /home/abhi169/autobot_ws/install/dynamixel_sdk/lib/python3.12/site-packages/dynamixel_sdk/packet_handler.py
[1.355s] -- Up-to-date symlink: /home/abhi169/autobot_ws/install/dynamixel_sdk/lib/python3.12/site-packages/dynamixel_sdk/port_handler.cpp
[1.355s] -- Up-to-date symlink: /home/abhi169/autobot_ws/install/dynamixel_sdk/lib/python3.12/site-packages/dynamixel_sdk/port_handler.py
[1.355s] -- Up-to-date symlink: /home/abhi169/autobot_ws/install/dynamixel_sdk/lib/python3.12/site-packages/dynamixel_sdk/port_handler_arduino.cpp
[1.355s] -- Up-to-date symlink: /home/abhi169/autobot_ws/install/dynamixel_sdk/lib/python3.12/site-packages/dynamixel_sdk/port_handler_linux.cpp
[1.355s] -- Up-to-date symlink: /home/abhi169/autobot_ws/install/dynamixel_sdk/lib/python3.12/site-packages/dynamixel_sdk/port_handler_mac.cpp
[1.355s] -- Up-to-date symlink: /home/abhi169/autobot_ws/install/dynamixel_sdk/lib/python3.12/site-packages/dynamixel_sdk/port_handler_windows.cpp
[1.356s] -- Up-to-date symlink: /home/abhi169/autobot_ws/install/dynamixel_sdk/lib/python3.12/site-packages/dynamixel_sdk/protocol1_packet_handler.cpp
[1.356s] -- Up-to-date symlink: /home/abhi169/autobot_ws/install/dynamixel_sdk/lib/python3.12/site-packages/dynamixel_sdk/protocol1_packet_handler.py
[1.356s] -- Up-to-date symlink: /home/abhi169/autobot_ws/install/dynamixel_sdk/lib/python3.12/site-packages/dynamixel_sdk/protocol2_packet_handler.cpp
[1.356s] -- Up-to-date symlink: /home/abhi169/autobot_ws/install/dynamixel_sdk/lib/python3.12/site-packages/dynamixel_sdk/protocol2_packet_handler.py
[1.356s] -- Up-to-date symlink: /home/abhi169/autobot_ws/install/dynamixel_sdk/lib/python3.12/site-packages/dynamixel_sdk/robotis_def.py
[1.356s] -- Up-to-date symlink: /home/abhi169/autobot_ws/install/dynamixel_sdk/share/dynamixel_sdk/environment/library_path.sh
[1.357s] -- Up-to-date symlink: /home/abhi169/autobot_ws/install/dynamixel_sdk/share/dynamixel_sdk/environment/library_path.dsv
[1.357s] -- Up-to-date symlink: /home/abhi169/autobot_ws/install/dynamixel_sdk/share/ament_index/resource_index/package_run_dependencies/dynamixel_sdk
[1.357s] -- Up-to-date symlink: /home/abhi169/autobot_ws/install/dynamixel_sdk/share/ament_index/resource_index/parent_prefix_path/dynamixel_sdk
[1.357s] -- Up-to-date symlink: /home/abhi169/autobot_ws/install/dynamixel_sdk/share/dynamixel_sdk/environment/ament_prefix_path.sh
[1.357s] -- Up-to-date symlink: /home/abhi169/autobot_ws/install/dynamixel_sdk/share/dynamixel_sdk/environment/ament_prefix_path.dsv
[1.358s] -- Up-to-date symlink: /home/abhi169/autobot_ws/install/dynamixel_sdk/share/dynamixel_sdk/environment/path.sh
[1.358s] -- Up-to-date symlink: /home/abhi169/autobot_ws/install/dynamixel_sdk/share/dynamixel_sdk/environment/path.dsv
[1.358s] -- Up-to-date symlink: /home/abhi169/autobot_ws/install/dynamixel_sdk/share/dynamixel_sdk/local_setup.bash
[1.358s] -- Up-to-date symlink: /home/abhi169/autobot_ws/install/dynamixel_sdk/share/dynamixel_sdk/local_setup.sh
[1.358s] -- Up-to-date symlink: /home/abhi169/autobot_ws/install/dynamixel_sdk/share/dynamixel_sdk/local_setup.zsh
[1.359s] -- Up-to-date symlink: /home/abhi169/autobot_ws/install/dynamixel_sdk/share/dynamixel_sdk/local_setup.dsv
[1.359s] -- Symlinking: /home/abhi169/autobot_ws/install/dynamixel_sdk/share/dynamixel_sdk/package.dsv
[1.369s] -- Up-to-date symlink: /home/abhi169/autobot_ws/install/dynamixel_sdk/share/ament_index/resource_index/packages/dynamixel_sdk
[1.369s] -- Up-to-date symlink: /home/abhi169/autobot_ws/install/dynamixel_sdk/share/dynamixel_sdk/cmake/ament_cmake_export_include_directories-extras.cmake
[1.369s] -- Up-to-date symlink: /home/abhi169/autobot_ws/install/dynamixel_sdk/share/dynamixel_sdk/cmake/ament_cmake_export_libraries-extras.cmake
[1.369s] -- Up-to-date symlink: /home/abhi169/autobot_ws/install/dynamixel_sdk/share/dynamixel_sdk/cmake/dynamixel_sdkConfig.cmake
[1.369s] -- Up-to-date symlink: /home/abhi169/autobot_ws/install/dynamixel_sdk/share/dynamixel_sdk/cmake/dynamixel_sdkConfig-version.cmake
[1.370s] -- Up-to-date symlink: /home/abhi169/autobot_ws/install/dynamixel_sdk/share/dynamixel_sdk/package.xml
[1.410s] Listing '/home/abhi169/autobot_ws/install/dynamixel_sdk/lib/python3.12/site-packages/dynamixel_sdk'...
[1.422s] Invoked command in '/home/abhi169/autobot_ws/build/dynamixel_sdk' returned '0': CMAKE_PREFIX_PATH=${CMAKE_PREFIX_PATH}:/opt/ros/jazzy DEBUGINFOD_URLS=https://debuginfod.ubuntu.com /usr/bin/cmake --install /home/abhi169/autobot_ws/build/dynamixel_sdk
