[0.040s] Invoking command in '/home/abhi169/autobot_ws/build/turtlebot3_description': CMAKE_PREFIX_PATH=${CMAKE_PREFIX_PATH}:/opt/ros/jazzy DEBUGINFOD_URLS=https://debuginfod.ubuntu.com /usr/bin/cmake /home/abhi169/autobot_ws/src/turtlebot3/turtlebot3_description -DCMAKE_INSTALL_PREFIX=/home/abhi169/autobot_ws/install/turtlebot3_description
[0.451s] -- Found ament_cmake: 2.5.3 (/opt/ros/jazzy/share/ament_cmake/cmake)
[0.452s] -- Override CMake install command with custom implementation using symlinks instead of copying resources
[0.453s] -- Found urdf: 2.10.0 (/opt/ros/jazzy/share/urdf/cmake)
[0.453s] -- Found TinyXML2 via Config file: /usr/lib/x86_64-linux-gnu/cmake/tinyxml2
[0.621s] -- Configuring done (0.6s)
[0.627s] -- Generating done (0.0s)
[0.629s] -- Build files have been written to: /home/abhi169/autobot_ws/build/turtlebot3_description
[0.792s] Invoked command in '/home/abhi169/autobot_ws/build/turtlebot3_description' returned '0': CMAKE_PREFIX_PATH=${CMAKE_PREFIX_PATH}:/opt/ros/jazzy DEBUGINFOD_URLS=https://debuginfod.ubuntu.com /usr/bin/cmake /home/abhi169/autobot_ws/src/turtlebot3/turtlebot3_description -DCMAKE_INSTALL_PREFIX=/home/abhi169/autobot_ws/install/turtlebot3_description
[0.793s] Invoking command in '/home/abhi169/autobot_ws/build/turtlebot3_description': CMAKE_PREFIX_PATH=${CMAKE_PREFIX_PATH}:/opt/ros/jazzy DEBUGINFOD_URLS=https://debuginfod.ubuntu.com /usr/bin/cmake --build /home/abhi169/autobot_ws/build/turtlebot3_description -- -j8 -l8
[0.856s] Invoked command in '/home/abhi169/autobot_ws/build/turtlebot3_description' returned '0': CMAKE_PREFIX_PATH=${CMAKE_PREFIX_PATH}:/opt/ros/jazzy DEBUGINFOD_URLS=https://debuginfod.ubuntu.com /usr/bin/cmake --build /home/abhi169/autobot_ws/build/turtlebot3_description -- -j8 -l8
[0.870s] Invoking command in '/home/abhi169/autobot_ws/build/turtlebot3_description': CMAKE_PREFIX_PATH=${CMAKE_PREFIX_PATH}:/opt/ros/jazzy DEBUGINFOD_URLS=https://debuginfod.ubuntu.com /usr/bin/cmake --install /home/abhi169/autobot_ws/build/turtlebot3_description
[0.884s] -- Install configuration: ""
[0.884s] -- Execute custom install script
[0.885s] -- Up-to-date symlink: /home/abhi169/autobot_ws/install/turtlebot3_description/share/turtlebot3_description/meshes/bases/burger_base.stl
[0.885s] -- Up-to-date symlink: /home/abhi169/autobot_ws/install/turtlebot3_description/share/turtlebot3_description/meshes/bases/waffle_base.stl
[0.886s] -- Up-to-date symlink: /home/abhi169/autobot_ws/install/turtlebot3_description/share/turtlebot3_description/meshes/bases/waffle_pi_base.stl
[0.886s] -- Up-to-date symlink: /home/abhi169/autobot_ws/install/turtlebot3_description/share/turtlebot3_description/meshes/sensors/astra.dae
[0.887s] -- Up-to-date symlink: /home/abhi169/autobot_ws/install/turtlebot3_description/share/turtlebot3_description/meshes/sensors/astra.jpg
[0.887s] -- Up-to-date symlink: /home/abhi169/autobot_ws/install/turtlebot3_description/share/turtlebot3_description/meshes/sensors/lds.stl
[0.887s] -- Up-to-date symlink: /home/abhi169/autobot_ws/install/turtlebot3_description/share/turtlebot3_description/meshes/sensors/r200.dae
[0.888s] -- Up-to-date symlink: /home/abhi169/autobot_ws/install/turtlebot3_description/share/turtlebot3_description/meshes/sensors/r200.jpg
[0.888s] -- Up-to-date symlink: /home/abhi169/autobot_ws/install/turtlebot3_description/share/turtlebot3_description/meshes/wheels/left_tire.stl
[0.888s] -- Up-to-date symlink: /home/abhi169/autobot_ws/install/turtlebot3_description/share/turtlebot3_description/meshes/wheels/right_tire.stl
[0.889s] -- Up-to-date symlink: /home/abhi169/autobot_ws/install/turtlebot3_description/share/turtlebot3_description/rviz/model.rviz
[0.889s] -- Up-to-date symlink: /home/abhi169/autobot_ws/install/turtlebot3_description/share/turtlebot3_description/urdf/common_properties.urdf
[0.889s] -- Up-to-date symlink: /home/abhi169/autobot_ws/install/turtlebot3_description/share/turtlebot3_description/urdf/turtlebot3_burger.urdf
[0.889s] -- Up-to-date symlink: /home/abhi169/autobot_ws/install/turtlebot3_description/share/turtlebot3_description/urdf/turtlebot3_waffle.urdf
[0.889s] -- Up-to-date symlink: /home/abhi169/autobot_ws/install/turtlebot3_description/share/turtlebot3_description/urdf/turtlebot3_waffle_pi.urdf
[0.889s] -- Up-to-date symlink: /home/abhi169/autobot_ws/install/turtlebot3_description/share/ament_index/resource_index/package_run_dependencies/turtlebot3_description
[0.889s] -- Up-to-date symlink: /home/abhi169/autobot_ws/install/turtlebot3_description/share/ament_index/resource_index/parent_prefix_path/turtlebot3_description
[0.890s] -- Up-to-date symlink: /home/abhi169/autobot_ws/install/turtlebot3_description/share/turtlebot3_description/environment/ament_prefix_path.sh
[0.890s] -- Up-to-date symlink: /home/abhi169/autobot_ws/install/turtlebot3_description/share/turtlebot3_description/environment/ament_prefix_path.dsv
[0.890s] -- Up-to-date symlink: /home/abhi169/autobot_ws/install/turtlebot3_description/share/turtlebot3_description/environment/path.sh
[0.890s] -- Up-to-date symlink: /home/abhi169/autobot_ws/install/turtlebot3_description/share/turtlebot3_description/environment/path.dsv
[0.890s] -- Up-to-date symlink: /home/abhi169/autobot_ws/install/turtlebot3_description/share/turtlebot3_description/local_setup.bash
[0.890s] -- Up-to-date symlink: /home/abhi169/autobot_ws/install/turtlebot3_description/share/turtlebot3_description/local_setup.sh
[0.890s] -- Up-to-date symlink: /home/abhi169/autobot_ws/install/turtlebot3_description/share/turtlebot3_description/local_setup.zsh
[0.891s] -- Up-to-date symlink: /home/abhi169/autobot_ws/install/turtlebot3_description/share/turtlebot3_description/local_setup.dsv
[0.891s] -- Symlinking: /home/abhi169/autobot_ws/install/turtlebot3_description/share/turtlebot3_description/package.dsv
[0.907s] -- Up-to-date symlink: /home/abhi169/autobot_ws/install/turtlebot3_description/share/ament_index/resource_index/packages/turtlebot3_description
[0.908s] -- Up-to-date symlink: /home/abhi169/autobot_ws/install/turtlebot3_description/share/turtlebot3_description/cmake/turtlebot3_descriptionConfig.cmake
[0.908s] -- Up-to-date symlink: /home/abhi169/autobot_ws/install/turtlebot3_description/share/turtlebot3_description/cmake/turtlebot3_descriptionConfig-version.cmake
[0.908s] -- Up-to-date symlink: /home/abhi169/autobot_ws/install/turtlebot3_description/share/turtlebot3_description/package.xml
[0.911s] Invoked command in '/home/abhi169/autobot_ws/build/turtlebot3_description' returned '0': CMAKE_PREFIX_PATH=${CMAKE_PREFIX_PATH}:/opt/ros/jazzy DEBUGINFOD_URLS=https://debuginfod.ubuntu.com /usr/bin/cmake --install /home/abhi169/autobot_ws/build/turtlebot3_description
