[0.019s] Invoking command in '/home/abhi169/autobot_ws/build/dynamixel_sdk_examples': AMENT_PREFIX_PATH=/home/abhi169/autobot_ws/install/dynamixel_sdk_custom_interfaces:/home/abhi169/autobot_ws/install/dynamixel_sdk:${AMENT_PREFIX_PATH} CMAKE_PREFIX_PATH=/home/abhi169/autobot_ws/install/dynamixel_sdk_custom_interfaces:/home/abhi169/autobot_ws/install/dynamixel_sdk:/opt/ros/jazzy/opt/gz_sim_vendor:/opt/ros/jazzy/opt/gz_sensors_vendor:/opt/ros/jazzy/opt/gz_physics_vendor:/opt/ros/jazzy/opt/sdformat_vendor:/opt/ros/jazzy/opt/gz_gui_vendor:/opt/ros/jazzy/opt/gz_transport_vendor:/opt/ros/jazzy/opt/gz_rendering_vendor:/opt/ros/jazzy/opt/gz_plugin_vendor:/opt/ros/jazzy/opt/gz_fuel_tools_vendor:/opt/ros/jazzy/opt/gz_msgs_vendor:/opt/ros/jazzy/opt/gz_common_vendor:/opt/ros/jazzy/opt/gz_math_vendor:/opt/ros/jazzy/opt/gz_utils_vendor:/opt/ros/jazzy/opt/gz_tools_vendor:/opt/ros/jazzy/opt/gz_ogre_next_vendor:/opt/ros/jazzy/opt/gz_dartsim_vendor:/opt/ros/jazzy/opt/gz_cmake_vendor:/opt/ros/jazzy DEBUGINFOD_URLS=https://debuginfod.ubuntu.com LD_LIBRARY_PATH=/home/abhi169/autobot_ws/install/dynamixel_sdk_custom_interfaces/lib:/home/abhi169/autobot_ws/install/dynamixel_sdk/lib:${LD_LIBRARY_PATH} PYTHONPATH=/home/abhi169/autobot_ws/install/dynamixel_sdk_custom_interfaces/lib/python3.12/site-packages:/home/abhi169/autobot_ws/install/dynamixel_sdk/lib/python3.12/site-packages:${PYTHONPATH} /usr/bin/cmake /home/abhi169/autobot_ws/src/DynamixelSDK/ros/dynamixel_sdk_examples -DCMAKE_INSTALL_PREFIX=/home/abhi169/autobot_ws/install/dynamixel_sdk_examples
[0.034s] -- Found ament_cmake: 2.5.3 (/opt/ros/jazzy/share/ament_cmake/cmake)
[0.329s] -- Override CMake install command with custom implementation using symlinks instead of copying resources
[0.341s] -- Found dynamixel_sdk: 3.8.3 (/home/abhi169/autobot_ws/install/dynamixel_sdk/share/dynamixel_sdk/cmake)
[0.343s] -- Found dynamixel_sdk_custom_interfaces: 3.8.3 (/home/abhi169/autobot_ws/install/dynamixel_sdk_custom_interfaces/share/dynamixel_sdk_custom_interfaces/cmake)
[0.387s] -- Found rosidl_generator_c: 4.6.5 (/opt/ros/jazzy/share/rosidl_generator_c/cmake)
[0.396s] -- Found rosidl_generator_cpp: 4.6.5 (/opt/ros/jazzy/share/rosidl_generator_cpp/cmake)
[0.407s] -- Using all available rosidl_typesupport_c: rosidl_typesupport_fastrtps_c;rosidl_typesupport_introspection_c
[0.431s] -- Using all available rosidl_typesupport_cpp: rosidl_typesupport_fastrtps_cpp;rosidl_typesupport_introspection_cpp
[0.476s] -- Found rclcpp: 28.1.8 (/opt/ros/jazzy/share/rclcpp/cmake)
[0.524s] -- Found rmw_implementation_cmake: 7.3.2 (/opt/ros/jazzy/share/rmw_implementation_cmake/cmake)
[0.527s] -- Found rmw_fastrtps_cpp: 8.4.2 (/opt/ros/jazzy/share/rmw_fastrtps_cpp/cmake)
[0.620s] -- Using RMW implementation 'rmw_fastrtps_cpp' as default
[0.721s] -- Found rclpy: 7.1.4 (/opt/ros/jazzy/share/rclpy/cmake)
[0.723s] -- Found ament_lint_auto: 0.17.2 (/opt/ros/jazzy/share/ament_lint_auto/cmake)
[0.838s] -- Added test 'copyright' to check source files copyright and LICENSE
[0.839s] -- Added test 'cppcheck' to perform static code analysis on C / C++ code
[0.839s] -- Configured cppcheck include dirs: /home/abhi169/autobot_ws/src/DynamixelSDK/ros/dynamixel_sdk_examples/include
[0.839s] -- Configured cppcheck exclude dirs and/or files: 
[0.840s] -- Added test 'cpplint' to check C / C++ code against the Google style
[0.840s] -- Configured cpplint exclude dirs and/or files: 
[0.841s] -- Added test 'flake8' to check Python code syntax and style conventions
[0.841s] -- Configured 'flake8' exclude dirs and/or files: 
[0.841s] -- Added test 'lint_cmake' to check CMake code style
[0.842s] -- Added test 'pep257' to check Python code against some of the docstring style conventions in PEP 257
[0.843s] -- Added test 'uncrustify' to check C / C++ code style
[0.843s] -- Configured uncrustify additional arguments: 
[0.844s] -- Added test 'xmllint' to check XML markup files
[0.846s] -- Configuring done (0.8s)
[0.867s] -- Generating done (0.0s)
[0.873s] -- Build files have been written to: /home/abhi169/autobot_ws/build/dynamixel_sdk_examples
[0.937s] Invoked command in '/home/abhi169/autobot_ws/build/dynamixel_sdk_examples' returned '0': AMENT_PREFIX_PATH=/home/abhi169/autobot_ws/install/dynamixel_sdk_custom_interfaces:/home/abhi169/autobot_ws/install/dynamixel_sdk:${AMENT_PREFIX_PATH} CMAKE_PREFIX_PATH=/home/abhi169/autobot_ws/install/dynamixel_sdk_custom_interfaces:/home/abhi169/autobot_ws/install/dynamixel_sdk:/opt/ros/jazzy/opt/gz_sim_vendor:/opt/ros/jazzy/opt/gz_sensors_vendor:/opt/ros/jazzy/opt/gz_physics_vendor:/opt/ros/jazzy/opt/sdformat_vendor:/opt/ros/jazzy/opt/gz_gui_vendor:/opt/ros/jazzy/opt/gz_transport_vendor:/opt/ros/jazzy/opt/gz_rendering_vendor:/opt/ros/jazzy/opt/gz_plugin_vendor:/opt/ros/jazzy/opt/gz_fuel_tools_vendor:/opt/ros/jazzy/opt/gz_msgs_vendor:/opt/ros/jazzy/opt/gz_common_vendor:/opt/ros/jazzy/opt/gz_math_vendor:/opt/ros/jazzy/opt/gz_utils_vendor:/opt/ros/jazzy/opt/gz_tools_vendor:/opt/ros/jazzy/opt/gz_ogre_next_vendor:/opt/ros/jazzy/opt/gz_dartsim_vendor:/opt/ros/jazzy/opt/gz_cmake_vendor:/opt/ros/jazzy DEBUGINFOD_URLS=https://debuginfod.ubuntu.com LD_LIBRARY_PATH=/home/abhi169/autobot_ws/install/dynamixel_sdk_custom_interfaces/lib:/home/abhi169/autobot_ws/install/dynamixel_sdk/lib:${LD_LIBRARY_PATH} PYTHONPATH=/home/abhi169/autobot_ws/install/dynamixel_sdk_custom_interfaces/lib/python3.12/site-packages:/home/abhi169/autobot_ws/install/dynamixel_sdk/lib/python3.12/site-packages:${PYTHONPATH} /usr/bin/cmake /home/abhi169/autobot_ws/src/DynamixelSDK/ros/dynamixel_sdk_examples -DCMAKE_INSTALL_PREFIX=/home/abhi169/autobot_ws/install/dynamixel_sdk_examples
[0.938s] Invoking command in '/home/abhi169/autobot_ws/build/dynamixel_sdk_examples': AMENT_PREFIX_PATH=/home/abhi169/autobot_ws/install/dynamixel_sdk_custom_interfaces:/home/abhi169/autobot_ws/install/dynamixel_sdk:${AMENT_PREFIX_PATH} CMAKE_PREFIX_PATH=/home/abhi169/autobot_ws/install/dynamixel_sdk_custom_interfaces:/home/abhi169/autobot_ws/install/dynamixel_sdk:/opt/ros/jazzy/opt/gz_sim_vendor:/opt/ros/jazzy/opt/gz_sensors_vendor:/opt/ros/jazzy/opt/gz_physics_vendor:/opt/ros/jazzy/opt/sdformat_vendor:/opt/ros/jazzy/opt/gz_gui_vendor:/opt/ros/jazzy/opt/gz_transport_vendor:/opt/ros/jazzy/opt/gz_rendering_vendor:/opt/ros/jazzy/opt/gz_plugin_vendor:/opt/ros/jazzy/opt/gz_fuel_tools_vendor:/opt/ros/jazzy/opt/gz_msgs_vendor:/opt/ros/jazzy/opt/gz_common_vendor:/opt/ros/jazzy/opt/gz_math_vendor:/opt/ros/jazzy/opt/gz_utils_vendor:/opt/ros/jazzy/opt/gz_tools_vendor:/opt/ros/jazzy/opt/gz_ogre_next_vendor:/opt/ros/jazzy/opt/gz_dartsim_vendor:/opt/ros/jazzy/opt/gz_cmake_vendor:/opt/ros/jazzy DEBUGINFOD_URLS=https://debuginfod.ubuntu.com LD_LIBRARY_PATH=/home/abhi169/autobot_ws/install/dynamixel_sdk_custom_interfaces/lib:/home/abhi169/autobot_ws/install/dynamixel_sdk/lib:${LD_LIBRARY_PATH} PYTHONPATH=/home/abhi169/autobot_ws/install/dynamixel_sdk_custom_interfaces/lib/python3.12/site-packages:/home/abhi169/autobot_ws/install/dynamixel_sdk/lib/python3.12/site-packages:${PYTHONPATH} /usr/bin/cmake --build /home/abhi169/autobot_ws/build/dynamixel_sdk_examples -- -j8 -l8
[1.010s] [ 50%] [32m[1mLinking CXX executable read_write_node[0m
[1.329s] [100%] Built target read_write_node
[1.341s] Invoked command in '/home/abhi169/autobot_ws/build/dynamixel_sdk_examples' returned '0': AMENT_PREFIX_PATH=/home/abhi169/autobot_ws/install/dynamixel_sdk_custom_interfaces:/home/abhi169/autobot_ws/install/dynamixel_sdk:${AMENT_PREFIX_PATH} CMAKE_PREFIX_PATH=/home/abhi169/autobot_ws/install/dynamixel_sdk_custom_interfaces:/home/abhi169/autobot_ws/install/dynamixel_sdk:/opt/ros/jazzy/opt/gz_sim_vendor:/opt/ros/jazzy/opt/gz_sensors_vendor:/opt/ros/jazzy/opt/gz_physics_vendor:/opt/ros/jazzy/opt/sdformat_vendor:/opt/ros/jazzy/opt/gz_gui_vendor:/opt/ros/jazzy/opt/gz_transport_vendor:/opt/ros/jazzy/opt/gz_rendering_vendor:/opt/ros/jazzy/opt/gz_plugin_vendor:/opt/ros/jazzy/opt/gz_fuel_tools_vendor:/opt/ros/jazzy/opt/gz_msgs_vendor:/opt/ros/jazzy/opt/gz_common_vendor:/opt/ros/jazzy/opt/gz_math_vendor:/opt/ros/jazzy/opt/gz_utils_vendor:/opt/ros/jazzy/opt/gz_tools_vendor:/opt/ros/jazzy/opt/gz_ogre_next_vendor:/opt/ros/jazzy/opt/gz_dartsim_vendor:/opt/ros/jazzy/opt/gz_cmake_vendor:/opt/ros/jazzy DEBUGINFOD_URLS=https://debuginfod.ubuntu.com LD_LIBRARY_PATH=/home/abhi169/autobot_ws/install/dynamixel_sdk_custom_interfaces/lib:/home/abhi169/autobot_ws/install/dynamixel_sdk/lib:${LD_LIBRARY_PATH} PYTHONPATH=/home/abhi169/autobot_ws/install/dynamixel_sdk_custom_interfaces/lib/python3.12/site-packages:/home/abhi169/autobot_ws/install/dynamixel_sdk/lib/python3.12/site-packages:${PYTHONPATH} /usr/bin/cmake --build /home/abhi169/autobot_ws/build/dynamixel_sdk_examples -- -j8 -l8
[1.342s] Invoking command in '/home/abhi169/autobot_ws/build/dynamixel_sdk_examples': AMENT_PREFIX_PATH=/home/abhi169/autobot_ws/install/dynamixel_sdk_custom_interfaces:/home/abhi169/autobot_ws/install/dynamixel_sdk:${AMENT_PREFIX_PATH} CMAKE_PREFIX_PATH=/home/abhi169/autobot_ws/install/dynamixel_sdk_custom_interfaces:/home/abhi169/autobot_ws/install/dynamixel_sdk:/opt/ros/jazzy/opt/gz_sim_vendor:/opt/ros/jazzy/opt/gz_sensors_vendor:/opt/ros/jazzy/opt/gz_physics_vendor:/opt/ros/jazzy/opt/sdformat_vendor:/opt/ros/jazzy/opt/gz_gui_vendor:/opt/ros/jazzy/opt/gz_transport_vendor:/opt/ros/jazzy/opt/gz_rendering_vendor:/opt/ros/jazzy/opt/gz_plugin_vendor:/opt/ros/jazzy/opt/gz_fuel_tools_vendor:/opt/ros/jazzy/opt/gz_msgs_vendor:/opt/ros/jazzy/opt/gz_common_vendor:/opt/ros/jazzy/opt/gz_math_vendor:/opt/ros/jazzy/opt/gz_utils_vendor:/opt/ros/jazzy/opt/gz_tools_vendor:/opt/ros/jazzy/opt/gz_ogre_next_vendor:/opt/ros/jazzy/opt/gz_dartsim_vendor:/opt/ros/jazzy/opt/gz_cmake_vendor:/opt/ros/jazzy DEBUGINFOD_URLS=https://debuginfod.ubuntu.com LD_LIBRARY_PATH=/home/abhi169/autobot_ws/install/dynamixel_sdk_custom_interfaces/lib:/home/abhi169/autobot_ws/install/dynamixel_sdk/lib:${LD_LIBRARY_PATH} PYTHONPATH=/home/abhi169/autobot_ws/install/dynamixel_sdk_custom_interfaces/lib/python3.12/site-packages:/home/abhi169/autobot_ws/install/dynamixel_sdk/lib/python3.12/site-packages:${PYTHONPATH} /usr/bin/cmake --install /home/abhi169/autobot_ws/build/dynamixel_sdk_examples
[1.351s] -- Install configuration: ""
[1.352s] -- Execute custom install script
[1.352s] -- Up-to-date symlink: /home/abhi169/autobot_ws/install/dynamixel_sdk_examples/lib/dynamixel_sdk_examples/read_write_node
[1.352s] -- Up-to-date symlink: /home/abhi169/autobot_ws/install/dynamixel_sdk_examples/lib/dynamixel_sdk_examples/read_write_node.py
[1.352s] -- Up-to-date symlink: /home/abhi169/autobot_ws/install/dynamixel_sdk_examples/share/ament_index/resource_index/package_run_dependencies/dynamixel_sdk_examples
[1.352s] -- Up-to-date symlink: /home/abhi169/autobot_ws/install/dynamixel_sdk_examples/share/ament_index/resource_index/parent_prefix_path/dynamixel_sdk_examples
[1.352s] -- Up-to-date symlink: /home/abhi169/autobot_ws/install/dynamixel_sdk_examples/share/dynamixel_sdk_examples/environment/ament_prefix_path.sh
[1.353s] -- Up-to-date symlink: /home/abhi169/autobot_ws/install/dynamixel_sdk_examples/share/dynamixel_sdk_examples/environment/ament_prefix_path.dsv
[1.353s] -- Up-to-date symlink: /home/abhi169/autobot_ws/install/dynamixel_sdk_examples/share/dynamixel_sdk_examples/environment/path.sh
[1.353s] -- Up-to-date symlink: /home/abhi169/autobot_ws/install/dynamixel_sdk_examples/share/dynamixel_sdk_examples/environment/path.dsv
[1.353s] -- Up-to-date symlink: /home/abhi169/autobot_ws/install/dynamixel_sdk_examples/share/dynamixel_sdk_examples/local_setup.bash
[1.353s] -- Up-to-date symlink: /home/abhi169/autobot_ws/install/dynamixel_sdk_examples/share/dynamixel_sdk_examples/local_setup.sh
[1.353s] -- Up-to-date symlink: /home/abhi169/autobot_ws/install/dynamixel_sdk_examples/share/dynamixel_sdk_examples/local_setup.zsh
[1.353s] -- Up-to-date symlink: /home/abhi169/autobot_ws/install/dynamixel_sdk_examples/share/dynamixel_sdk_examples/local_setup.dsv
[1.353s] -- Symlinking: /home/abhi169/autobot_ws/install/dynamixel_sdk_examples/share/dynamixel_sdk_examples/package.dsv
[1.363s] -- Up-to-date symlink: /home/abhi169/autobot_ws/install/dynamixel_sdk_examples/share/ament_index/resource_index/packages/dynamixel_sdk_examples
[1.363s] -- Up-to-date symlink: /home/abhi169/autobot_ws/install/dynamixel_sdk_examples/share/dynamixel_sdk_examples/cmake/dynamixel_sdk_examplesConfig.cmake
[1.363s] -- Up-to-date symlink: /home/abhi169/autobot_ws/install/dynamixel_sdk_examples/share/dynamixel_sdk_examples/cmake/dynamixel_sdk_examplesConfig-version.cmake
[1.364s] -- Up-to-date symlink: /home/abhi169/autobot_ws/install/dynamixel_sdk_examples/share/dynamixel_sdk_examples/package.xml
[1.366s] Invoked command in '/home/abhi169/autobot_ws/build/dynamixel_sdk_examples' returned '0': AMENT_PREFIX_PATH=/home/abhi169/autobot_ws/install/dynamixel_sdk_custom_interfaces:/home/abhi169/autobot_ws/install/dynamixel_sdk:${AMENT_PREFIX_PATH} CMAKE_PREFIX_PATH=/home/abhi169/autobot_ws/install/dynamixel_sdk_custom_interfaces:/home/abhi169/autobot_ws/install/dynamixel_sdk:/opt/ros/jazzy/opt/gz_sim_vendor:/opt/ros/jazzy/opt/gz_sensors_vendor:/opt/ros/jazzy/opt/gz_physics_vendor:/opt/ros/jazzy/opt/sdformat_vendor:/opt/ros/jazzy/opt/gz_gui_vendor:/opt/ros/jazzy/opt/gz_transport_vendor:/opt/ros/jazzy/opt/gz_rendering_vendor:/opt/ros/jazzy/opt/gz_plugin_vendor:/opt/ros/jazzy/opt/gz_fuel_tools_vendor:/opt/ros/jazzy/opt/gz_msgs_vendor:/opt/ros/jazzy/opt/gz_common_vendor:/opt/ros/jazzy/opt/gz_math_vendor:/opt/ros/jazzy/opt/gz_utils_vendor:/opt/ros/jazzy/opt/gz_tools_vendor:/opt/ros/jazzy/opt/gz_ogre_next_vendor:/opt/ros/jazzy/opt/gz_dartsim_vendor:/opt/ros/jazzy/opt/gz_cmake_vendor:/opt/ros/jazzy DEBUGINFOD_URLS=https://debuginfod.ubuntu.com LD_LIBRARY_PATH=/home/abhi169/autobot_ws/install/dynamixel_sdk_custom_interfaces/lib:/home/abhi169/autobot_ws/install/dynamixel_sdk/lib:${LD_LIBRARY_PATH} PYTHONPATH=/home/abhi169/autobot_ws/install/dynamixel_sdk_custom_interfaces/lib/python3.12/site-packages:/home/abhi169/autobot_ws/install/dynamixel_sdk/lib/python3.12/site-packages:${PYTHONPATH} /usr/bin/cmake --install /home/abhi169/autobot_ws/build/dynamixel_sdk_examples
