[0.017s] Invoking command in '/home/abhi169/autobot_ws/build/turtlebot3_node': AMENT_PREFIX_PATH=/home/abhi169/autobot_ws/install/turtlebot3_msgs:/home/abhi169/autobot_ws/install/dynamixel_sdk:${AMENT_PREFIX_PATH} CMAKE_PREFIX_PATH=/home/abhi169/autobot_ws/install/turtlebot3_msgs:/home/abhi169/autobot_ws/install/dynamixel_sdk:/opt/ros/jazzy/opt/gz_sim_vendor:/opt/ros/jazzy/opt/gz_sensors_vendor:/opt/ros/jazzy/opt/gz_physics_vendor:/opt/ros/jazzy/opt/sdformat_vendor:/opt/ros/jazzy/opt/gz_gui_vendor:/opt/ros/jazzy/opt/gz_transport_vendor:/opt/ros/jazzy/opt/gz_rendering_vendor:/opt/ros/jazzy/opt/gz_plugin_vendor:/opt/ros/jazzy/opt/gz_fuel_tools_vendor:/opt/ros/jazzy/opt/gz_msgs_vendor:/opt/ros/jazzy/opt/gz_common_vendor:/opt/ros/jazzy/opt/gz_math_vendor:/opt/ros/jazzy/opt/gz_utils_vendor:/opt/ros/jazzy/opt/gz_tools_vendor:/opt/ros/jazzy/opt/gz_ogre_next_vendor:/opt/ros/jazzy/opt/gz_dartsim_vendor:/opt/ros/jazzy/opt/gz_cmake_vendor:/opt/ros/jazzy DEBUGINFOD_URLS=https://debuginfod.ubuntu.com LD_LIBRARY_PATH=/home/abhi169/autobot_ws/install/turtlebot3_msgs/lib:/home/abhi169/autobot_ws/install/dynamixel_sdk/lib:${LD_LIBRARY_PATH} PYTHONPATH=/home/abhi169/autobot_ws/install/turtlebot3_msgs/lib/python3.12/site-packages:/home/abhi169/autobot_ws/install/dynamixel_sdk/lib/python3.12/site-packages:${PYTHONPATH} /usr/bin/cmake /home/abhi169/autobot_ws/src/turtlebot3/turtlebot3_node -DCMAKE_INSTALL_PREFIX=/home/abhi169/autobot_ws/install/turtlebot3_node
[0.034s] -- Found ament_cmake: 2.5.3 (/opt/ros/jazzy/share/ament_cmake/cmake)
[0.268s] -- Override CMake install command with custom implementation using symlinks instead of copying resources
[0.274s] -- Found dynamixel_sdk: 3.8.3 (/home/abhi169/autobot_ws/install/dynamixel_sdk/share/dynamixel_sdk/cmake)
[0.276s] -- Found geometry_msgs: 5.3.6 (/opt/ros/jazzy/share/geometry_msgs/cmake)
[0.308s] -- Found rosidl_generator_c: 4.6.5 (/opt/ros/jazzy/share/rosidl_generator_c/cmake)
[0.318s] -- Found rosidl_generator_cpp: 4.6.5 (/opt/ros/jazzy/share/rosidl_generator_cpp/cmake)
[0.330s] -- Using all available rosidl_typesupport_c: rosidl_typesupport_fastrtps_c;rosidl_typesupport_introspection_c
[0.345s] -- Using all available rosidl_typesupport_cpp: rosidl_typesupport_fastrtps_cpp;rosidl_typesupport_introspection_cpp
[0.387s] -- Found message_filters: 4.11.5 (/opt/ros/jazzy/share/message_filters/cmake)
[0.443s] -- Found rmw_implementation_cmake: 7.3.2 (/opt/ros/jazzy/share/rmw_implementation_cmake/cmake)
[0.445s] -- Found rmw_fastrtps_cpp: 8.4.2 (/opt/ros/jazzy/share/rmw_fastrtps_cpp/cmake)
[0.518s] -- Using RMW implementation 'rmw_fastrtps_cpp' as default
[0.587s] -- Found nav_msgs: 5.3.6 (/opt/ros/jazzy/share/nav_msgs/cmake)
[0.621s] -- Found sensor_msgs: 5.3.6 (/opt/ros/jazzy/share/sensor_msgs/cmake)
[0.648s] -- Found std_srvs: 5.3.6 (/opt/ros/jazzy/share/std_srvs/cmake)
[0.667s] -- Found tf2: 0.36.9 (/opt/ros/jazzy/share/tf2/cmake)
[0.672s] -- Found tf2_ros: 0.36.9 (/opt/ros/jazzy/share/tf2_ros/cmake)
[0.795s] -- Found turtlebot3_msgs: 2.4.0 (/home/abhi169/autobot_ws/install/turtlebot3_msgs/share/turtlebot3_msgs/cmake)
[0.945s] -- Configuring done (0.9s)
[0.969s] -- Generating done (0.0s)
[0.975s] -- Build files have been written to: /home/abhi169/autobot_ws/build/turtlebot3_node
[0.984s] Invoked command in '/home/abhi169/autobot_ws/build/turtlebot3_node' returned '0': AMENT_PREFIX_PATH=/home/abhi169/autobot_ws/install/turtlebot3_msgs:/home/abhi169/autobot_ws/install/dynamixel_sdk:${AMENT_PREFIX_PATH} CMAKE_PREFIX_PATH=/home/abhi169/autobot_ws/install/turtlebot3_msgs:/home/abhi169/autobot_ws/install/dynamixel_sdk:/opt/ros/jazzy/opt/gz_sim_vendor:/opt/ros/jazzy/opt/gz_sensors_vendor:/opt/ros/jazzy/opt/gz_physics_vendor:/opt/ros/jazzy/opt/sdformat_vendor:/opt/ros/jazzy/opt/gz_gui_vendor:/opt/ros/jazzy/opt/gz_transport_vendor:/opt/ros/jazzy/opt/gz_rendering_vendor:/opt/ros/jazzy/opt/gz_plugin_vendor:/opt/ros/jazzy/opt/gz_fuel_tools_vendor:/opt/ros/jazzy/opt/gz_msgs_vendor:/opt/ros/jazzy/opt/gz_common_vendor:/opt/ros/jazzy/opt/gz_math_vendor:/opt/ros/jazzy/opt/gz_utils_vendor:/opt/ros/jazzy/opt/gz_tools_vendor:/opt/ros/jazzy/opt/gz_ogre_next_vendor:/opt/ros/jazzy/opt/gz_dartsim_vendor:/opt/ros/jazzy/opt/gz_cmake_vendor:/opt/ros/jazzy DEBUGINFOD_URLS=https://debuginfod.ubuntu.com LD_LIBRARY_PATH=/home/abhi169/autobot_ws/install/turtlebot3_msgs/lib:/home/abhi169/autobot_ws/install/dynamixel_sdk/lib:${LD_LIBRARY_PATH} PYTHONPATH=/home/abhi169/autobot_ws/install/turtlebot3_msgs/lib/python3.12/site-packages:/home/abhi169/autobot_ws/install/dynamixel_sdk/lib/python3.12/site-packages:${PYTHONPATH} /usr/bin/cmake /home/abhi169/autobot_ws/src/turtlebot3/turtlebot3_node -DCMAKE_INSTALL_PREFIX=/home/abhi169/autobot_ws/install/turtlebot3_node
[0.985s] Invoking command in '/home/abhi169/autobot_ws/build/turtlebot3_node': AMENT_PREFIX_PATH=/home/abhi169/autobot_ws/install/turtlebot3_msgs:/home/abhi169/autobot_ws/install/dynamixel_sdk:${AMENT_PREFIX_PATH} CMAKE_PREFIX_PATH=/home/abhi169/autobot_ws/install/turtlebot3_msgs:/home/abhi169/autobot_ws/install/dynamixel_sdk:/opt/ros/jazzy/opt/gz_sim_vendor:/opt/ros/jazzy/opt/gz_sensors_vendor:/opt/ros/jazzy/opt/gz_physics_vendor:/opt/ros/jazzy/opt/sdformat_vendor:/opt/ros/jazzy/opt/gz_gui_vendor:/opt/ros/jazzy/opt/gz_transport_vendor:/opt/ros/jazzy/opt/gz_rendering_vendor:/opt/ros/jazzy/opt/gz_plugin_vendor:/opt/ros/jazzy/opt/gz_fuel_tools_vendor:/opt/ros/jazzy/opt/gz_msgs_vendor:/opt/ros/jazzy/opt/gz_common_vendor:/opt/ros/jazzy/opt/gz_math_vendor:/opt/ros/jazzy/opt/gz_utils_vendor:/opt/ros/jazzy/opt/gz_tools_vendor:/opt/ros/jazzy/opt/gz_ogre_next_vendor:/opt/ros/jazzy/opt/gz_dartsim_vendor:/opt/ros/jazzy/opt/gz_cmake_vendor:/opt/ros/jazzy DEBUGINFOD_URLS=https://debuginfod.ubuntu.com LD_LIBRARY_PATH=/home/abhi169/autobot_ws/install/turtlebot3_msgs/lib:/home/abhi169/autobot_ws/install/dynamixel_sdk/lib:${LD_LIBRARY_PATH} PYTHONPATH=/home/abhi169/autobot_ws/install/turtlebot3_msgs/lib/python3.12/site-packages:/home/abhi169/autobot_ws/install/dynamixel_sdk/lib/python3.12/site-packages:${PYTHONPATH} /usr/bin/cmake --build /home/abhi169/autobot_ws/build/turtlebot3_node -- -j8 -l8
[1.081s] [ 85%] Built target turtlebot3_node_lib
[1.112s] [ 92%] [32m[1mLinking CXX executable turtlebot3_ros[0m
[2.583s] [100%] Built target turtlebot3_ros
[2.597s] Invoked command in '/home/abhi169/autobot_ws/build/turtlebot3_node' returned '0': AMENT_PREFIX_PATH=/home/abhi169/autobot_ws/install/turtlebot3_msgs:/home/abhi169/autobot_ws/install/dynamixel_sdk:${AMENT_PREFIX_PATH} CMAKE_PREFIX_PATH=/home/abhi169/autobot_ws/install/turtlebot3_msgs:/home/abhi169/autobot_ws/install/dynamixel_sdk:/opt/ros/jazzy/opt/gz_sim_vendor:/opt/ros/jazzy/opt/gz_sensors_vendor:/opt/ros/jazzy/opt/gz_physics_vendor:/opt/ros/jazzy/opt/sdformat_vendor:/opt/ros/jazzy/opt/gz_gui_vendor:/opt/ros/jazzy/opt/gz_transport_vendor:/opt/ros/jazzy/opt/gz_rendering_vendor:/opt/ros/jazzy/opt/gz_plugin_vendor:/opt/ros/jazzy/opt/gz_fuel_tools_vendor:/opt/ros/jazzy/opt/gz_msgs_vendor:/opt/ros/jazzy/opt/gz_common_vendor:/opt/ros/jazzy/opt/gz_math_vendor:/opt/ros/jazzy/opt/gz_utils_vendor:/opt/ros/jazzy/opt/gz_tools_vendor:/opt/ros/jazzy/opt/gz_ogre_next_vendor:/opt/ros/jazzy/opt/gz_dartsim_vendor:/opt/ros/jazzy/opt/gz_cmake_vendor:/opt/ros/jazzy DEBUGINFOD_URLS=https://debuginfod.ubuntu.com LD_LIBRARY_PATH=/home/abhi169/autobot_ws/install/turtlebot3_msgs/lib:/home/abhi169/autobot_ws/install/dynamixel_sdk/lib:${LD_LIBRARY_PATH} PYTHONPATH=/home/abhi169/autobot_ws/install/turtlebot3_msgs/lib/python3.12/site-packages:/home/abhi169/autobot_ws/install/dynamixel_sdk/lib/python3.12/site-packages:${PYTHONPATH} /usr/bin/cmake --build /home/abhi169/autobot_ws/build/turtlebot3_node -- -j8 -l8
[2.598s] Invoking command in '/home/abhi169/autobot_ws/build/turtlebot3_node': AMENT_PREFIX_PATH=/home/abhi169/autobot_ws/install/turtlebot3_msgs:/home/abhi169/autobot_ws/install/dynamixel_sdk:${AMENT_PREFIX_PATH} CMAKE_PREFIX_PATH=/home/abhi169/autobot_ws/install/turtlebot3_msgs:/home/abhi169/autobot_ws/install/dynamixel_sdk:/opt/ros/jazzy/opt/gz_sim_vendor:/opt/ros/jazzy/opt/gz_sensors_vendor:/opt/ros/jazzy/opt/gz_physics_vendor:/opt/ros/jazzy/opt/sdformat_vendor:/opt/ros/jazzy/opt/gz_gui_vendor:/opt/ros/jazzy/opt/gz_transport_vendor:/opt/ros/jazzy/opt/gz_rendering_vendor:/opt/ros/jazzy/opt/gz_plugin_vendor:/opt/ros/jazzy/opt/gz_fuel_tools_vendor:/opt/ros/jazzy/opt/gz_msgs_vendor:/opt/ros/jazzy/opt/gz_common_vendor:/opt/ros/jazzy/opt/gz_math_vendor:/opt/ros/jazzy/opt/gz_utils_vendor:/opt/ros/jazzy/opt/gz_tools_vendor:/opt/ros/jazzy/opt/gz_ogre_next_vendor:/opt/ros/jazzy/opt/gz_dartsim_vendor:/opt/ros/jazzy/opt/gz_cmake_vendor:/opt/ros/jazzy DEBUGINFOD_URLS=https://debuginfod.ubuntu.com LD_LIBRARY_PATH=/home/abhi169/autobot_ws/install/turtlebot3_msgs/lib:/home/abhi169/autobot_ws/install/dynamixel_sdk/lib:${LD_LIBRARY_PATH} PYTHONPATH=/home/abhi169/autobot_ws/install/turtlebot3_msgs/lib/python3.12/site-packages:/home/abhi169/autobot_ws/install/dynamixel_sdk/lib/python3.12/site-packages:${PYTHONPATH} /usr/bin/cmake --install /home/abhi169/autobot_ws/build/turtlebot3_node
[2.609s] -- Install configuration: ""
[2.610s] -- Execute custom install script
[2.610s] -- Up-to-date symlink: /home/abhi169/autobot_ws/install/turtlebot3_node/share/turtlebot3_node/param/burger.yaml
[2.610s] -- Up-to-date symlink: /home/abhi169/autobot_ws/install/turtlebot3_node/share/turtlebot3_node/param/waffle.yaml
[2.610s] -- Up-to-date symlink: /home/abhi169/autobot_ws/install/turtlebot3_node/share/turtlebot3_node/param/waffle_pi.yaml
[2.611s] -- Up-to-date symlink: /home/abhi169/autobot_ws/install/turtlebot3_node/lib/turtlebot3_node/turtlebot3_ros
[2.611s] -- Up-to-date symlink: /home/abhi169/autobot_ws/install/turtlebot3_node/share/ament_index/resource_index/package_run_dependencies/turtlebot3_node
[2.611s] -- Up-to-date symlink: /home/abhi169/autobot_ws/install/turtlebot3_node/share/ament_index/resource_index/parent_prefix_path/turtlebot3_node
[2.611s] -- Up-to-date symlink: /home/abhi169/autobot_ws/install/turtlebot3_node/share/turtlebot3_node/environment/ament_prefix_path.sh
[2.611s] -- Up-to-date symlink: /home/abhi169/autobot_ws/install/turtlebot3_node/share/turtlebot3_node/environment/ament_prefix_path.dsv
[2.612s] -- Up-to-date symlink: /home/abhi169/autobot_ws/install/turtlebot3_node/share/turtlebot3_node/environment/path.sh
[2.612s] -- Up-to-date symlink: /home/abhi169/autobot_ws/install/turtlebot3_node/share/turtlebot3_node/environment/path.dsv
[2.612s] -- Up-to-date symlink: /home/abhi169/autobot_ws/install/turtlebot3_node/share/turtlebot3_node/local_setup.bash
[2.612s] -- Up-to-date symlink: /home/abhi169/autobot_ws/install/turtlebot3_node/share/turtlebot3_node/local_setup.sh
[2.613s] -- Up-to-date symlink: /home/abhi169/autobot_ws/install/turtlebot3_node/share/turtlebot3_node/local_setup.zsh
[2.613s] -- Up-to-date symlink: /home/abhi169/autobot_ws/install/turtlebot3_node/share/turtlebot3_node/local_setup.dsv
[2.613s] -- Symlinking: /home/abhi169/autobot_ws/install/turtlebot3_node/share/turtlebot3_node/package.dsv
[2.628s] -- Up-to-date symlink: /home/abhi169/autobot_ws/install/turtlebot3_node/share/ament_index/resource_index/packages/turtlebot3_node
[2.628s] -- Up-to-date symlink: /home/abhi169/autobot_ws/install/turtlebot3_node/share/turtlebot3_node/cmake/ament_cmake_export_include_directories-extras.cmake
[2.628s] -- Up-to-date symlink: /home/abhi169/autobot_ws/install/turtlebot3_node/share/turtlebot3_node/cmake/turtlebot3_nodeConfig.cmake
[2.628s] -- Up-to-date symlink: /home/abhi169/autobot_ws/install/turtlebot3_node/share/turtlebot3_node/cmake/turtlebot3_nodeConfig-version.cmake
[2.628s] -- Up-to-date symlink: /home/abhi169/autobot_ws/install/turtlebot3_node/share/turtlebot3_node/package.xml
[2.631s] Invoked command in '/home/abhi169/autobot_ws/build/turtlebot3_node' returned '0': AMENT_PREFIX_PATH=/home/abhi169/autobot_ws/install/turtlebot3_msgs:/home/abhi169/autobot_ws/install/dynamixel_sdk:${AMENT_PREFIX_PATH} CMAKE_PREFIX_PATH=/home/abhi169/autobot_ws/install/turtlebot3_msgs:/home/abhi169/autobot_ws/install/dynamixel_sdk:/opt/ros/jazzy/opt/gz_sim_vendor:/opt/ros/jazzy/opt/gz_sensors_vendor:/opt/ros/jazzy/opt/gz_physics_vendor:/opt/ros/jazzy/opt/sdformat_vendor:/opt/ros/jazzy/opt/gz_gui_vendor:/opt/ros/jazzy/opt/gz_transport_vendor:/opt/ros/jazzy/opt/gz_rendering_vendor:/opt/ros/jazzy/opt/gz_plugin_vendor:/opt/ros/jazzy/opt/gz_fuel_tools_vendor:/opt/ros/jazzy/opt/gz_msgs_vendor:/opt/ros/jazzy/opt/gz_common_vendor:/opt/ros/jazzy/opt/gz_math_vendor:/opt/ros/jazzy/opt/gz_utils_vendor:/opt/ros/jazzy/opt/gz_tools_vendor:/opt/ros/jazzy/opt/gz_ogre_next_vendor:/opt/ros/jazzy/opt/gz_dartsim_vendor:/opt/ros/jazzy/opt/gz_cmake_vendor:/opt/ros/jazzy DEBUGINFOD_URLS=https://debuginfod.ubuntu.com LD_LIBRARY_PATH=/home/abhi169/autobot_ws/install/turtlebot3_msgs/lib:/home/abhi169/autobot_ws/install/dynamixel_sdk/lib:${LD_LIBRARY_PATH} PYTHONPATH=/home/abhi169/autobot_ws/install/turtlebot3_msgs/lib/python3.12/site-packages:/home/abhi169/autobot_ws/install/dynamixel_sdk/lib/python3.12/site-packages:${PYTHONPATH} /usr/bin/cmake --install /home/abhi169/autobot_ws/build/turtlebot3_node
