[1.903s] Invoking command in '/home/abhi169/autobot_ws/build/turtlebot3_teleop': DEBUGINFOD_URLS=https://debuginfod.ubuntu.com PYTHONPATH=/home/abhi169/autobot_ws/build/turtlebot3_teleop/prefix_override:/usr/lib/python3/dist-packages/colcon_core/task/python/colcon_distutils_commands:/home/abhi169/autobot_ws/install/turtlebot3_teleop/lib/python3.12/site-packages:${PYTHONPATH} /usr/bin/python3 -W ignore:setup.py install is deprecated -W ignore:easy_install command is deprecated setup.py develop --editable --build-directory /home/abhi169/autobot_ws/build/turtlebot3_teleop/build --no-deps symlink_data
[2.917s] running develop
[3.181s] running egg_info
[3.182s] creating turtlebot3_teleop.egg-info
[3.205s] writing turtlebot3_teleop.egg-info/PKG-INFO
[3.206s] writing dependency_links to turtlebot3_teleop.egg-info/dependency_links.txt
[3.206s] writing entry points to turtlebot3_teleop.egg-info/entry_points.txt
[3.206s] writing requirements to turtlebot3_teleop.egg-info/requires.txt
[3.207s] writing top-level names to turtlebot3_teleop.egg-info/top_level.txt
[3.207s] writing manifest file 'turtlebot3_teleop.egg-info/SOURCES.txt'
[3.254s] reading manifest file 'turtlebot3_teleop.egg-info/SOURCES.txt'
[3.255s] writing manifest file 'turtlebot3_teleop.egg-info/SOURCES.txt'
[3.288s] running build_ext
[3.289s] Creating /home/abhi169/autobot_ws/install/turtlebot3_teleop/lib/python3.12/site-packages/turtlebot3-teleop.egg-link (link to .)
[3.289s] Installing teleop_keyboard script to /home/abhi169/autobot_ws/install/turtlebot3_teleop/lib/turtlebot3_teleop
[3.289s] 
[3.290s] Installed /home/abhi169/autobot_ws/build/turtlebot3_teleop
[3.290s] running symlink_data
[3.290s] creating /home/abhi169/autobot_ws/install/turtlebot3_teleop/share/ament_index
[3.290s] creating /home/abhi169/autobot_ws/install/turtlebot3_teleop/share/ament_index/resource_index
[3.290s] creating /home/abhi169/autobot_ws/install/turtlebot3_teleop/share/ament_index/resource_index/packages
[3.291s] symbolically linking /home/abhi169/autobot_ws/build/turtlebot3_teleop/resource/turtlebot3_teleop -> /home/abhi169/autobot_ws/install/turtlebot3_teleop/share/ament_index/resource_index/packages
[3.291s] symbolically linking /home/abhi169/autobot_ws/build/turtlebot3_teleop/package.xml -> /home/abhi169/autobot_ws/install/turtlebot3_teleop/share/turtlebot3_teleop
[3.345s] Invoked command in '/home/abhi169/autobot_ws/build/turtlebot3_teleop' returned '0': DEBUGINFOD_URLS=https://debuginfod.ubuntu.com PYTHONPATH=/home/abhi169/autobot_ws/build/turtlebot3_teleop/prefix_override:/usr/lib/python3/dist-packages/colcon_core/task/python/colcon_distutils_commands:/home/abhi169/autobot_ws/install/turtlebot3_teleop/lib/python3.12/site-packages:${PYTHONPATH} /usr/bin/python3 -W ignore:setup.py install is deprecated -W ignore:easy_install command is deprecated setup.py develop --editable --build-directory /home/abhi169/autobot_ws/build/turtlebot3_teleop/build --no-deps symlink_data
