[0.034s] Invoking command in '/home/abhi169/autobot_ws/build/dynamixel_sdk': CMAKE_PREFIX_PATH=${CMAKE_PREFIX_PATH}:/opt/ros/jazzy DEBUGINFOD_URLS=https://debuginfod.ubuntu.com /usr/bin/cmake /home/abhi169/autobot_ws/src/DynamixelSDK/ros/dynamixel_sdk -DAMENT_CMAKE_SYMLINK_INSTALL=1 -DCMAKE_INSTALL_PREFIX=/home/abhi169/autobot_ws/install/dynamixel_sdk
[0.182s] -- The C compiler identification is GNU 13.3.0
[0.311s] -- The CXX compiler identification is GNU 13.3.0
[0.329s] -- Detecting C compiler ABI info
[0.471s] -- Detecting C compiler ABI info - done
[0.481s] -- Check for working C compiler: /usr/bin/cc - skipped
[0.481s] -- Detecting C compile features
[0.482s] -- Detecting C compile features - done
[0.497s] -- Detecting CXX compiler ABI info
[0.652s] -- Detecting CXX compiler ABI info - done
[0.669s] -- Check for working CXX compiler: /usr/bin/c++ - skipped
[0.669s] -- Detecting CXX compile features
[0.670s] -- Detecting CXX compile features - done
[0.676s] -- Found ament_cmake: 2.5.3 (/opt/ros/jazzy/share/ament_cmake/cmake)
[0.915s] -- Found Python3: /usr/bin/python3 (found version "3.12.3") found components: Interpreter 
[1.037s] -- Override CMake install command with custom implementation using symlinks instead of copying resources
[1.472s] -- Configuring done (1.4s)
[1.484s] -- Generating done (0.0s)
[1.486s] -- Build files have been written to: /home/abhi169/autobot_ws/build/dynamixel_sdk
[1.502s] Invoked command in '/home/abhi169/autobot_ws/build/dynamixel_sdk' returned '0': CMAKE_PREFIX_PATH=${CMAKE_PREFIX_PATH}:/opt/ros/jazzy DEBUGINFOD_URLS=https://debuginfod.ubuntu.com /usr/bin/cmake /home/abhi169/autobot_ws/src/DynamixelSDK/ros/dynamixel_sdk -DAMENT_CMAKE_SYMLINK_INSTALL=1 -DCMAKE_INSTALL_PREFIX=/home/abhi169/autobot_ws/install/dynamixel_sdk
[1.504s] Invoking command in '/home/abhi169/autobot_ws/build/dynamixel_sdk': CMAKE_PREFIX_PATH=${CMAKE_PREFIX_PATH}:/opt/ros/jazzy DEBUGINFOD_URLS=https://debuginfod.ubuntu.com /usr/bin/cmake --build /home/abhi169/autobot_ws/build/dynamixel_sdk -- -j8 -l8
[1.599s] [  7%] [32mBuilding CXX object CMakeFiles/dynamixel_sdk.dir/src/dynamixel_sdk/protocol1_packet_handler.cpp.o[0m
[1.602s] [ 15%] [32mBuilding CXX object CMakeFiles/dynamixel_sdk.dir/src/dynamixel_sdk/packet_handler.cpp.o[0m
[1.610s] [ 23%] [32mBuilding CXX object CMakeFiles/dynamixel_sdk.dir/src/dynamixel_sdk/group_sync_write.cpp.o[0m
[1.610s] [ 30%] [32mBuilding CXX object CMakeFiles/dynamixel_sdk.dir/src/dynamixel_sdk/protocol2_packet_handler.cpp.o[0m
[1.615s] [ 38%] [32mBuilding CXX object CMakeFiles/dynamixel_sdk.dir/src/dynamixel_sdk/group_sync_read.cpp.o[0m
[1.620s] [ 46%] [32mBuilding CXX object CMakeFiles/dynamixel_sdk.dir/src/dynamixel_sdk/group_bulk_read.cpp.o[0m
[1.643s] [ 53%] [32mBuilding CXX object CMakeFiles/dynamixel_sdk.dir/src/dynamixel_sdk/group_bulk_write.cpp.o[0m
[1.663s] [ 53%] Built target ament_cmake_python_symlink_dynamixel_sdk
[2.225s] [ 61%] [32mBuilding CXX object CMakeFiles/dynamixel_sdk.dir/src/dynamixel_sdk/group_fast_bulk_read.cpp.o[0m
[2.253s] [ 69%] [32mBuilding CXX object CMakeFiles/dynamixel_sdk.dir/src/dynamixel_sdk/group_fast_sync_read.cpp.o[0m
[2.345s] running egg_info
[2.347s] creating dynamixel_sdk.egg-info
[2.357s] [ 76%] [32mBuilding CXX object CMakeFiles/dynamixel_sdk.dir/src/dynamixel_sdk/group_handler.cpp.o[0m
[2.433s] writing dynamixel_sdk.egg-info/PKG-INFO
[2.433s] writing dependency_links to dynamixel_sdk.egg-info/dependency_links.txt
[2.433s] writing top-level names to dynamixel_sdk.egg-info/top_level.txt
[2.433s] writing manifest file 'dynamixel_sdk.egg-info/SOURCES.txt'
[2.652s] [ 84%] [32mBuilding CXX object CMakeFiles/dynamixel_sdk.dir/src/dynamixel_sdk/port_handler.cpp.o[0m
[2.670s] [ 92%] [32mBuilding CXX object CMakeFiles/dynamixel_sdk.dir/src/dynamixel_sdk/port_handler_linux.cpp.o[0m
[2.719s] reading manifest file 'dynamixel_sdk.egg-info/SOURCES.txt'
[2.720s] writing manifest file 'dynamixel_sdk.egg-info/SOURCES.txt'
[2.803s] [ 92%] Built target ament_cmake_python_build_dynamixel_sdk_egg
[2.949s] [100%] [32m[1mLinking CXX shared library libdynamixel_sdk.so[0m
[3.038s] [100%] Built target dynamixel_sdk
[3.052s] Invoked command in '/home/abhi169/autobot_ws/build/dynamixel_sdk' returned '0': CMAKE_PREFIX_PATH=${CMAKE_PREFIX_PATH}:/opt/ros/jazzy DEBUGINFOD_URLS=https://debuginfod.ubuntu.com /usr/bin/cmake --build /home/abhi169/autobot_ws/build/dynamixel_sdk -- -j8 -l8
[3.053s] Invoking command in '/home/abhi169/autobot_ws/build/dynamixel_sdk': CMAKE_PREFIX_PATH=${CMAKE_PREFIX_PATH}:/opt/ros/jazzy DEBUGINFOD_URLS=https://debuginfod.ubuntu.com /usr/bin/cmake --install /home/abhi169/autobot_ws/build/dynamixel_sdk
[3.062s] -- Install configuration: ""
[3.063s] -- Execute custom install script
[3.063s] -- Symlinking: /home/abhi169/autobot_ws/install/dynamixel_sdk/include//dynamixel_sdk/dynamixel_sdk.h
[3.073s] -- Symlinking: /home/abhi169/autobot_ws/install/dynamixel_sdk/include//dynamixel_sdk/group_bulk_read.h
[3.082s] -- Symlinking: /home/abhi169/autobot_ws/install/dynamixel_sdk/include//dynamixel_sdk/group_bulk_write.h
[3.092s] -- Symlinking: /home/abhi169/autobot_ws/install/dynamixel_sdk/include//dynamixel_sdk/group_fast_bulk_read.h
[3.101s] -- Symlinking: /home/abhi169/autobot_ws/install/dynamixel_sdk/include//dynamixel_sdk/group_fast_sync_read.h
[3.111s] -- Symlinking: /home/abhi169/autobot_ws/install/dynamixel_sdk/include//dynamixel_sdk/group_handler.h
[3.121s] -- Symlinking: /home/abhi169/autobot_ws/install/dynamixel_sdk/include//dynamixel_sdk/group_sync_read.h
[3.136s] -- Symlinking: /home/abhi169/autobot_ws/install/dynamixel_sdk/include//dynamixel_sdk/group_sync_write.h
[3.146s] -- Symlinking: /home/abhi169/autobot_ws/install/dynamixel_sdk/include//dynamixel_sdk/packet_handler.h
[3.157s] -- Symlinking: /home/abhi169/autobot_ws/install/dynamixel_sdk/include//dynamixel_sdk/port_handler.h
[3.166s] -- Symlinking: /home/abhi169/autobot_ws/install/dynamixel_sdk/include//dynamixel_sdk/port_handler_arduino.h
[3.176s] -- Symlinking: /home/abhi169/autobot_ws/install/dynamixel_sdk/include//dynamixel_sdk/port_handler_linux.h
[3.186s] -- Symlinking: /home/abhi169/autobot_ws/install/dynamixel_sdk/include//dynamixel_sdk/port_handler_mac.h
[3.196s] -- Symlinking: /home/abhi169/autobot_ws/install/dynamixel_sdk/include//dynamixel_sdk/port_handler_windows.h
[3.206s] -- Symlinking: /home/abhi169/autobot_ws/install/dynamixel_sdk/include//dynamixel_sdk/protocol1_packet_handler.h
[3.216s] -- Symlinking: /home/abhi169/autobot_ws/install/dynamixel_sdk/include//dynamixel_sdk/protocol2_packet_handler.h
[3.226s] -- Symlinking: /home/abhi169/autobot_ws/install/dynamixel_sdk/lib/libdynamixel_sdk.so
[3.238s] -- Symlinking: /home/abhi169/autobot_ws/install/dynamixel_sdk/share/dynamixel_sdk/environment/pythonpath.sh
[3.249s] -- Symlinking: /home/abhi169/autobot_ws/install/dynamixel_sdk/share/dynamixel_sdk/environment/pythonpath.dsv
[3.259s] -- Symlinking: /home/abhi169/autobot_ws/install/dynamixel_sdk/lib/python3.12/site-packages/dynamixel_sdk-3.8.3-py3.12.egg-info/PKG-INFO
[3.269s] -- Symlinking: /home/abhi169/autobot_ws/install/dynamixel_sdk/lib/python3.12/site-packages/dynamixel_sdk-3.8.3-py3.12.egg-info/SOURCES.txt
[3.279s] -- Symlinking: /home/abhi169/autobot_ws/install/dynamixel_sdk/lib/python3.12/site-packages/dynamixel_sdk-3.8.3-py3.12.egg-info/dependency_links.txt
[3.289s] -- Symlinking: /home/abhi169/autobot_ws/install/dynamixel_sdk/lib/python3.12/site-packages/dynamixel_sdk-3.8.3-py3.12.egg-info/top_level.txt
[3.299s] -- Symlinking: /home/abhi169/autobot_ws/install/dynamixel_sdk/lib/python3.12/site-packages/dynamixel_sdk/__init__.py
[3.312s] -- Symlinking: /home/abhi169/autobot_ws/install/dynamixel_sdk/lib/python3.12/site-packages/dynamixel_sdk/group_bulk_read.cpp
[3.325s] -- Symlinking: /home/abhi169/autobot_ws/install/dynamixel_sdk/lib/python3.12/site-packages/dynamixel_sdk/group_bulk_read.py
[3.338s] -- Symlinking: /home/abhi169/autobot_ws/install/dynamixel_sdk/lib/python3.12/site-packages/dynamixel_sdk/group_bulk_write.cpp
[3.350s] -- Symlinking: /home/abhi169/autobot_ws/install/dynamixel_sdk/lib/python3.12/site-packages/dynamixel_sdk/group_bulk_write.py
[3.360s] -- Symlinking: /home/abhi169/autobot_ws/install/dynamixel_sdk/lib/python3.12/site-packages/dynamixel_sdk/group_fast_bulk_read.cpp
[3.372s] -- Symlinking: /home/abhi169/autobot_ws/install/dynamixel_sdk/lib/python3.12/site-packages/dynamixel_sdk/group_fast_sync_read.cpp
[3.385s] -- Symlinking: /home/abhi169/autobot_ws/install/dynamixel_sdk/lib/python3.12/site-packages/dynamixel_sdk/group_handler.cpp
[3.397s] -- Symlinking: /home/abhi169/autobot_ws/install/dynamixel_sdk/lib/python3.12/site-packages/dynamixel_sdk/group_sync_read.cpp
[3.407s] -- Symlinking: /home/abhi169/autobot_ws/install/dynamixel_sdk/lib/python3.12/site-packages/dynamixel_sdk/group_sync_read.py
[3.417s] -- Symlinking: /home/abhi169/autobot_ws/install/dynamixel_sdk/lib/python3.12/site-packages/dynamixel_sdk/group_sync_write.cpp
[3.427s] -- Symlinking: /home/abhi169/autobot_ws/install/dynamixel_sdk/lib/python3.12/site-packages/dynamixel_sdk/group_sync_write.py
[3.438s] -- Symlinking: /home/abhi169/autobot_ws/install/dynamixel_sdk/lib/python3.12/site-packages/dynamixel_sdk/packet_handler.cpp
[3.448s] -- Symlinking: /home/abhi169/autobot_ws/install/dynamixel_sdk/lib/python3.12/site-packages/dynamixel_sdk/packet_handler.py
[3.457s] -- Symlinking: /home/abhi169/autobot_ws/install/dynamixel_sdk/lib/python3.12/site-packages/dynamixel_sdk/port_handler.cpp
[3.467s] -- Symlinking: /home/abhi169/autobot_ws/install/dynamixel_sdk/lib/python3.12/site-packages/dynamixel_sdk/port_handler.py
[3.477s] -- Symlinking: /home/abhi169/autobot_ws/install/dynamixel_sdk/lib/python3.12/site-packages/dynamixel_sdk/port_handler_arduino.cpp
[3.487s] -- Symlinking: /home/abhi169/autobot_ws/install/dynamixel_sdk/lib/python3.12/site-packages/dynamixel_sdk/port_handler_linux.cpp
[3.497s] -- Symlinking: /home/abhi169/autobot_ws/install/dynamixel_sdk/lib/python3.12/site-packages/dynamixel_sdk/port_handler_mac.cpp
[3.507s] -- Symlinking: /home/abhi169/autobot_ws/install/dynamixel_sdk/lib/python3.12/site-packages/dynamixel_sdk/port_handler_windows.cpp
[3.520s] -- Symlinking: /home/abhi169/autobot_ws/install/dynamixel_sdk/lib/python3.12/site-packages/dynamixel_sdk/protocol1_packet_handler.cpp
[3.533s] -- Symlinking: /home/abhi169/autobot_ws/install/dynamixel_sdk/lib/python3.12/site-packages/dynamixel_sdk/protocol1_packet_handler.py
[3.546s] -- Symlinking: /home/abhi169/autobot_ws/install/dynamixel_sdk/lib/python3.12/site-packages/dynamixel_sdk/protocol2_packet_handler.cpp
[3.555s] -- Symlinking: /home/abhi169/autobot_ws/install/dynamixel_sdk/lib/python3.12/site-packages/dynamixel_sdk/protocol2_packet_handler.py
[3.565s] -- Symlinking: /home/abhi169/autobot_ws/install/dynamixel_sdk/lib/python3.12/site-packages/dynamixel_sdk/robotis_def.py
[3.574s] -- Symlinking: /home/abhi169/autobot_ws/install/dynamixel_sdk/share/dynamixel_sdk/environment/library_path.sh
[3.584s] -- Symlinking: /home/abhi169/autobot_ws/install/dynamixel_sdk/share/dynamixel_sdk/environment/library_path.dsv
[3.594s] -- Symlinking: /home/abhi169/autobot_ws/install/dynamixel_sdk/share/ament_index/resource_index/package_run_dependencies/dynamixel_sdk
[3.603s] -- Symlinking: /home/abhi169/autobot_ws/install/dynamixel_sdk/share/ament_index/resource_index/parent_prefix_path/dynamixel_sdk
[3.613s] -- Symlinking: /home/abhi169/autobot_ws/install/dynamixel_sdk/share/dynamixel_sdk/environment/ament_prefix_path.sh
[3.623s] -- Symlinking: /home/abhi169/autobot_ws/install/dynamixel_sdk/share/dynamixel_sdk/environment/ament_prefix_path.dsv
[3.633s] -- Symlinking: /home/abhi169/autobot_ws/install/dynamixel_sdk/share/dynamixel_sdk/environment/path.sh
[3.644s] -- Symlinking: /home/abhi169/autobot_ws/install/dynamixel_sdk/share/dynamixel_sdk/environment/path.dsv
[3.654s] -- Symlinking: /home/abhi169/autobot_ws/install/dynamixel_sdk/share/dynamixel_sdk/local_setup.bash
[3.665s] -- Symlinking: /home/abhi169/autobot_ws/install/dynamixel_sdk/share/dynamixel_sdk/local_setup.sh
[3.674s] -- Symlinking: /home/abhi169/autobot_ws/install/dynamixel_sdk/share/dynamixel_sdk/local_setup.zsh
[3.684s] -- Symlinking: /home/abhi169/autobot_ws/install/dynamixel_sdk/share/dynamixel_sdk/local_setup.dsv
[3.694s] -- Symlinking: /home/abhi169/autobot_ws/install/dynamixel_sdk/share/dynamixel_sdk/package.dsv
[3.703s] -- Symlinking: /home/abhi169/autobot_ws/install/dynamixel_sdk/share/ament_index/resource_index/packages/dynamixel_sdk
[3.713s] -- Symlinking: /home/abhi169/autobot_ws/install/dynamixel_sdk/share/dynamixel_sdk/cmake/ament_cmake_export_include_directories-extras.cmake
[3.724s] -- Symlinking: /home/abhi169/autobot_ws/install/dynamixel_sdk/share/dynamixel_sdk/cmake/ament_cmake_export_libraries-extras.cmake
[3.735s] -- Symlinking: /home/abhi169/autobot_ws/install/dynamixel_sdk/share/dynamixel_sdk/cmake/dynamixel_sdkConfig.cmake
[3.745s] -- Symlinking: /home/abhi169/autobot_ws/install/dynamixel_sdk/share/dynamixel_sdk/cmake/dynamixel_sdkConfig-version.cmake
[3.757s] -- Symlinking: /home/abhi169/autobot_ws/install/dynamixel_sdk/share/dynamixel_sdk/package.xml
[3.866s] Listing '/home/abhi169/autobot_ws/install/dynamixel_sdk/lib/python3.12/site-packages/dynamixel_sdk'...
[3.866s] Compiling '/home/abhi169/autobot_ws/install/dynamixel_sdk/lib/python3.12/site-packages/dynamixel_sdk/__init__.py'...
[3.867s] Compiling '/home/abhi169/autobot_ws/install/dynamixel_sdk/lib/python3.12/site-packages/dynamixel_sdk/group_bulk_read.py'...
[3.867s] Compiling '/home/abhi169/autobot_ws/install/dynamixel_sdk/lib/python3.12/site-packages/dynamixel_sdk/group_bulk_write.py'...
[3.867s] Compiling '/home/abhi169/autobot_ws/install/dynamixel_sdk/lib/python3.12/site-packages/dynamixel_sdk/group_sync_read.py'...
[3.867s] Compiling '/home/abhi169/autobot_ws/install/dynamixel_sdk/lib/python3.12/site-packages/dynamixel_sdk/group_sync_write.py'...
[3.868s] Compiling '/home/abhi169/autobot_ws/install/dynamixel_sdk/lib/python3.12/site-packages/dynamixel_sdk/packet_handler.py'...
[3.868s] Compiling '/home/abhi169/autobot_ws/install/dynamixel_sdk/lib/python3.12/site-packages/dynamixel_sdk/port_handler.py'...
[3.868s] Compiling '/home/abhi169/autobot_ws/install/dynamixel_sdk/lib/python3.12/site-packages/dynamixel_sdk/protocol1_packet_handler.py'...
[3.868s] Compiling '/home/abhi169/autobot_ws/install/dynamixel_sdk/lib/python3.12/site-packages/dynamixel_sdk/protocol2_packet_handler.py'...
[3.868s] Compiling '/home/abhi169/autobot_ws/install/dynamixel_sdk/lib/python3.12/site-packages/dynamixel_sdk/robotis_def.py'...
[3.882s] Invoked command in '/home/abhi169/autobot_ws/build/dynamixel_sdk' returned '0': CMAKE_PREFIX_PATH=${CMAKE_PREFIX_PATH}:/opt/ros/jazzy DEBUGINFOD_URLS=https://debuginfod.ubuntu.com /usr/bin/cmake --install /home/abhi169/autobot_ws/build/dynamixel_sdk
