[0.040s] Invoking command in '/home/abhi169/autobot_ws/build/turtlebot3_cartographer': CMAKE_PREFIX_PATH=${CMAKE_PREFIX_PATH}:/opt/ros/jazzy DEBUGINFOD_URLS=https://debuginfod.ubuntu.com /usr/bin/cmake /home/abhi169/autobot_ws/src/turtlebot3/turtlebot3_cartographer -DCMAKE_INSTALL_PREFIX=/home/abhi169/autobot_ws/install/turtlebot3_cartographer
[0.447s] -- Found ament_cmake: 2.5.3 (/opt/ros/jazzy/share/ament_cmake/cmake)
[0.447s] -- Override CMake install command with custom implementation using symlinks instead of copying resources
[0.564s] -- Configuring done (0.5s)
[0.571s] -- Generating done (0.0s)
[0.573s] -- Build files have been written to: /home/abhi169/autobot_ws/build/turtlebot3_cartographer
[0.791s] Invoked command in '/home/abhi169/autobot_ws/build/turtlebot3_cartographer' returned '0': CMAKE_PREFIX_PATH=${CMAKE_PREFIX_PATH}:/opt/ros/jazzy DEBUGINFOD_URLS=https://debuginfod.ubuntu.com /usr/bin/cmake /home/abhi169/autobot_ws/src/turtlebot3/turtlebot3_cartographer -DCMAKE_INSTALL_PREFIX=/home/abhi169/autobot_ws/install/turtlebot3_cartographer
[0.791s] Invoking command in '/home/abhi169/autobot_ws/build/turtlebot3_cartographer': CMAKE_PREFIX_PATH=${CMAKE_PREFIX_PATH}:/opt/ros/jazzy DEBUGINFOD_URLS=https://debuginfod.ubuntu.com /usr/bin/cmake --build /home/abhi169/autobot_ws/build/turtlebot3_cartographer -- -j8 -l8
[0.871s] Invoked command in '/home/abhi169/autobot_ws/build/turtlebot3_cartographer' returned '0': CMAKE_PREFIX_PATH=${CMAKE_PREFIX_PATH}:/opt/ros/jazzy DEBUGINFOD_URLS=https://debuginfod.ubuntu.com /usr/bin/cmake --build /home/abhi169/autobot_ws/build/turtlebot3_cartographer -- -j8 -l8
[0.874s] Invoking command in '/home/abhi169/autobot_ws/build/turtlebot3_cartographer': CMAKE_PREFIX_PATH=${CMAKE_PREFIX_PATH}:/opt/ros/jazzy DEBUGINFOD_URLS=https://debuginfod.ubuntu.com /usr/bin/cmake --install /home/abhi169/autobot_ws/build/turtlebot3_cartographer
[0.897s] -- Install configuration: ""
[0.898s] -- Execute custom install script
[0.899s] -- Up-to-date symlink: /home/abhi169/autobot_ws/install/turtlebot3_cartographer/share/turtlebot3_cartographer/config/turtlebot3_lds_2d.lua
[0.899s] -- Up-to-date symlink: /home/abhi169/autobot_ws/install/turtlebot3_cartographer/share/turtlebot3_cartographer/launch/cartographer.launch.py
[0.899s] -- Up-to-date symlink: /home/abhi169/autobot_ws/install/turtlebot3_cartographer/share/turtlebot3_cartographer/launch/occupancy_grid.launch.py
[0.899s] -- Up-to-date symlink: /home/abhi169/autobot_ws/install/turtlebot3_cartographer/share/turtlebot3_cartographer/rviz/tb3_cartographer.rviz
[0.900s] -- Up-to-date symlink: /home/abhi169/autobot_ws/install/turtlebot3_cartographer/share/ament_index/resource_index/package_run_dependencies/turtlebot3_cartographer
[0.900s] -- Up-to-date symlink: /home/abhi169/autobot_ws/install/turtlebot3_cartographer/share/ament_index/resource_index/parent_prefix_path/turtlebot3_cartographer
[0.901s] -- Up-to-date symlink: /home/abhi169/autobot_ws/install/turtlebot3_cartographer/share/turtlebot3_cartographer/environment/ament_prefix_path.sh
[0.901s] -- Up-to-date symlink: /home/abhi169/autobot_ws/install/turtlebot3_cartographer/share/turtlebot3_cartographer/environment/ament_prefix_path.dsv
[0.901s] -- Up-to-date symlink: /home/abhi169/autobot_ws/install/turtlebot3_cartographer/share/turtlebot3_cartographer/environment/path.sh
[0.901s] -- Up-to-date symlink: /home/abhi169/autobot_ws/install/turtlebot3_cartographer/share/turtlebot3_cartographer/environment/path.dsv
[0.901s] -- Up-to-date symlink: /home/abhi169/autobot_ws/install/turtlebot3_cartographer/share/turtlebot3_cartographer/local_setup.bash
[0.902s] -- Up-to-date symlink: /home/abhi169/autobot_ws/install/turtlebot3_cartographer/share/turtlebot3_cartographer/local_setup.sh
[0.902s] -- Up-to-date symlink: /home/abhi169/autobot_ws/install/turtlebot3_cartographer/share/turtlebot3_cartographer/local_setup.zsh
[0.902s] -- Up-to-date symlink: /home/abhi169/autobot_ws/install/turtlebot3_cartographer/share/turtlebot3_cartographer/local_setup.dsv
[0.902s] -- Symlinking: /home/abhi169/autobot_ws/install/turtlebot3_cartographer/share/turtlebot3_cartographer/package.dsv
[0.920s] -- Up-to-date symlink: /home/abhi169/autobot_ws/install/turtlebot3_cartographer/share/ament_index/resource_index/packages/turtlebot3_cartographer
[0.920s] -- Up-to-date symlink: /home/abhi169/autobot_ws/install/turtlebot3_cartographer/share/turtlebot3_cartographer/cmake/turtlebot3_cartographerConfig.cmake
[0.921s] -- Up-to-date symlink: /home/abhi169/autobot_ws/install/turtlebot3_cartographer/share/turtlebot3_cartographer/cmake/turtlebot3_cartographerConfig-version.cmake
[0.922s] -- Up-to-date symlink: /home/abhi169/autobot_ws/install/turtlebot3_cartographer/share/turtlebot3_cartographer/package.xml
[0.963s] Invoked command in '/home/abhi169/autobot_ws/build/turtlebot3_cartographer' returned '0': CMAKE_PREFIX_PATH=${CMAKE_PREFIX_PATH}:/opt/ros/jazzy DEBUGINFOD_URLS=https://debuginfod.ubuntu.com /usr/bin/cmake --install /home/abhi169/autobot_ws/build/turtlebot3_cartographer
