[0.039s] Invoking command in '/home/abhi169/autobot_ws/build/turtlebot3_navigation2': CMAKE_PREFIX_PATH=${CMAKE_PREFIX_PATH}:/opt/ros/jazzy DEBUGINFOD_URLS=https://debuginfod.ubuntu.com /usr/bin/cmake /home/abhi169/autobot_ws/src/turtlebot3/turtlebot3_navigation2 -DCMAKE_INSTALL_PREFIX=/home/abhi169/autobot_ws/install/turtlebot3_navigation2
[0.443s] -- Found ament_cmake: 2.5.3 (/opt/ros/jazzy/share/ament_cmake/cmake)
[0.443s] -- Override CMake install command with custom implementation using symlinks instead of copying resources
[0.571s] -- Configuring done (0.5s)
[0.576s] -- Generating done (0.0s)
[0.579s] -- Build files have been written to: /home/abhi169/autobot_ws/build/turtlebot3_navigation2
[0.778s] Invoked command in '/home/abhi169/autobot_ws/build/turtlebot3_navigation2' returned '0': CMAKE_PREFIX_PATH=${CMAKE_PREFIX_PATH}:/opt/ros/jazzy DEBUGINFOD_URLS=https://debuginfod.ubuntu.com /usr/bin/cmake /home/abhi169/autobot_ws/src/turtlebot3/turtlebot3_navigation2 -DCMAKE_INSTALL_PREFIX=/home/abhi169/autobot_ws/install/turtlebot3_navigation2
[0.779s] Invoking command in '/home/abhi169/autobot_ws/build/turtlebot3_navigation2': CMAKE_PREFIX_PATH=${CMAKE_PREFIX_PATH}:/opt/ros/jazzy DEBUGINFOD_URLS=https://debuginfod.ubuntu.com /usr/bin/cmake --build /home/abhi169/autobot_ws/build/turtlebot3_navigation2 -- -j8 -l8
[0.867s] Invoked command in '/home/abhi169/autobot_ws/build/turtlebot3_navigation2' returned '0': CMAKE_PREFIX_PATH=${CMAKE_PREFIX_PATH}:/opt/ros/jazzy DEBUGINFOD_URLS=https://debuginfod.ubuntu.com /usr/bin/cmake --build /home/abhi169/autobot_ws/build/turtlebot3_navigation2 -- -j8 -l8
[0.867s] Invoking command in '/home/abhi169/autobot_ws/build/turtlebot3_navigation2': CMAKE_PREFIX_PATH=${CMAKE_PREFIX_PATH}:/opt/ros/jazzy DEBUGINFOD_URLS=https://debuginfod.ubuntu.com /usr/bin/cmake --install /home/abhi169/autobot_ws/build/turtlebot3_navigation2
[0.887s] -- Install configuration: ""
[0.888s] -- Execute custom install script
[0.889s] -- Up-to-date symlink: /home/abhi169/autobot_ws/install/turtlebot3_navigation2/share/turtlebot3_navigation2/launch/navigation2.launch.py
[0.889s] -- Up-to-date symlink: /home/abhi169/autobot_ws/install/turtlebot3_navigation2/share/turtlebot3_navigation2/map/map.pgm
[0.890s] -- Up-to-date symlink: /home/abhi169/autobot_ws/install/turtlebot3_navigation2/share/turtlebot3_navigation2/map/map.yaml
[0.890s] -- Up-to-date symlink: /home/abhi169/autobot_ws/install/turtlebot3_navigation2/share/turtlebot3_navigation2/param/burger.yaml
[0.890s] -- Up-to-date symlink: /home/abhi169/autobot_ws/install/turtlebot3_navigation2/share/turtlebot3_navigation2/param/burger_cam.yaml
[0.890s] -- Up-to-date symlink: /home/abhi169/autobot_ws/install/turtlebot3_navigation2/share/turtlebot3_navigation2/param/humble/burger.yaml
[0.891s] -- Up-to-date symlink: /home/abhi169/autobot_ws/install/turtlebot3_navigation2/share/turtlebot3_navigation2/param/humble/burger_cam.yaml
[0.891s] -- Up-to-date symlink: /home/abhi169/autobot_ws/install/turtlebot3_navigation2/share/turtlebot3_navigation2/param/humble/waffle.yaml
[0.891s] -- Up-to-date symlink: /home/abhi169/autobot_ws/install/turtlebot3_navigation2/share/turtlebot3_navigation2/param/humble/waffle_pi.yaml
[0.891s] -- Up-to-date symlink: /home/abhi169/autobot_ws/install/turtlebot3_navigation2/share/turtlebot3_navigation2/param/waffle.yaml
[0.891s] -- Up-to-date symlink: /home/abhi169/autobot_ws/install/turtlebot3_navigation2/share/turtlebot3_navigation2/param/waffle_pi.yaml
[0.891s] -- Up-to-date symlink: /home/abhi169/autobot_ws/install/turtlebot3_navigation2/share/turtlebot3_navigation2/rviz/tb3_navigation2.rviz
[0.892s] -- Up-to-date symlink: /home/abhi169/autobot_ws/install/turtlebot3_navigation2/share/ament_index/resource_index/package_run_dependencies/turtlebot3_navigation2
[0.892s] -- Up-to-date symlink: /home/abhi169/autobot_ws/install/turtlebot3_navigation2/share/ament_index/resource_index/parent_prefix_path/turtlebot3_navigation2
[0.892s] -- Up-to-date symlink: /home/abhi169/autobot_ws/install/turtlebot3_navigation2/share/turtlebot3_navigation2/environment/ament_prefix_path.sh
[0.892s] -- Up-to-date symlink: /home/abhi169/autobot_ws/install/turtlebot3_navigation2/share/turtlebot3_navigation2/environment/ament_prefix_path.dsv
[0.893s] -- Up-to-date symlink: /home/abhi169/autobot_ws/install/turtlebot3_navigation2/share/turtlebot3_navigation2/environment/path.sh
[0.893s] -- Up-to-date symlink: /home/abhi169/autobot_ws/install/turtlebot3_navigation2/share/turtlebot3_navigation2/environment/path.dsv
[0.893s] -- Up-to-date symlink: /home/abhi169/autobot_ws/install/turtlebot3_navigation2/share/turtlebot3_navigation2/local_setup.bash
[0.893s] -- Up-to-date symlink: /home/abhi169/autobot_ws/install/turtlebot3_navigation2/share/turtlebot3_navigation2/local_setup.sh
[0.893s] -- Up-to-date symlink: /home/abhi169/autobot_ws/install/turtlebot3_navigation2/share/turtlebot3_navigation2/local_setup.zsh
[0.894s] -- Up-to-date symlink: /home/abhi169/autobot_ws/install/turtlebot3_navigation2/share/turtlebot3_navigation2/local_setup.dsv
[0.894s] -- Symlinking: /home/abhi169/autobot_ws/install/turtlebot3_navigation2/share/turtlebot3_navigation2/package.dsv
[0.916s] -- Up-to-date symlink: /home/abhi169/autobot_ws/install/turtlebot3_navigation2/share/ament_index/resource_index/packages/turtlebot3_navigation2
[0.916s] -- Up-to-date symlink: /home/abhi169/autobot_ws/install/turtlebot3_navigation2/share/turtlebot3_navigation2/cmake/turtlebot3_navigation2Config.cmake
[0.916s] -- Up-to-date symlink: /home/abhi169/autobot_ws/install/turtlebot3_navigation2/share/turtlebot3_navigation2/cmake/turtlebot3_navigation2Config-version.cmake
[0.917s] -- Up-to-date symlink: /home/abhi169/autobot_ws/install/turtlebot3_navigation2/share/turtlebot3_navigation2/package.xml
[0.938s] Invoked command in '/home/abhi169/autobot_ws/build/turtlebot3_navigation2' returned '0': CMAKE_PREFIX_PATH=${CMAKE_PREFIX_PATH}:/opt/ros/jazzy DEBUGINFOD_URLS=https://debuginfod.ubuntu.com /usr/bin/cmake --install /home/abhi169/autobot_ws/build/turtlebot3_navigation2
