[0.023s] Invoking command in '/home/abhi169/autobot_ws/build/turtlebot3_cartographer': CMAKE_PREFIX_PATH=${CMAKE_PREFIX_PATH}:/opt/ros/jazzy DEBUGINFOD_URLS=https://debuginfod.ubuntu.com /usr/bin/cmake /home/abhi169/autobot_ws/src/turtlebot3/turtlebot3_cartographer -DAMENT_CMAKE_SYMLINK_INSTALL=1 -DCMAKE_INSTALL_PREFIX=/home/abhi169/autobot_ws/install/turtlebot3_cartographer
[0.165s] -- The C compiler identification is GNU 13.3.0
[0.290s] -- The CXX compiler identification is GNU 13.3.0
[0.309s] -- Detecting C compiler ABI info
[0.440s] -- Detecting C compiler ABI info - done
[0.453s] -- Check for working C compiler: /usr/bin/cc - skipped
[0.453s] -- Detecting C compile features
[0.454s] -- Detecting C compile features - done
[0.471s] -- Detecting CXX compiler ABI info
[0.620s] -- Detecting CXX compiler ABI info - done
[0.637s] -- Check for working CXX compiler: /usr/bin/c++ - skipped
[0.637s] -- Detecting CXX compile features
[0.638s] -- Detecting CXX compile features - done
[0.648s] -- Found ament_cmake: 2.5.3 (/opt/ros/jazzy/share/ament_cmake/cmake)
[0.887s] -- Found Python3: /usr/bin/python3 (found version "3.12.3") found components: Interpreter 
[1.033s] -- Override CMake install command with custom implementation using symlinks instead of copying resources
[1.288s] -- Configuring done (1.2s)
[1.299s] -- Generating done (0.0s)
[1.305s] -- Build files have been written to: /home/abhi169/autobot_ws/build/turtlebot3_cartographer
[1.316s] Invoked command in '/home/abhi169/autobot_ws/build/turtlebot3_cartographer' returned '0': CMAKE_PREFIX_PATH=${CMAKE_PREFIX_PATH}:/opt/ros/jazzy DEBUGINFOD_URLS=https://debuginfod.ubuntu.com /usr/bin/cmake /home/abhi169/autobot_ws/src/turtlebot3/turtlebot3_cartographer -DAMENT_CMAKE_SYMLINK_INSTALL=1 -DCMAKE_INSTALL_PREFIX=/home/abhi169/autobot_ws/install/turtlebot3_cartographer
[1.316s] Invoking command in '/home/abhi169/autobot_ws/build/turtlebot3_cartographer': CMAKE_PREFIX_PATH=${CMAKE_PREFIX_PATH}:/opt/ros/jazzy DEBUGINFOD_URLS=https://debuginfod.ubuntu.com /usr/bin/cmake --build /home/abhi169/autobot_ws/build/turtlebot3_cartographer -- -j8 -l8
[1.369s] Invoked command in '/home/abhi169/autobot_ws/build/turtlebot3_cartographer' returned '0': CMAKE_PREFIX_PATH=${CMAKE_PREFIX_PATH}:/opt/ros/jazzy DEBUGINFOD_URLS=https://debuginfod.ubuntu.com /usr/bin/cmake --build /home/abhi169/autobot_ws/build/turtlebot3_cartographer -- -j8 -l8
[1.370s] Invoking command in '/home/abhi169/autobot_ws/build/turtlebot3_cartographer': CMAKE_PREFIX_PATH=${CMAKE_PREFIX_PATH}:/opt/ros/jazzy DEBUGINFOD_URLS=https://debuginfod.ubuntu.com /usr/bin/cmake --install /home/abhi169/autobot_ws/build/turtlebot3_cartographer
[1.381s] -- Install configuration: ""
[1.382s] -- Execute custom install script
[1.382s] -- Symlinking: /home/abhi169/autobot_ws/install/turtlebot3_cartographer/share/turtlebot3_cartographer/config/turtlebot3_lds_2d.lua
[1.400s] -- Symlinking: /home/abhi169/autobot_ws/install/turtlebot3_cartographer/share/turtlebot3_cartographer/launch/cartographer.launch.py
[1.413s] -- Symlinking: /home/abhi169/autobot_ws/install/turtlebot3_cartographer/share/turtlebot3_cartographer/launch/occupancy_grid.launch.py
[1.426s] -- Symlinking: /home/abhi169/autobot_ws/install/turtlebot3_cartographer/share/turtlebot3_cartographer/rviz/tb3_cartographer.rviz
[1.442s] -- Symlinking: /home/abhi169/autobot_ws/install/turtlebot3_cartographer/share/ament_index/resource_index/package_run_dependencies/turtlebot3_cartographer
[1.455s] -- Symlinking: /home/abhi169/autobot_ws/install/turtlebot3_cartographer/share/ament_index/resource_index/parent_prefix_path/turtlebot3_cartographer
[1.474s] -- Symlinking: /home/abhi169/autobot_ws/install/turtlebot3_cartographer/share/turtlebot3_cartographer/environment/ament_prefix_path.sh
[1.490s] -- Symlinking: /home/abhi169/autobot_ws/install/turtlebot3_cartographer/share/turtlebot3_cartographer/environment/ament_prefix_path.dsv
[1.512s] -- Symlinking: /home/abhi169/autobot_ws/install/turtlebot3_cartographer/share/turtlebot3_cartographer/environment/path.sh
[1.532s] -- Symlinking: /home/abhi169/autobot_ws/install/turtlebot3_cartographer/share/turtlebot3_cartographer/environment/path.dsv
[1.542s] -- Symlinking: /home/abhi169/autobot_ws/install/turtlebot3_cartographer/share/turtlebot3_cartographer/local_setup.bash
[1.568s] -- Symlinking: /home/abhi169/autobot_ws/install/turtlebot3_cartographer/share/turtlebot3_cartographer/local_setup.sh
[1.582s] -- Symlinking: /home/abhi169/autobot_ws/install/turtlebot3_cartographer/share/turtlebot3_cartographer/local_setup.zsh
[1.623s] -- Symlinking: /home/abhi169/autobot_ws/install/turtlebot3_cartographer/share/turtlebot3_cartographer/local_setup.dsv
[1.650s] -- Symlinking: /home/abhi169/autobot_ws/install/turtlebot3_cartographer/share/turtlebot3_cartographer/package.dsv
[1.678s] -- Symlinking: /home/abhi169/autobot_ws/install/turtlebot3_cartographer/share/ament_index/resource_index/packages/turtlebot3_cartographer
[1.706s] -- Symlinking: /home/abhi169/autobot_ws/install/turtlebot3_cartographer/share/turtlebot3_cartographer/cmake/turtlebot3_cartographerConfig.cmake
[1.740s] -- Symlinking: /home/abhi169/autobot_ws/install/turtlebot3_cartographer/share/turtlebot3_cartographer/cmake/turtlebot3_cartographerConfig-version.cmake
[1.767s] -- Symlinking: /home/abhi169/autobot_ws/install/turtlebot3_cartographer/share/turtlebot3_cartographer/package.xml
[1.808s] Invoked command in '/home/abhi169/autobot_ws/build/turtlebot3_cartographer' returned '0': CMAKE_PREFIX_PATH=${CMAKE_PREFIX_PATH}:/opt/ros/jazzy DEBUGINFOD_URLS=https://debuginfod.ubuntu.com /usr/bin/cmake --install /home/abhi169/autobot_ws/build/turtlebot3_cartographer
