[0.041s] Invoking command in '/home/abhi169/autobot_ws/build/turtlebot3_msgs': CMAKE_PREFIX_PATH=${CMAKE_PREFIX_PATH}:/opt/ros/jazzy DEBUGINFOD_URLS=https://debuginfod.ubuntu.com /usr/bin/cmake /home/abhi169/autobot_ws/src/turtlebot3_msgs -DCMAKE_INSTALL_PREFIX=/home/abhi169/autobot_ws/install/turtlebot3_msgs
[0.453s] -- Found action_msgs: 2.0.2 (/opt/ros/jazzy/share/action_msgs/cmake)
[0.453s] -- Found Python3: /usr/bin/python3 (found version "3.12.3") found components: Interpreter 
[0.454s] -- Override CMake install command with custom implementation using symlinks instead of copying resources
[0.454s] -- Found rosidl_generator_c: 4.6.5 (/opt/ros/jazzy/share/rosidl_generator_c/cmake)
[0.454s] -- Found rosidl_generator_cpp: 4.6.5 (/opt/ros/jazzy/share/rosidl_generator_cpp/cmake)
[0.454s] -- Using all available rosidl_typesupport_c: rosidl_typesupport_fastrtps_c;rosidl_typesupport_introspection_c
[0.454s] -- Using all available rosidl_typesupport_cpp: rosidl_typesupport_fastrtps_cpp;rosidl_typesupport_introspection_cpp
[0.480s] -- Found rosidl_default_generators: 1.6.0 (/opt/ros/jazzy/share/rosidl_default_generators/cmake)
[0.497s] -- Found rosidl_adapter: 4.6.5 (/opt/ros/jazzy/share/rosidl_adapter/cmake)
[0.498s] -- Found std_msgs: 5.3.6 (/opt/ros/jazzy/share/std_msgs/cmake)
[0.530s] -- Found geometry_msgs: 5.3.6 (/opt/ros/jazzy/share/geometry_msgs/cmake)
[1.133s] -- Found ament_cmake_cppcheck: 0.17.2 (/opt/ros/jazzy/share/ament_cmake_cppcheck/cmake)
[1.134s] -- Found ament_cmake_cpplint: 0.17.2 (/opt/ros/jazzy/share/ament_cmake_cpplint/cmake)
[1.136s] -- Found ament_cmake_uncrustify: 0.17.2 (/opt/ros/jazzy/share/ament_cmake_uncrustify/cmake)
[1.138s] -- Found ament_cmake_ros: 0.12.0 (/opt/ros/jazzy/share/ament_cmake_ros/cmake)
[1.590s] -- Using all available rosidl_typesupport_c: rosidl_typesupport_fastrtps_c;rosidl_typesupport_introspection_c
[1.737s] -- Using all available rosidl_typesupport_cpp: rosidl_typesupport_fastrtps_cpp;rosidl_typesupport_introspection_cpp
[1.742s] -- Found python_cmake_module: 0.11.1 (/opt/ros/jazzy/share/python_cmake_module/cmake)
[2.101s] -- Found Python3: /usr/bin/python3 (found version "3.12.3") found components: Interpreter Development NumPy Development.Module Development.Embed 
[2.143s] -- Found ament_cmake_flake8: 0.17.2 (/opt/ros/jazzy/share/ament_cmake_flake8/cmake)
[2.146s] -- Found ament_cmake_pep257: 0.17.2 (/opt/ros/jazzy/share/ament_cmake_pep257/cmake)
[2.157s] -- Configuring done (2.1s)
[2.224s] -- Generating done (0.1s)
[2.238s] -- Build files have been written to: /home/abhi169/autobot_ws/build/turtlebot3_msgs
[2.268s] Invoked command in '/home/abhi169/autobot_ws/build/turtlebot3_msgs' returned '0': CMAKE_PREFIX_PATH=${CMAKE_PREFIX_PATH}:/opt/ros/jazzy DEBUGINFOD_URLS=https://debuginfod.ubuntu.com /usr/bin/cmake /home/abhi169/autobot_ws/src/turtlebot3_msgs -DCMAKE_INSTALL_PREFIX=/home/abhi169/autobot_ws/install/turtlebot3_msgs
[2.270s] Invoking command in '/home/abhi169/autobot_ws/build/turtlebot3_msgs': CMAKE_PREFIX_PATH=${CMAKE_PREFIX_PATH}:/opt/ros/jazzy DEBUGINFOD_URLS=https://debuginfod.ubuntu.com /usr/bin/cmake --build /home/abhi169/autobot_ws/build/turtlebot3_msgs -- -j8 -l8
[2.329s] [  1%] Built target turtlebot3_msgs__rosidl_generator_type_description
[2.347s] [  1%] Built target ament_cmake_python_symlink_turtlebot3_msgs
[2.358s] [  2%] Built target turtlebot3_msgs__cpp
[2.380s] [ 26%] Built target turtlebot3_msgs__rosidl_generator_c
[2.445s] [ 36%] Built target turtlebot3_msgs__rosidl_typesupport_c
[2.445s] [ 45%] Built target turtlebot3_msgs__rosidl_typesupport_introspection_c
[2.448s] [ 55%] Built target turtlebot3_msgs__rosidl_typesupport_cpp
[2.456s] [ 56%] [32m[1mLinking CXX shared library libturtlebot3_msgs__rosidl_typesupport_fastrtps_cpp.so[0m
[2.460s] [ 65%] Built target turtlebot3_msgs__rosidl_typesupport_introspection_cpp
[2.460s] [ 75%] Built target turtlebot3_msgs__rosidl_typesupport_fastrtps_c
[2.590s] [ 84%] Built target turtlebot3_msgs__rosidl_typesupport_fastrtps_cpp
[2.613s] [ 84%] Built target turtlebot3_msgs
[2.635s] [ 85%] Built target turtlebot3_msgs__py
[2.643s] running egg_info
[2.666s] writing turtlebot3_msgs.egg-info/PKG-INFO
[2.666s] writing dependency_links to turtlebot3_msgs.egg-info/dependency_links.txt
[2.666s] writing top-level names to turtlebot3_msgs.egg-info/top_level.txt
[2.666s] [ 93%] Built target turtlebot3_msgs__rosidl_generator_py
[2.694s] [ 95%] Built target turtlebot3_msgs_s__rosidl_typesupport_fastrtps_c
[2.699s] [ 97%] Built target turtlebot3_msgs_s__rosidl_typesupport_introspection_c
[2.700s] [100%] Built target turtlebot3_msgs_s__rosidl_typesupport_c
[2.741s] reading manifest file 'turtlebot3_msgs.egg-info/SOURCES.txt'
[2.742s] writing manifest file 'turtlebot3_msgs.egg-info/SOURCES.txt'
[2.773s] [100%] Built target ament_cmake_python_build_turtlebot3_msgs_egg
[2.785s] Invoked command in '/home/abhi169/autobot_ws/build/turtlebot3_msgs' returned '0': CMAKE_PREFIX_PATH=${CMAKE_PREFIX_PATH}:/opt/ros/jazzy DEBUGINFOD_URLS=https://debuginfod.ubuntu.com /usr/bin/cmake --build /home/abhi169/autobot_ws/build/turtlebot3_msgs -- -j8 -l8
[2.786s] Invoking command in '/home/abhi169/autobot_ws/build/turtlebot3_msgs': CMAKE_PREFIX_PATH=${CMAKE_PREFIX_PATH}:/opt/ros/jazzy DEBUGINFOD_URLS=https://debuginfod.ubuntu.com /usr/bin/cmake --install /home/abhi169/autobot_ws/build/turtlebot3_msgs
[2.795s] -- Install configuration: ""
[2.795s] -- Execute custom install script
[2.796s] -- Up-to-date symlink: /home/abhi169/autobot_ws/install/turtlebot3_msgs/share/ament_index/resource_index/rosidl_interfaces/turtlebot3_msgs
[2.796s] -- Up-to-date symlink: /home/abhi169/autobot_ws/install/turtlebot3_msgs/share/turtlebot3_msgs/msg/SensorState.json
[2.796s] -- Up-to-date symlink: /home/abhi169/autobot_ws/install/turtlebot3_msgs/share/turtlebot3_msgs/msg/Sound.json
[2.796s] -- Up-to-date symlink: /home/abhi169/autobot_ws/install/turtlebot3_msgs/share/turtlebot3_msgs/msg/VersionInfo.json
[2.796s] -- Up-to-date symlink: /home/abhi169/autobot_ws/install/turtlebot3_msgs/share/turtlebot3_msgs/srv/Sound.json
[2.796s] -- Up-to-date symlink: /home/abhi169/autobot_ws/install/turtlebot3_msgs/share/turtlebot3_msgs/srv/Dqn.json
[2.796s] -- Up-to-date symlink: /home/abhi169/autobot_ws/install/turtlebot3_msgs/share/turtlebot3_msgs/srv/Goal.json
[2.796s] -- Up-to-date symlink: /home/abhi169/autobot_ws/install/turtlebot3_msgs/share/turtlebot3_msgs/action/Patrol.json
[2.797s] -- Up-to-date symlink: /home/abhi169/autobot_ws/install/turtlebot3_msgs/include/turtlebot3_msgs/turtlebot3_msgs/action/detail/patrol__functions.h
[2.797s] -- Up-to-date symlink: /home/abhi169/autobot_ws/install/turtlebot3_msgs/include/turtlebot3_msgs/turtlebot3_msgs/action/detail/patrol__struct.h
[2.797s] -- Up-to-date symlink: /home/abhi169/autobot_ws/install/turtlebot3_msgs/include/turtlebot3_msgs/turtlebot3_msgs/action/detail/patrol__type_support.h
[2.797s] -- Up-to-date symlink: /home/abhi169/autobot_ws/install/turtlebot3_msgs/include/turtlebot3_msgs/turtlebot3_msgs/action/patrol.h
[2.797s] -- Up-to-date symlink: /home/abhi169/autobot_ws/install/turtlebot3_msgs/include/turtlebot3_msgs/turtlebot3_msgs/msg/detail/sensor_state__functions.h
[2.798s] -- Up-to-date symlink: /home/abhi169/autobot_ws/install/turtlebot3_msgs/include/turtlebot3_msgs/turtlebot3_msgs/msg/detail/sensor_state__struct.h
[2.798s] -- Up-to-date symlink: /home/abhi169/autobot_ws/install/turtlebot3_msgs/include/turtlebot3_msgs/turtlebot3_msgs/msg/detail/sensor_state__type_support.h
[2.798s] -- Up-to-date symlink: /home/abhi169/autobot_ws/install/turtlebot3_msgs/include/turtlebot3_msgs/turtlebot3_msgs/msg/detail/sound__functions.h
[2.798s] -- Up-to-date symlink: /home/abhi169/autobot_ws/install/turtlebot3_msgs/include/turtlebot3_msgs/turtlebot3_msgs/msg/detail/sound__struct.h
[2.798s] -- Up-to-date symlink: /home/abhi169/autobot_ws/install/turtlebot3_msgs/include/turtlebot3_msgs/turtlebot3_msgs/msg/detail/sound__type_support.h
[2.798s] -- Up-to-date symlink: /home/abhi169/autobot_ws/install/turtlebot3_msgs/include/turtlebot3_msgs/turtlebot3_msgs/msg/detail/version_info__functions.h
[2.798s] -- Up-to-date symlink: /home/abhi169/autobot_ws/install/turtlebot3_msgs/include/turtlebot3_msgs/turtlebot3_msgs/msg/detail/version_info__struct.h
[2.798s] -- Up-to-date symlink: /home/abhi169/autobot_ws/install/turtlebot3_msgs/include/turtlebot3_msgs/turtlebot3_msgs/msg/detail/version_info__type_support.h
[2.798s] -- Up-to-date symlink: /home/abhi169/autobot_ws/install/turtlebot3_msgs/include/turtlebot3_msgs/turtlebot3_msgs/msg/rosidl_generator_c__visibility_control.h
[2.798s] -- Up-to-date symlink: /home/abhi169/autobot_ws/install/turtlebot3_msgs/include/turtlebot3_msgs/turtlebot3_msgs/msg/sensor_state.h
[2.798s] -- Up-to-date symlink: /home/abhi169/autobot_ws/install/turtlebot3_msgs/include/turtlebot3_msgs/turtlebot3_msgs/msg/sound.h
[2.799s] -- Up-to-date symlink: /home/abhi169/autobot_ws/install/turtlebot3_msgs/include/turtlebot3_msgs/turtlebot3_msgs/msg/version_info.h
[2.799s] -- Up-to-date symlink: /home/abhi169/autobot_ws/install/turtlebot3_msgs/include/turtlebot3_msgs/turtlebot3_msgs/srv/detail/dqn__functions.h
[2.799s] -- Up-to-date symlink: /home/abhi169/autobot_ws/install/turtlebot3_msgs/include/turtlebot3_msgs/turtlebot3_msgs/srv/detail/dqn__struct.h
[2.799s] -- Up-to-date symlink: /home/abhi169/autobot_ws/install/turtlebot3_msgs/include/turtlebot3_msgs/turtlebot3_msgs/srv/detail/dqn__type_support.h
[2.799s] -- Up-to-date symlink: /home/abhi169/autobot_ws/install/turtlebot3_msgs/include/turtlebot3_msgs/turtlebot3_msgs/srv/detail/goal__functions.h
[2.799s] -- Up-to-date symlink: /home/abhi169/autobot_ws/install/turtlebot3_msgs/include/turtlebot3_msgs/turtlebot3_msgs/srv/detail/goal__struct.h
[2.799s] -- Up-to-date symlink: /home/abhi169/autobot_ws/install/turtlebot3_msgs/include/turtlebot3_msgs/turtlebot3_msgs/srv/detail/goal__type_support.h
[2.799s] -- Up-to-date symlink: /home/abhi169/autobot_ws/install/turtlebot3_msgs/include/turtlebot3_msgs/turtlebot3_msgs/srv/detail/sound__functions.h
[2.799s] -- Up-to-date symlink: /home/abhi169/autobot_ws/install/turtlebot3_msgs/include/turtlebot3_msgs/turtlebot3_msgs/srv/detail/sound__struct.h
[2.799s] -- Up-to-date symlink: /home/abhi169/autobot_ws/install/turtlebot3_msgs/include/turtlebot3_msgs/turtlebot3_msgs/srv/detail/sound__type_support.h
[2.799s] -- Up-to-date symlink: /home/abhi169/autobot_ws/install/turtlebot3_msgs/include/turtlebot3_msgs/turtlebot3_msgs/srv/dqn.h
[2.800s] -- Up-to-date symlink: /home/abhi169/autobot_ws/install/turtlebot3_msgs/include/turtlebot3_msgs/turtlebot3_msgs/srv/goal.h
[2.800s] -- Up-to-date symlink: /home/abhi169/autobot_ws/install/turtlebot3_msgs/include/turtlebot3_msgs/turtlebot3_msgs/srv/sound.h
[2.800s] -- Up-to-date symlink: /home/abhi169/autobot_ws/install/turtlebot3_msgs/share/turtlebot3_msgs/environment/library_path.sh
[2.800s] -- Up-to-date symlink: /home/abhi169/autobot_ws/install/turtlebot3_msgs/share/turtlebot3_msgs/environment/library_path.dsv
[2.800s] -- Up-to-date symlink: /home/abhi169/autobot_ws/install/turtlebot3_msgs/include/turtlebot3_msgs/turtlebot3_msgs/action/detail/patrol__rosidl_typesupport_fastrtps_c.h
[2.800s] -- Up-to-date symlink: /home/abhi169/autobot_ws/install/turtlebot3_msgs/include/turtlebot3_msgs/turtlebot3_msgs/msg/detail/sensor_state__rosidl_typesupport_fastrtps_c.h
[2.800s] -- Up-to-date symlink: /home/abhi169/autobot_ws/install/turtlebot3_msgs/include/turtlebot3_msgs/turtlebot3_msgs/msg/detail/sound__rosidl_typesupport_fastrtps_c.h
[2.801s] -- Up-to-date symlink: /home/abhi169/autobot_ws/install/turtlebot3_msgs/include/turtlebot3_msgs/turtlebot3_msgs/msg/detail/version_info__rosidl_typesupport_fastrtps_c.h
[2.801s] -- Up-to-date symlink: /home/abhi169/autobot_ws/install/turtlebot3_msgs/include/turtlebot3_msgs/turtlebot3_msgs/msg/rosidl_typesupport_fastrtps_c__visibility_control.h
[2.801s] -- Up-to-date symlink: /home/abhi169/autobot_ws/install/turtlebot3_msgs/include/turtlebot3_msgs/turtlebot3_msgs/srv/detail/dqn__rosidl_typesupport_fastrtps_c.h
[2.801s] -- Up-to-date symlink: /home/abhi169/autobot_ws/install/turtlebot3_msgs/include/turtlebot3_msgs/turtlebot3_msgs/srv/detail/goal__rosidl_typesupport_fastrtps_c.h
[2.801s] -- Up-to-date symlink: /home/abhi169/autobot_ws/install/turtlebot3_msgs/include/turtlebot3_msgs/turtlebot3_msgs/srv/detail/sound__rosidl_typesupport_fastrtps_c.h
[2.801s] -- Up-to-date symlink: /home/abhi169/autobot_ws/install/turtlebot3_msgs/include/turtlebot3_msgs/turtlebot3_msgs/action/detail/patrol__builder.hpp
[2.802s] -- Up-to-date symlink: /home/abhi169/autobot_ws/install/turtlebot3_msgs/include/turtlebot3_msgs/turtlebot3_msgs/action/detail/patrol__struct.hpp
[2.802s] -- Up-to-date symlink: /home/abhi169/autobot_ws/install/turtlebot3_msgs/include/turtlebot3_msgs/turtlebot3_msgs/action/detail/patrol__traits.hpp
[2.802s] -- Up-to-date symlink: /home/abhi169/autobot_ws/install/turtlebot3_msgs/include/turtlebot3_msgs/turtlebot3_msgs/action/detail/patrol__type_support.hpp
[2.802s] -- Up-to-date symlink: /home/abhi169/autobot_ws/install/turtlebot3_msgs/include/turtlebot3_msgs/turtlebot3_msgs/action/patrol.hpp
[2.802s] -- Up-to-date symlink: /home/abhi169/autobot_ws/install/turtlebot3_msgs/include/turtlebot3_msgs/turtlebot3_msgs/msg/detail/sensor_state__builder.hpp
[2.802s] -- Up-to-date symlink: /home/abhi169/autobot_ws/install/turtlebot3_msgs/include/turtlebot3_msgs/turtlebot3_msgs/msg/detail/sensor_state__struct.hpp
[2.803s] -- Up-to-date symlink: /home/abhi169/autobot_ws/install/turtlebot3_msgs/include/turtlebot3_msgs/turtlebot3_msgs/msg/detail/sensor_state__traits.hpp
[2.803s] -- Up-to-date symlink: /home/abhi169/autobot_ws/install/turtlebot3_msgs/include/turtlebot3_msgs/turtlebot3_msgs/msg/detail/sensor_state__type_support.hpp
[2.803s] -- Up-to-date symlink: /home/abhi169/autobot_ws/install/turtlebot3_msgs/include/turtlebot3_msgs/turtlebot3_msgs/msg/detail/sound__builder.hpp
[2.803s] -- Up-to-date symlink: /home/abhi169/autobot_ws/install/turtlebot3_msgs/include/turtlebot3_msgs/turtlebot3_msgs/msg/detail/sound__struct.hpp
[2.803s] -- Up-to-date symlink: /home/abhi169/autobot_ws/install/turtlebot3_msgs/include/turtlebot3_msgs/turtlebot3_msgs/msg/detail/sound__traits.hpp
[2.804s] -- Up-to-date symlink: /home/abhi169/autobot_ws/install/turtlebot3_msgs/include/turtlebot3_msgs/turtlebot3_msgs/msg/detail/sound__type_support.hpp
[2.804s] -- Up-to-date symlink: /home/abhi169/autobot_ws/install/turtlebot3_msgs/include/turtlebot3_msgs/turtlebot3_msgs/msg/detail/version_info__builder.hpp
[2.804s] -- Up-to-date symlink: /home/abhi169/autobot_ws/install/turtlebot3_msgs/include/turtlebot3_msgs/turtlebot3_msgs/msg/detail/version_info__struct.hpp
[2.804s] -- Up-to-date symlink: /home/abhi169/autobot_ws/install/turtlebot3_msgs/include/turtlebot3_msgs/turtlebot3_msgs/msg/detail/version_info__traits.hpp
[2.804s] -- Up-to-date symlink: /home/abhi169/autobot_ws/install/turtlebot3_msgs/include/turtlebot3_msgs/turtlebot3_msgs/msg/detail/version_info__type_support.hpp
[2.804s] -- Up-to-date symlink: /home/abhi169/autobot_ws/install/turtlebot3_msgs/include/turtlebot3_msgs/turtlebot3_msgs/msg/rosidl_generator_cpp__visibility_control.hpp
[2.805s] -- Up-to-date symlink: /home/abhi169/autobot_ws/install/turtlebot3_msgs/include/turtlebot3_msgs/turtlebot3_msgs/msg/sensor_state.hpp
[2.805s] -- Up-to-date symlink: /home/abhi169/autobot_ws/install/turtlebot3_msgs/include/turtlebot3_msgs/turtlebot3_msgs/msg/sound.hpp
[2.805s] -- Up-to-date symlink: /home/abhi169/autobot_ws/install/turtlebot3_msgs/include/turtlebot3_msgs/turtlebot3_msgs/msg/version_info.hpp
[2.805s] -- Up-to-date symlink: /home/abhi169/autobot_ws/install/turtlebot3_msgs/include/turtlebot3_msgs/turtlebot3_msgs/srv/detail/dqn__builder.hpp
[2.805s] -- Up-to-date symlink: /home/abhi169/autobot_ws/install/turtlebot3_msgs/include/turtlebot3_msgs/turtlebot3_msgs/srv/detail/dqn__struct.hpp
[2.805s] -- Up-to-date symlink: /home/abhi169/autobot_ws/install/turtlebot3_msgs/include/turtlebot3_msgs/turtlebot3_msgs/srv/detail/dqn__traits.hpp
[2.805s] -- Up-to-date symlink: /home/abhi169/autobot_ws/install/turtlebot3_msgs/include/turtlebot3_msgs/turtlebot3_msgs/srv/detail/dqn__type_support.hpp
[2.805s] -- Up-to-date symlink: /home/abhi169/autobot_ws/install/turtlebot3_msgs/include/turtlebot3_msgs/turtlebot3_msgs/srv/detail/goal__builder.hpp
[2.806s] -- Up-to-date symlink: /home/abhi169/autobot_ws/install/turtlebot3_msgs/include/turtlebot3_msgs/turtlebot3_msgs/srv/detail/goal__struct.hpp
[2.806s] -- Up-to-date symlink: /home/abhi169/autobot_ws/install/turtlebot3_msgs/include/turtlebot3_msgs/turtlebot3_msgs/srv/detail/goal__traits.hpp
[2.806s] -- Up-to-date symlink: /home/abhi169/autobot_ws/install/turtlebot3_msgs/include/turtlebot3_msgs/turtlebot3_msgs/srv/detail/goal__type_support.hpp
[2.806s] -- Up-to-date symlink: /home/abhi169/autobot_ws/install/turtlebot3_msgs/include/turtlebot3_msgs/turtlebot3_msgs/srv/detail/sound__builder.hpp
[2.806s] -- Up-to-date symlink: /home/abhi169/autobot_ws/install/turtlebot3_msgs/include/turtlebot3_msgs/turtlebot3_msgs/srv/detail/sound__struct.hpp
[2.806s] -- Up-to-date symlink: /home/abhi169/autobot_ws/install/turtlebot3_msgs/include/turtlebot3_msgs/turtlebot3_msgs/srv/detail/sound__traits.hpp
[2.806s] -- Up-to-date symlink: /home/abhi169/autobot_ws/install/turtlebot3_msgs/include/turtlebot3_msgs/turtlebot3_msgs/srv/detail/sound__type_support.hpp
[2.806s] -- Up-to-date symlink: /home/abhi169/autobot_ws/install/turtlebot3_msgs/include/turtlebot3_msgs/turtlebot3_msgs/srv/dqn.hpp
[2.807s] -- Up-to-date symlink: /home/abhi169/autobot_ws/install/turtlebot3_msgs/include/turtlebot3_msgs/turtlebot3_msgs/srv/goal.hpp
[2.807s] -- Up-to-date symlink: /home/abhi169/autobot_ws/install/turtlebot3_msgs/include/turtlebot3_msgs/turtlebot3_msgs/srv/sound.hpp
[2.808s] -- Up-to-date symlink: /home/abhi169/autobot_ws/install/turtlebot3_msgs/include/turtlebot3_msgs/turtlebot3_msgs/action/detail/patrol__rosidl_typesupport_fastrtps_cpp.hpp
[2.808s] -- Up-to-date symlink: /home/abhi169/autobot_ws/install/turtlebot3_msgs/include/turtlebot3_msgs/turtlebot3_msgs/msg/detail/sensor_state__rosidl_typesupport_fastrtps_cpp.hpp
[2.808s] -- Up-to-date symlink: /home/abhi169/autobot_ws/install/turtlebot3_msgs/include/turtlebot3_msgs/turtlebot3_msgs/msg/detail/sound__rosidl_typesupport_fastrtps_cpp.hpp
[2.808s] -- Up-to-date symlink: /home/abhi169/autobot_ws/install/turtlebot3_msgs/include/turtlebot3_msgs/turtlebot3_msgs/msg/detail/version_info__rosidl_typesupport_fastrtps_cpp.hpp
[2.808s] -- Up-to-date symlink: /home/abhi169/autobot_ws/install/turtlebot3_msgs/include/turtlebot3_msgs/turtlebot3_msgs/msg/rosidl_typesupport_fastrtps_cpp__visibility_control.h
[2.808s] -- Up-to-date symlink: /home/abhi169/autobot_ws/install/turtlebot3_msgs/include/turtlebot3_msgs/turtlebot3_msgs/srv/detail/dqn__rosidl_typesupport_fastrtps_cpp.hpp
[2.808s] -- Up-to-date symlink: /home/abhi169/autobot_ws/install/turtlebot3_msgs/include/turtlebot3_msgs/turtlebot3_msgs/srv/detail/goal__rosidl_typesupport_fastrtps_cpp.hpp
[2.809s] -- Up-to-date symlink: /home/abhi169/autobot_ws/install/turtlebot3_msgs/include/turtlebot3_msgs/turtlebot3_msgs/srv/detail/sound__rosidl_typesupport_fastrtps_cpp.hpp
[2.809s] -- Up-to-date symlink: /home/abhi169/autobot_ws/install/turtlebot3_msgs/include/turtlebot3_msgs/turtlebot3_msgs/action/detail/patrol__rosidl_typesupport_introspection_c.h
[2.809s] -- Up-to-date symlink: /home/abhi169/autobot_ws/install/turtlebot3_msgs/include/turtlebot3_msgs/turtlebot3_msgs/msg/detail/sensor_state__rosidl_typesupport_introspection_c.h
[2.809s] -- Up-to-date symlink: /home/abhi169/autobot_ws/install/turtlebot3_msgs/include/turtlebot3_msgs/turtlebot3_msgs/msg/detail/sound__rosidl_typesupport_introspection_c.h
[2.810s] -- Up-to-date symlink: /home/abhi169/autobot_ws/install/turtlebot3_msgs/include/turtlebot3_msgs/turtlebot3_msgs/msg/detail/version_info__rosidl_typesupport_introspection_c.h
[2.810s] -- Up-to-date symlink: /home/abhi169/autobot_ws/install/turtlebot3_msgs/include/turtlebot3_msgs/turtlebot3_msgs/msg/rosidl_typesupport_introspection_c__visibility_control.h
[2.810s] -- Up-to-date symlink: /home/abhi169/autobot_ws/install/turtlebot3_msgs/include/turtlebot3_msgs/turtlebot3_msgs/srv/detail/dqn__rosidl_typesupport_introspection_c.h
[2.810s] -- Up-to-date symlink: /home/abhi169/autobot_ws/install/turtlebot3_msgs/include/turtlebot3_msgs/turtlebot3_msgs/srv/detail/goal__rosidl_typesupport_introspection_c.h
[2.810s] -- Up-to-date symlink: /home/abhi169/autobot_ws/install/turtlebot3_msgs/include/turtlebot3_msgs/turtlebot3_msgs/srv/detail/sound__rosidl_typesupport_introspection_c.h
[2.811s] -- Up-to-date symlink: /home/abhi169/autobot_ws/install/turtlebot3_msgs/include/turtlebot3_msgs/turtlebot3_msgs/action/detail/patrol__rosidl_typesupport_introspection_cpp.hpp
[2.811s] -- Up-to-date symlink: /home/abhi169/autobot_ws/install/turtlebot3_msgs/include/turtlebot3_msgs/turtlebot3_msgs/msg/detail/sensor_state__rosidl_typesupport_introspection_cpp.hpp
[2.811s] -- Up-to-date symlink: /home/abhi169/autobot_ws/install/turtlebot3_msgs/include/turtlebot3_msgs/turtlebot3_msgs/msg/detail/sound__rosidl_typesupport_introspection_cpp.hpp
[2.811s] -- Up-to-date symlink: /home/abhi169/autobot_ws/install/turtlebot3_msgs/include/turtlebot3_msgs/turtlebot3_msgs/msg/detail/version_info__rosidl_typesupport_introspection_cpp.hpp
[2.811s] -- Up-to-date symlink: /home/abhi169/autobot_ws/install/turtlebot3_msgs/include/turtlebot3_msgs/turtlebot3_msgs/srv/detail/dqn__rosidl_typesupport_introspection_cpp.hpp
[2.811s] -- Up-to-date symlink: /home/abhi169/autobot_ws/install/turtlebot3_msgs/include/turtlebot3_msgs/turtlebot3_msgs/srv/detail/goal__rosidl_typesupport_introspection_cpp.hpp
[2.812s] -- Up-to-date symlink: /home/abhi169/autobot_ws/install/turtlebot3_msgs/include/turtlebot3_msgs/turtlebot3_msgs/srv/detail/sound__rosidl_typesupport_introspection_cpp.hpp
[2.812s] -- Up-to-date symlink: /home/abhi169/autobot_ws/install/turtlebot3_msgs/share/turtlebot3_msgs/environment/pythonpath.sh
[2.812s] -- Up-to-date symlink: /home/abhi169/autobot_ws/install/turtlebot3_msgs/share/turtlebot3_msgs/environment/pythonpath.dsv
[2.812s] -- Up-to-date symlink: /home/abhi169/autobot_ws/install/turtlebot3_msgs/lib/python3.12/site-packages/turtlebot3_msgs-2.4.0-py3.12.egg-info/PKG-INFO
[2.813s] -- Up-to-date symlink: /home/abhi169/autobot_ws/install/turtlebot3_msgs/lib/python3.12/site-packages/turtlebot3_msgs-2.4.0-py3.12.egg-info/SOURCES.txt
[2.813s] -- Up-to-date symlink: /home/abhi169/autobot_ws/install/turtlebot3_msgs/lib/python3.12/site-packages/turtlebot3_msgs-2.4.0-py3.12.egg-info/dependency_links.txt
[2.813s] -- Up-to-date symlink: /home/abhi169/autobot_ws/install/turtlebot3_msgs/lib/python3.12/site-packages/turtlebot3_msgs-2.4.0-py3.12.egg-info/top_level.txt
[2.814s] -- Up-to-date symlink: /home/abhi169/autobot_ws/install/turtlebot3_msgs/lib/python3.12/site-packages/turtlebot3_msgs/__init__.py
[2.814s] -- Up-to-date symlink: /home/abhi169/autobot_ws/install/turtlebot3_msgs/lib/python3.12/site-packages/turtlebot3_msgs/_turtlebot3_msgs_s.ep.rosidl_typesupport_c.c
[2.814s] -- Up-to-date symlink: /home/abhi169/autobot_ws/install/turtlebot3_msgs/lib/python3.12/site-packages/turtlebot3_msgs/_turtlebot3_msgs_s.ep.rosidl_typesupport_fastrtps_c.c
[2.814s] -- Up-to-date symlink: /home/abhi169/autobot_ws/install/turtlebot3_msgs/lib/python3.12/site-packages/turtlebot3_msgs/_turtlebot3_msgs_s.ep.rosidl_typesupport_introspection_c.c
[2.814s] -- Up-to-date symlink: /home/abhi169/autobot_ws/install/turtlebot3_msgs/lib/python3.12/site-packages/turtlebot3_msgs/action/__init__.py
[2.814s] -- Up-to-date symlink: /home/abhi169/autobot_ws/install/turtlebot3_msgs/lib/python3.12/site-packages/turtlebot3_msgs/action/_patrol.py
[2.815s] -- Up-to-date symlink: /home/abhi169/autobot_ws/install/turtlebot3_msgs/lib/python3.12/site-packages/turtlebot3_msgs/action/_patrol_s.c
[2.815s] -- Up-to-date symlink: /home/abhi169/autobot_ws/install/turtlebot3_msgs/lib/python3.12/site-packages/turtlebot3_msgs/msg/__init__.py
[2.815s] -- Up-to-date symlink: /home/abhi169/autobot_ws/install/turtlebot3_msgs/lib/python3.12/site-packages/turtlebot3_msgs/msg/_sensor_state.py
[2.815s] -- Up-to-date symlink: /home/abhi169/autobot_ws/install/turtlebot3_msgs/lib/python3.12/site-packages/turtlebot3_msgs/msg/_sensor_state_s.c
[2.815s] -- Up-to-date symlink: /home/abhi169/autobot_ws/install/turtlebot3_msgs/lib/python3.12/site-packages/turtlebot3_msgs/msg/_sound.py
[2.815s] -- Up-to-date symlink: /home/abhi169/autobot_ws/install/turtlebot3_msgs/lib/python3.12/site-packages/turtlebot3_msgs/msg/_sound_s.c
[2.816s] -- Up-to-date symlink: /home/abhi169/autobot_ws/install/turtlebot3_msgs/lib/python3.12/site-packages/turtlebot3_msgs/msg/_version_info.py
[2.816s] -- Up-to-date symlink: /home/abhi169/autobot_ws/install/turtlebot3_msgs/lib/python3.12/site-packages/turtlebot3_msgs/msg/_version_info_s.c
[2.816s] -- Up-to-date symlink: /home/abhi169/autobot_ws/install/turtlebot3_msgs/lib/python3.12/site-packages/turtlebot3_msgs/srv/__init__.py
[2.816s] -- Up-to-date symlink: /home/abhi169/autobot_ws/install/turtlebot3_msgs/lib/python3.12/site-packages/turtlebot3_msgs/srv/_dqn.py
[2.816s] -- Up-to-date symlink: /home/abhi169/autobot_ws/install/turtlebot3_msgs/lib/python3.12/site-packages/turtlebot3_msgs/srv/_dqn_s.c
[2.816s] -- Up-to-date symlink: /home/abhi169/autobot_ws/install/turtlebot3_msgs/lib/python3.12/site-packages/turtlebot3_msgs/srv/_goal.py
[2.817s] -- Up-to-date symlink: /home/abhi169/autobot_ws/install/turtlebot3_msgs/lib/python3.12/site-packages/turtlebot3_msgs/srv/_goal_s.c
[2.817s] -- Up-to-date symlink: /home/abhi169/autobot_ws/install/turtlebot3_msgs/lib/python3.12/site-packages/turtlebot3_msgs/srv/_sound.py
[2.817s] -- Up-to-date symlink: /home/abhi169/autobot_ws/install/turtlebot3_msgs/lib/python3.12/site-packages/turtlebot3_msgs/srv/_sound_s.c
[2.817s] -- Up-to-date symlink: /home/abhi169/autobot_ws/install/turtlebot3_msgs/lib/python3.12/site-packages/turtlebot3_msgs/turtlebot3_msgs_s__rosidl_typesupport_c.so
[2.817s] -- Up-to-date symlink: /home/abhi169/autobot_ws/install/turtlebot3_msgs/lib/python3.12/site-packages/turtlebot3_msgs/turtlebot3_msgs_s__rosidl_typesupport_fastrtps_c.so
[2.817s] -- Up-to-date symlink: /home/abhi169/autobot_ws/install/turtlebot3_msgs/lib/python3.12/site-packages/turtlebot3_msgs/turtlebot3_msgs_s__rosidl_typesupport_introspection_c.so
[2.818s] -- Up-to-date symlink: /home/abhi169/autobot_ws/install/turtlebot3_msgs/lib/python3.12/site-packages/turtlebot3_msgs/turtlebot3_msgs_s__rosidl_typesupport_fastrtps_c.so
[2.818s] -- Up-to-date symlink: /home/abhi169/autobot_ws/install/turtlebot3_msgs/lib/python3.12/site-packages/turtlebot3_msgs/turtlebot3_msgs_s__rosidl_typesupport_introspection_c.so
[2.818s] -- Up-to-date symlink: /home/abhi169/autobot_ws/install/turtlebot3_msgs/lib/python3.12/site-packages/turtlebot3_msgs/turtlebot3_msgs_s__rosidl_typesupport_c.so
[2.818s] -- Up-to-date symlink: /home/abhi169/autobot_ws/install/turtlebot3_msgs/share/turtlebot3_msgs/msg/SensorState.idl
[2.819s] -- Up-to-date symlink: /home/abhi169/autobot_ws/install/turtlebot3_msgs/share/turtlebot3_msgs/msg/Sound.idl
[2.819s] -- Up-to-date symlink: /home/abhi169/autobot_ws/install/turtlebot3_msgs/share/turtlebot3_msgs/msg/VersionInfo.idl
[2.819s] -- Up-to-date symlink: /home/abhi169/autobot_ws/install/turtlebot3_msgs/share/turtlebot3_msgs/srv/Sound.idl
[2.819s] -- Up-to-date symlink: /home/abhi169/autobot_ws/install/turtlebot3_msgs/share/turtlebot3_msgs/srv/Dqn.idl
[2.819s] -- Up-to-date symlink: /home/abhi169/autobot_ws/install/turtlebot3_msgs/share/turtlebot3_msgs/srv/Goal.idl
[2.820s] -- Up-to-date symlink: /home/abhi169/autobot_ws/install/turtlebot3_msgs/share/turtlebot3_msgs/action/Patrol.idl
[2.820s] -- Up-to-date symlink: /home/abhi169/autobot_ws/install/turtlebot3_msgs/share/turtlebot3_msgs/msg/SensorState.msg
[2.820s] -- Up-to-date symlink: /home/abhi169/autobot_ws/install/turtlebot3_msgs/share/turtlebot3_msgs/msg/Sound.msg
[2.820s] -- Up-to-date symlink: /home/abhi169/autobot_ws/install/turtlebot3_msgs/share/turtlebot3_msgs/msg/VersionInfo.msg
[2.820s] -- Up-to-date symlink: /home/abhi169/autobot_ws/install/turtlebot3_msgs/share/turtlebot3_msgs/srv/Sound.srv
[2.821s] -- Up-to-date symlink: /home/abhi169/autobot_ws/install/turtlebot3_msgs/share/turtlebot3_msgs/srv/Dqn.srv
[2.821s] -- Up-to-date symlink: /home/abhi169/autobot_ws/install/turtlebot3_msgs/share/turtlebot3_msgs/srv/Goal.srv
[2.821s] -- Up-to-date symlink: /home/abhi169/autobot_ws/install/turtlebot3_msgs/share/turtlebot3_msgs/action/Patrol.action
[2.821s] -- Up-to-date symlink: /home/abhi169/autobot_ws/install/turtlebot3_msgs/share/ament_index/resource_index/package_run_dependencies/turtlebot3_msgs
[2.821s] -- Up-to-date symlink: /home/abhi169/autobot_ws/install/turtlebot3_msgs/share/ament_index/resource_index/parent_prefix_path/turtlebot3_msgs
[2.822s] -- Up-to-date symlink: /home/abhi169/autobot_ws/install/turtlebot3_msgs/share/turtlebot3_msgs/environment/ament_prefix_path.sh
[2.822s] -- Up-to-date symlink: /home/abhi169/autobot_ws/install/turtlebot3_msgs/share/turtlebot3_msgs/environment/ament_prefix_path.dsv
[2.822s] -- Up-to-date symlink: /home/abhi169/autobot_ws/install/turtlebot3_msgs/share/turtlebot3_msgs/environment/path.sh
[2.822s] -- Up-to-date symlink: /home/abhi169/autobot_ws/install/turtlebot3_msgs/share/turtlebot3_msgs/environment/path.dsv
[2.822s] -- Up-to-date symlink: /home/abhi169/autobot_ws/install/turtlebot3_msgs/share/turtlebot3_msgs/local_setup.bash
[2.823s] -- Up-to-date symlink: /home/abhi169/autobot_ws/install/turtlebot3_msgs/share/turtlebot3_msgs/local_setup.sh
[2.823s] -- Up-to-date symlink: /home/abhi169/autobot_ws/install/turtlebot3_msgs/share/turtlebot3_msgs/local_setup.zsh
[2.823s] -- Up-to-date symlink: /home/abhi169/autobot_ws/install/turtlebot3_msgs/share/turtlebot3_msgs/local_setup.dsv
[2.823s] -- Symlinking: /home/abhi169/autobot_ws/install/turtlebot3_msgs/share/turtlebot3_msgs/package.dsv
[2.833s] -- Up-to-date symlink: /home/abhi169/autobot_ws/install/turtlebot3_msgs/share/ament_index/resource_index/packages/turtlebot3_msgs
[2.833s] -- Up-to-date symlink: /home/abhi169/autobot_ws/install/turtlebot3_msgs/share/turtlebot3_msgs/cmake/rosidl_cmake-extras.cmake
[2.833s] -- Up-to-date symlink: /home/abhi169/autobot_ws/install/turtlebot3_msgs/share/turtlebot3_msgs/cmake/ament_cmake_export_dependencies-extras.cmake
[2.833s] -- Up-to-date symlink: /home/abhi169/autobot_ws/install/turtlebot3_msgs/share/turtlebot3_msgs/cmake/ament_cmake_export_include_directories-extras.cmake
[2.834s] -- Up-to-date symlink: /home/abhi169/autobot_ws/install/turtlebot3_msgs/share/turtlebot3_msgs/cmake/ament_cmake_export_libraries-extras.cmake
[2.834s] -- Up-to-date symlink: /home/abhi169/autobot_ws/install/turtlebot3_msgs/share/turtlebot3_msgs/cmake/ament_cmake_export_targets-extras.cmake
[2.834s] -- Up-to-date symlink: /home/abhi169/autobot_ws/install/turtlebot3_msgs/share/turtlebot3_msgs/cmake/rosidl_cmake_export_typesupport_targets-extras.cmake
[2.834s] -- Up-to-date symlink: /home/abhi169/autobot_ws/install/turtlebot3_msgs/share/turtlebot3_msgs/cmake/rosidl_cmake_export_typesupport_libraries-extras.cmake
[2.834s] -- Up-to-date symlink: /home/abhi169/autobot_ws/install/turtlebot3_msgs/share/turtlebot3_msgs/cmake/turtlebot3_msgsConfig.cmake
[2.835s] -- Up-to-date symlink: /home/abhi169/autobot_ws/install/turtlebot3_msgs/share/turtlebot3_msgs/cmake/turtlebot3_msgsConfig-version.cmake
[2.835s] -- Up-to-date symlink: /home/abhi169/autobot_ws/install/turtlebot3_msgs/share/turtlebot3_msgs/package.xml
[2.836s] -- Up-to-date: /home/abhi169/autobot_ws/install/turtlebot3_msgs/lib/libturtlebot3_msgs__rosidl_generator_c.so
[2.836s] -- Up-to-date: /home/abhi169/autobot_ws/install/turtlebot3_msgs/lib/libturtlebot3_msgs__rosidl_typesupport_fastrtps_c.so
[2.837s] -- Installing: /home/abhi169/autobot_ws/install/turtlebot3_msgs/lib/libturtlebot3_msgs__rosidl_typesupport_fastrtps_cpp.so
[2.838s] -- Set non-toolchain portion of runtime path of "/home/abhi169/autobot_ws/install/turtlebot3_msgs/lib/libturtlebot3_msgs__rosidl_typesupport_fastrtps_cpp.so" to ""
[2.838s] -- Up-to-date: /home/abhi169/autobot_ws/install/turtlebot3_msgs/lib/libturtlebot3_msgs__rosidl_typesupport_introspection_c.so
[2.839s] -- Up-to-date: /home/abhi169/autobot_ws/install/turtlebot3_msgs/lib/libturtlebot3_msgs__rosidl_typesupport_c.so
[2.840s] -- Up-to-date: /home/abhi169/autobot_ws/install/turtlebot3_msgs/lib/libturtlebot3_msgs__rosidl_typesupport_introspection_cpp.so
[2.841s] -- Up-to-date: /home/abhi169/autobot_ws/install/turtlebot3_msgs/lib/libturtlebot3_msgs__rosidl_typesupport_cpp.so
[2.879s] Listing '/home/abhi169/autobot_ws/install/turtlebot3_msgs/lib/python3.12/site-packages/turtlebot3_msgs'...
[2.879s] Compiling '/home/abhi169/autobot_ws/install/turtlebot3_msgs/lib/python3.12/site-packages/turtlebot3_msgs/__init__.py'...
[2.879s] Listing '/home/abhi169/autobot_ws/install/turtlebot3_msgs/lib/python3.12/site-packages/turtlebot3_msgs/action'...
[2.879s] Listing '/home/abhi169/autobot_ws/install/turtlebot3_msgs/lib/python3.12/site-packages/turtlebot3_msgs/msg'...
[2.879s] Listing '/home/abhi169/autobot_ws/install/turtlebot3_msgs/lib/python3.12/site-packages/turtlebot3_msgs/srv'...
[2.885s] -- Up-to-date: /home/abhi169/autobot_ws/install/turtlebot3_msgs/lib/libturtlebot3_msgs__rosidl_generator_py.so
[2.885s] -- Up-to-date: /home/abhi169/autobot_ws/install/turtlebot3_msgs/share/turtlebot3_msgs/cmake/export_turtlebot3_msgs__rosidl_generator_cExport.cmake
[2.885s] -- Up-to-date: /home/abhi169/autobot_ws/install/turtlebot3_msgs/share/turtlebot3_msgs/cmake/export_turtlebot3_msgs__rosidl_generator_cExport-noconfig.cmake
[2.886s] -- Up-to-date: /home/abhi169/autobot_ws/install/turtlebot3_msgs/share/turtlebot3_msgs/cmake/export_turtlebot3_msgs__rosidl_typesupport_fastrtps_cExport.cmake
[2.886s] -- Up-to-date: /home/abhi169/autobot_ws/install/turtlebot3_msgs/share/turtlebot3_msgs/cmake/export_turtlebot3_msgs__rosidl_typesupport_fastrtps_cExport-noconfig.cmake
[2.886s] -- Up-to-date: /home/abhi169/autobot_ws/install/turtlebot3_msgs/share/turtlebot3_msgs/cmake/export_turtlebot3_msgs__rosidl_generator_cppExport.cmake
[2.886s] -- Up-to-date: /home/abhi169/autobot_ws/install/turtlebot3_msgs/share/turtlebot3_msgs/cmake/export_turtlebot3_msgs__rosidl_typesupport_fastrtps_cppExport.cmake
[2.886s] -- Up-to-date: /home/abhi169/autobot_ws/install/turtlebot3_msgs/share/turtlebot3_msgs/cmake/export_turtlebot3_msgs__rosidl_typesupport_fastrtps_cppExport-noconfig.cmake
[2.886s] -- Up-to-date: /home/abhi169/autobot_ws/install/turtlebot3_msgs/share/turtlebot3_msgs/cmake/turtlebot3_msgs__rosidl_typesupport_introspection_cExport.cmake
[2.886s] -- Up-to-date: /home/abhi169/autobot_ws/install/turtlebot3_msgs/share/turtlebot3_msgs/cmake/turtlebot3_msgs__rosidl_typesupport_introspection_cExport-noconfig.cmake
[2.887s] -- Up-to-date: /home/abhi169/autobot_ws/install/turtlebot3_msgs/share/turtlebot3_msgs/cmake/turtlebot3_msgs__rosidl_typesupport_cExport.cmake
[2.887s] -- Up-to-date: /home/abhi169/autobot_ws/install/turtlebot3_msgs/share/turtlebot3_msgs/cmake/turtlebot3_msgs__rosidl_typesupport_cExport-noconfig.cmake
[2.887s] -- Up-to-date: /home/abhi169/autobot_ws/install/turtlebot3_msgs/share/turtlebot3_msgs/cmake/turtlebot3_msgs__rosidl_typesupport_introspection_cppExport.cmake
[2.887s] -- Up-to-date: /home/abhi169/autobot_ws/install/turtlebot3_msgs/share/turtlebot3_msgs/cmake/turtlebot3_msgs__rosidl_typesupport_introspection_cppExport-noconfig.cmake
[2.887s] -- Up-to-date: /home/abhi169/autobot_ws/install/turtlebot3_msgs/share/turtlebot3_msgs/cmake/turtlebot3_msgs__rosidl_typesupport_cppExport.cmake
[2.887s] -- Up-to-date: /home/abhi169/autobot_ws/install/turtlebot3_msgs/share/turtlebot3_msgs/cmake/turtlebot3_msgs__rosidl_typesupport_cppExport-noconfig.cmake
[2.887s] -- Up-to-date: /home/abhi169/autobot_ws/install/turtlebot3_msgs/share/turtlebot3_msgs/cmake/export_turtlebot3_msgs__rosidl_generator_pyExport.cmake
[2.887s] -- Up-to-date: /home/abhi169/autobot_ws/install/turtlebot3_msgs/share/turtlebot3_msgs/cmake/export_turtlebot3_msgs__rosidl_generator_pyExport-noconfig.cmake
[2.890s] Invoked command in '/home/abhi169/autobot_ws/build/turtlebot3_msgs' returned '0': CMAKE_PREFIX_PATH=${CMAKE_PREFIX_PATH}:/opt/ros/jazzy DEBUGINFOD_URLS=https://debuginfod.ubuntu.com /usr/bin/cmake --install /home/abhi169/autobot_ws/build/turtlebot3_msgs
